ARM GAS  C:\Users\Lenovo\AppData\Local\Temp\ccmykmtw.s 			page 1


   1              		.syntax unified
   2              		.cpu cortex-m0
   3              		.fpu softvfp
   4              		.eabi_attribute 20, 1
   5              		.eabi_attribute 21, 1
   6              		.eabi_attribute 23, 3
   7              		.eabi_attribute 24, 1
   8              		.eabi_attribute 25, 1
   9              		.eabi_attribute 26, 1
  10              		.eabi_attribute 30, 1
  11              		.eabi_attribute 34, 0
  12              		.eabi_attribute 18, 4
  13              		.thumb
  14              		.syntax unified
  15              		.file	"cyfitter_cfg.c"
  16              		.text
  17              	.Ltext0:
  18              		.cfi_sections	.debug_frame
  19              		.section	.text.cfg_write_bytes32,"ax",%progbits
  20              		.align	2
  21              		.code	16
  22              		.thumb_func
  23              		.type	cfg_write_bytes32, %function
  24              	cfg_write_bytes32:
  25              	.LFB3:
  26              		.file 1 "Generated_Source\\PSoC4\\cyfitter_cfg.c"
   1:Generated_Source\PSoC4/cyfitter_cfg.c **** 
   2:Generated_Source\PSoC4/cyfitter_cfg.c **** /*******************************************************************************
   3:Generated_Source\PSoC4/cyfitter_cfg.c **** * File Name: cyfitter_cfg.c
   4:Generated_Source\PSoC4/cyfitter_cfg.c **** * 
   5:Generated_Source\PSoC4/cyfitter_cfg.c **** * PSoC Creator  4.4
   6:Generated_Source\PSoC4/cyfitter_cfg.c **** *
   7:Generated_Source\PSoC4/cyfitter_cfg.c **** * Description:
   8:Generated_Source\PSoC4/cyfitter_cfg.c **** * This file contains device initialization code.
   9:Generated_Source\PSoC4/cyfitter_cfg.c **** * Except for the user defined sections in CyClockStartupError(), this file should not be modified.
  10:Generated_Source\PSoC4/cyfitter_cfg.c **** * This file is automatically generated by PSoC Creator.
  11:Generated_Source\PSoC4/cyfitter_cfg.c **** *
  12:Generated_Source\PSoC4/cyfitter_cfg.c **** ********************************************************************************
  13:Generated_Source\PSoC4/cyfitter_cfg.c **** * Copyright (c) 2007-2020 Cypress Semiconductor.  All rights reserved.
  14:Generated_Source\PSoC4/cyfitter_cfg.c **** * You may use this file only in accordance with the license, terms, conditions, 
  15:Generated_Source\PSoC4/cyfitter_cfg.c **** * disclaimers, and limitations in the end user license agreement accompanying 
  16:Generated_Source\PSoC4/cyfitter_cfg.c **** * the software package with which this file was provided.
  17:Generated_Source\PSoC4/cyfitter_cfg.c **** ********************************************************************************/
  18:Generated_Source\PSoC4/cyfitter_cfg.c **** 
  19:Generated_Source\PSoC4/cyfitter_cfg.c **** #include <string.h>
  20:Generated_Source\PSoC4/cyfitter_cfg.c **** #include "cytypes.h"
  21:Generated_Source\PSoC4/cyfitter_cfg.c **** #include "cydevice_trm.h"
  22:Generated_Source\PSoC4/cyfitter_cfg.c **** #include "cyfitter.h"
  23:Generated_Source\PSoC4/cyfitter_cfg.c **** #include "CyLib.h"
  24:Generated_Source\PSoC4/cyfitter_cfg.c **** #include "CyLFClk.h"
  25:Generated_Source\PSoC4/cyfitter_cfg.c **** #include "cyfitter_cfg.h"
  26:Generated_Source\PSoC4/cyfitter_cfg.c **** #include "cyapicallbacks.h"
  27:Generated_Source\PSoC4/cyfitter_cfg.c **** 
  28:Generated_Source\PSoC4/cyfitter_cfg.c **** 
  29:Generated_Source\PSoC4/cyfitter_cfg.c **** #if defined(__GNUC__) || defined(__ARMCC_VERSION)
  30:Generated_Source\PSoC4/cyfitter_cfg.c ****     #define CYPACKED 
  31:Generated_Source\PSoC4/cyfitter_cfg.c ****     #define CYPACKED_ATTR __attribute__ ((packed))
ARM GAS  C:\Users\Lenovo\AppData\Local\Temp\ccmykmtw.s 			page 2


  32:Generated_Source\PSoC4/cyfitter_cfg.c ****     #define CYALIGNED __attribute__ ((aligned))
  33:Generated_Source\PSoC4/cyfitter_cfg.c ****     #define CY_CFG_UNUSED __attribute__ ((unused))
  34:Generated_Source\PSoC4/cyfitter_cfg.c ****     #ifndef CY_CFG_SECTION
  35:Generated_Source\PSoC4/cyfitter_cfg.c ****         #define CY_CFG_SECTION __attribute__ ((section(".psocinit")))
  36:Generated_Source\PSoC4/cyfitter_cfg.c ****     #endif
  37:Generated_Source\PSoC4/cyfitter_cfg.c ****     
  38:Generated_Source\PSoC4/cyfitter_cfg.c ****     #if defined(__ARMCC_VERSION)
  39:Generated_Source\PSoC4/cyfitter_cfg.c ****         #define CY_CFG_MEMORY_BARRIER() __memory_changed()
  40:Generated_Source\PSoC4/cyfitter_cfg.c ****     #else
  41:Generated_Source\PSoC4/cyfitter_cfg.c ****         #define CY_CFG_MEMORY_BARRIER() __sync_synchronize()
  42:Generated_Source\PSoC4/cyfitter_cfg.c ****     #endif
  43:Generated_Source\PSoC4/cyfitter_cfg.c ****     
  44:Generated_Source\PSoC4/cyfitter_cfg.c **** #elif defined(__ICCARM__)
  45:Generated_Source\PSoC4/cyfitter_cfg.c ****     #include <intrinsics.h>
  46:Generated_Source\PSoC4/cyfitter_cfg.c **** 
  47:Generated_Source\PSoC4/cyfitter_cfg.c ****     #define CYPACKED __packed
  48:Generated_Source\PSoC4/cyfitter_cfg.c ****     #define CYPACKED_ATTR 
  49:Generated_Source\PSoC4/cyfitter_cfg.c ****     #define CYALIGNED _Pragma("data_alignment=4")
  50:Generated_Source\PSoC4/cyfitter_cfg.c ****     #define CY_CFG_UNUSED _Pragma("diag_suppress=Pe177")
  51:Generated_Source\PSoC4/cyfitter_cfg.c ****     #define CY_CFG_SECTION _Pragma("location=\".psocinit\"")
  52:Generated_Source\PSoC4/cyfitter_cfg.c ****     
  53:Generated_Source\PSoC4/cyfitter_cfg.c ****     #define CY_CFG_MEMORY_BARRIER() __DMB()
  54:Generated_Source\PSoC4/cyfitter_cfg.c ****     
  55:Generated_Source\PSoC4/cyfitter_cfg.c **** #else
  56:Generated_Source\PSoC4/cyfitter_cfg.c ****     #error Unsupported toolchain
  57:Generated_Source\PSoC4/cyfitter_cfg.c **** #endif
  58:Generated_Source\PSoC4/cyfitter_cfg.c **** 
  59:Generated_Source\PSoC4/cyfitter_cfg.c **** #ifndef CYCODE
  60:Generated_Source\PSoC4/cyfitter_cfg.c ****     #define CYCODE
  61:Generated_Source\PSoC4/cyfitter_cfg.c **** #endif
  62:Generated_Source\PSoC4/cyfitter_cfg.c **** #ifndef CYDATA
  63:Generated_Source\PSoC4/cyfitter_cfg.c ****     #define CYDATA
  64:Generated_Source\PSoC4/cyfitter_cfg.c **** #endif
  65:Generated_Source\PSoC4/cyfitter_cfg.c **** #ifndef CYFAR
  66:Generated_Source\PSoC4/cyfitter_cfg.c ****     #define CYFAR
  67:Generated_Source\PSoC4/cyfitter_cfg.c **** #endif
  68:Generated_Source\PSoC4/cyfitter_cfg.c **** #ifndef CYXDATA
  69:Generated_Source\PSoC4/cyfitter_cfg.c ****     #define CYXDATA
  70:Generated_Source\PSoC4/cyfitter_cfg.c **** #endif
  71:Generated_Source\PSoC4/cyfitter_cfg.c **** 
  72:Generated_Source\PSoC4/cyfitter_cfg.c **** 
  73:Generated_Source\PSoC4/cyfitter_cfg.c **** CY_CFG_UNUSED
  74:Generated_Source\PSoC4/cyfitter_cfg.c **** static void CYMEMZERO(void *s, size_t n);
  75:Generated_Source\PSoC4/cyfitter_cfg.c **** CY_CFG_UNUSED
  76:Generated_Source\PSoC4/cyfitter_cfg.c **** static void CYMEMZERO(void *s, size_t n)
  77:Generated_Source\PSoC4/cyfitter_cfg.c **** {
  78:Generated_Source\PSoC4/cyfitter_cfg.c **** 	(void)memset(s, 0, n);
  79:Generated_Source\PSoC4/cyfitter_cfg.c **** }
  80:Generated_Source\PSoC4/cyfitter_cfg.c **** CY_CFG_UNUSED
  81:Generated_Source\PSoC4/cyfitter_cfg.c **** static void CYCONFIGCPY(void *dest, const void *src, size_t n);
  82:Generated_Source\PSoC4/cyfitter_cfg.c **** CY_CFG_UNUSED
  83:Generated_Source\PSoC4/cyfitter_cfg.c **** static void CYCONFIGCPY(void *dest, const void *src, size_t n)
  84:Generated_Source\PSoC4/cyfitter_cfg.c **** {
  85:Generated_Source\PSoC4/cyfitter_cfg.c **** 	(void)memcpy(dest, src, n);
  86:Generated_Source\PSoC4/cyfitter_cfg.c **** }
  87:Generated_Source\PSoC4/cyfitter_cfg.c **** CY_CFG_UNUSED
  88:Generated_Source\PSoC4/cyfitter_cfg.c **** static void CYCONFIGCPYCODE(void *dest, const void *src, size_t n);
ARM GAS  C:\Users\Lenovo\AppData\Local\Temp\ccmykmtw.s 			page 3


  89:Generated_Source\PSoC4/cyfitter_cfg.c **** CY_CFG_UNUSED
  90:Generated_Source\PSoC4/cyfitter_cfg.c **** static void CYCONFIGCPYCODE(void *dest, const void *src, size_t n)
  91:Generated_Source\PSoC4/cyfitter_cfg.c **** {
  92:Generated_Source\PSoC4/cyfitter_cfg.c **** 	(void)memcpy(dest, src, n);
  93:Generated_Source\PSoC4/cyfitter_cfg.c **** }
  94:Generated_Source\PSoC4/cyfitter_cfg.c **** 
  95:Generated_Source\PSoC4/cyfitter_cfg.c **** 
  96:Generated_Source\PSoC4/cyfitter_cfg.c **** 
  97:Generated_Source\PSoC4/cyfitter_cfg.c **** 
  98:Generated_Source\PSoC4/cyfitter_cfg.c **** /* Clock startup error codes                                                   */
  99:Generated_Source\PSoC4/cyfitter_cfg.c **** #define CYCLOCKSTART_NO_ERROR    0u
 100:Generated_Source\PSoC4/cyfitter_cfg.c **** #define CYCLOCKSTART_XTAL_ERROR  1u
 101:Generated_Source\PSoC4/cyfitter_cfg.c **** #define CYCLOCKSTART_32KHZ_ERROR 2u
 102:Generated_Source\PSoC4/cyfitter_cfg.c **** #define CYCLOCKSTART_PLL_ERROR   3u
 103:Generated_Source\PSoC4/cyfitter_cfg.c **** #define CYCLOCKSTART_FLL_ERROR   4u
 104:Generated_Source\PSoC4/cyfitter_cfg.c **** #define CYCLOCKSTART_WCO_ERROR   5u
 105:Generated_Source\PSoC4/cyfitter_cfg.c **** 
 106:Generated_Source\PSoC4/cyfitter_cfg.c **** 
 107:Generated_Source\PSoC4/cyfitter_cfg.c **** #ifdef CY_NEED_CYCLOCKSTARTUPERROR
 108:Generated_Source\PSoC4/cyfitter_cfg.c **** /*******************************************************************************
 109:Generated_Source\PSoC4/cyfitter_cfg.c **** * Function Name: CyClockStartupError
 110:Generated_Source\PSoC4/cyfitter_cfg.c **** ********************************************************************************
 111:Generated_Source\PSoC4/cyfitter_cfg.c **** * Summary:
 112:Generated_Source\PSoC4/cyfitter_cfg.c **** *  If an error is encountered during clock configuration (crystal startup error,
 113:Generated_Source\PSoC4/cyfitter_cfg.c **** *  PLL lock error, etc.), the system will end up here.  Unless reimplemented by
 114:Generated_Source\PSoC4/cyfitter_cfg.c **** *  the customer, this function will stop in an infinite loop.
 115:Generated_Source\PSoC4/cyfitter_cfg.c **** *
 116:Generated_Source\PSoC4/cyfitter_cfg.c **** * Parameters:
 117:Generated_Source\PSoC4/cyfitter_cfg.c **** *   void
 118:Generated_Source\PSoC4/cyfitter_cfg.c **** *
 119:Generated_Source\PSoC4/cyfitter_cfg.c **** * Return:
 120:Generated_Source\PSoC4/cyfitter_cfg.c **** *   void
 121:Generated_Source\PSoC4/cyfitter_cfg.c **** *
 122:Generated_Source\PSoC4/cyfitter_cfg.c **** *******************************************************************************/
 123:Generated_Source\PSoC4/cyfitter_cfg.c **** CY_CFG_UNUSED
 124:Generated_Source\PSoC4/cyfitter_cfg.c **** static void CyClockStartupError(uint8 errorCode);
 125:Generated_Source\PSoC4/cyfitter_cfg.c **** CY_CFG_UNUSED
 126:Generated_Source\PSoC4/cyfitter_cfg.c **** static void CyClockStartupError(uint8 errorCode)
 127:Generated_Source\PSoC4/cyfitter_cfg.c **** {
 128:Generated_Source\PSoC4/cyfitter_cfg.c ****     /* To remove the compiler warning if errorCode not used.                */
 129:Generated_Source\PSoC4/cyfitter_cfg.c ****     errorCode = errorCode;
 130:Generated_Source\PSoC4/cyfitter_cfg.c **** 
 131:Generated_Source\PSoC4/cyfitter_cfg.c ****     /* If we have a clock startup error (bad MHz crystal, PLL lock, etc.),  */
 132:Generated_Source\PSoC4/cyfitter_cfg.c ****     /* we will end up here to allow the customer to implement something to  */
 133:Generated_Source\PSoC4/cyfitter_cfg.c ****     /* deal with the clock condition.                                       */
 134:Generated_Source\PSoC4/cyfitter_cfg.c **** 
 135:Generated_Source\PSoC4/cyfitter_cfg.c **** #ifdef CY_CFG_CLOCK_STARTUP_ERROR_CALLBACK
 136:Generated_Source\PSoC4/cyfitter_cfg.c ****     CY_CFG_Clock_Startup_ErrorCallback();
 137:Generated_Source\PSoC4/cyfitter_cfg.c **** #else
 138:Generated_Source\PSoC4/cyfitter_cfg.c ****     /*  If not using CY_CFG_CLOCK_STARTUP_ERROR_CALLBACK, place your clock startup code here. */
 139:Generated_Source\PSoC4/cyfitter_cfg.c ****     /* `#START CyClockStartupError` */
 140:Generated_Source\PSoC4/cyfitter_cfg.c **** 
 141:Generated_Source\PSoC4/cyfitter_cfg.c **** 
 142:Generated_Source\PSoC4/cyfitter_cfg.c **** 
 143:Generated_Source\PSoC4/cyfitter_cfg.c ****     /* `#END` */
 144:Generated_Source\PSoC4/cyfitter_cfg.c **** 
 145:Generated_Source\PSoC4/cyfitter_cfg.c ****     while(1) {}
ARM GAS  C:\Users\Lenovo\AppData\Local\Temp\ccmykmtw.s 			page 4


 146:Generated_Source\PSoC4/cyfitter_cfg.c **** #endif /* CY_CFG_CLOCK_STARTUP_ERROR_CALLBACK */
 147:Generated_Source\PSoC4/cyfitter_cfg.c **** }
 148:Generated_Source\PSoC4/cyfitter_cfg.c **** #endif
 149:Generated_Source\PSoC4/cyfitter_cfg.c **** 
 150:Generated_Source\PSoC4/cyfitter_cfg.c **** #define CY_CFG_BASE_ADDR_COUNT 4u
 151:Generated_Source\PSoC4/cyfitter_cfg.c **** CYPACKED typedef struct
 152:Generated_Source\PSoC4/cyfitter_cfg.c **** {
 153:Generated_Source\PSoC4/cyfitter_cfg.c **** 	uint8 offset;
 154:Generated_Source\PSoC4/cyfitter_cfg.c **** 	uint8 value;
 155:Generated_Source\PSoC4/cyfitter_cfg.c **** } CYPACKED_ATTR cy_cfg_addrvalue_t;
 156:Generated_Source\PSoC4/cyfitter_cfg.c **** 
 157:Generated_Source\PSoC4/cyfitter_cfg.c **** 
 158:Generated_Source\PSoC4/cyfitter_cfg.c **** 
 159:Generated_Source\PSoC4/cyfitter_cfg.c **** /*******************************************************************************
 160:Generated_Source\PSoC4/cyfitter_cfg.c **** * Function Name: cfg_write_bytes32
 161:Generated_Source\PSoC4/cyfitter_cfg.c **** ********************************************************************************
 162:Generated_Source\PSoC4/cyfitter_cfg.c **** * Summary:
 163:Generated_Source\PSoC4/cyfitter_cfg.c **** *  This function is used for setting up the chip configuration areas that
 164:Generated_Source\PSoC4/cyfitter_cfg.c **** *  contain relatively sparse data.
 165:Generated_Source\PSoC4/cyfitter_cfg.c **** *
 166:Generated_Source\PSoC4/cyfitter_cfg.c **** * Parameters:
 167:Generated_Source\PSoC4/cyfitter_cfg.c **** *   void
 168:Generated_Source\PSoC4/cyfitter_cfg.c **** *
 169:Generated_Source\PSoC4/cyfitter_cfg.c **** * Return:
 170:Generated_Source\PSoC4/cyfitter_cfg.c **** *   void
 171:Generated_Source\PSoC4/cyfitter_cfg.c **** *
 172:Generated_Source\PSoC4/cyfitter_cfg.c **** *******************************************************************************/
 173:Generated_Source\PSoC4/cyfitter_cfg.c **** static void cfg_write_bytes32(const uint32 addr_table[], const cy_cfg_addrvalue_t data_table[]);
 174:Generated_Source\PSoC4/cyfitter_cfg.c **** static void cfg_write_bytes32(const uint32 addr_table[], const cy_cfg_addrvalue_t data_table[])
 175:Generated_Source\PSoC4/cyfitter_cfg.c **** {
  27              		.loc 1 175 0
  28              		.cfi_startproc
  29              		@ args = 0, pretend = 0, frame = 0
  30              		@ frame_needed = 0, uses_anonymous_args = 0
  31              	.LVL0:
  32 0000 F0B5     		push	{r4, r5, r6, r7, lr}
  33              		.cfi_def_cfa_offset 20
  34              		.cfi_offset 4, -20
  35              		.cfi_offset 5, -16
  36              		.cfi_offset 6, -12
  37              		.cfi_offset 7, -8
  38              		.cfi_offset 14, -4
  39              	.LVL1:
 176:Generated_Source\PSoC4/cyfitter_cfg.c **** 	/* For 32-bit little-endian architectures */
 177:Generated_Source\PSoC4/cyfitter_cfg.c **** 	uint32 i, j = 0u;
  40              		.loc 1 177 0
  41 0002 0025     		movs	r5, #0
 178:Generated_Source\PSoC4/cyfitter_cfg.c **** 	for (i = 0u; i < CY_CFG_BASE_ADDR_COUNT; i++)
  42              		.loc 1 178 0
  43 0004 0027     		movs	r7, #0
  44 0006 11E0     		b	.L2
  45              	.LVL2:
  46              	.L5:
  47              	.LBB2:
 179:Generated_Source\PSoC4/cyfitter_cfg.c **** 	{
 180:Generated_Source\PSoC4/cyfitter_cfg.c **** 		uint32 baseAddr = addr_table[i];
  48              		.loc 1 180 0
ARM GAS  C:\Users\Lenovo\AppData\Local\Temp\ccmykmtw.s 			page 5


  49 0008 BB00     		lsls	r3, r7, #2
  50 000a C658     		ldr	r6, [r0, r3]
  51              	.LVL3:
 181:Generated_Source\PSoC4/cyfitter_cfg.c **** 		uint8 count = (uint8)baseAddr;
  52              		.loc 1 181 0
  53 000c F3B2     		uxtb	r3, r6
  54              	.LVL4:
 182:Generated_Source\PSoC4/cyfitter_cfg.c **** 		baseAddr &= 0xFFFFFF00u;
  55              		.loc 1 182 0
  56 000e FF22     		movs	r2, #255
  57 0010 9643     		bics	r6, r2
  58              	.LVL5:
 183:Generated_Source\PSoC4/cyfitter_cfg.c **** 		while (count != 0u)
  59              		.loc 1 183 0
  60 0012 08E0     		b	.L3
  61              	.L4:
 184:Generated_Source\PSoC4/cyfitter_cfg.c **** 		{
 185:Generated_Source\PSoC4/cyfitter_cfg.c **** 			CY_SET_REG8((void *)(baseAddr + data_table[j].offset), data_table[j].value);
  62              		.loc 1 185 0
  63 0014 6A00     		lsls	r2, r5, #1
  64 0016 8A18     		adds	r2, r1, r2
  65 0018 1478     		ldrb	r4, [r2]
  66 001a A419     		adds	r4, r4, r6
  67 001c 5278     		ldrb	r2, [r2, #1]
  68 001e 2270     		strb	r2, [r4]
 186:Generated_Source\PSoC4/cyfitter_cfg.c **** 			j++;
  69              		.loc 1 186 0
  70 0020 0135     		adds	r5, r5, #1
  71              	.LVL6:
 187:Generated_Source\PSoC4/cyfitter_cfg.c **** 			count--;
  72              		.loc 1 187 0
  73 0022 013B     		subs	r3, r3, #1
  74              	.LVL7:
  75 0024 DBB2     		uxtb	r3, r3
  76              	.LVL8:
  77              	.L3:
 183:Generated_Source\PSoC4/cyfitter_cfg.c **** 		{
  78              		.loc 1 183 0
  79 0026 002B     		cmp	r3, #0
  80 0028 F4D1     		bne	.L4
  81              	.LBE2:
 178:Generated_Source\PSoC4/cyfitter_cfg.c **** 	{
  82              		.loc 1 178 0 discriminator 2
  83 002a 0137     		adds	r7, r7, #1
  84              	.LVL9:
  85              	.L2:
 178:Generated_Source\PSoC4/cyfitter_cfg.c **** 	{
  86              		.loc 1 178 0 is_stmt 0 discriminator 1
  87 002c 032F     		cmp	r7, #3
  88 002e EBD9     		bls	.L5
 188:Generated_Source\PSoC4/cyfitter_cfg.c **** 		}
 189:Generated_Source\PSoC4/cyfitter_cfg.c **** 	}
 190:Generated_Source\PSoC4/cyfitter_cfg.c **** }
  89              		.loc 1 190 0 is_stmt 1
  90              		@ sp needed
  91              	.LVL10:
  92              	.LVL11:
ARM GAS  C:\Users\Lenovo\AppData\Local\Temp\ccmykmtw.s 			page 6


  93 0030 F0BD     		pop	{r4, r5, r6, r7, pc}
  94              		.cfi_endproc
  95              	.LFE3:
  96              		.size	cfg_write_bytes32, .-cfg_write_bytes32
  97 0032 C046     		.section	.text.CYMEMZERO,"ax",%progbits
  98              		.align	2
  99              		.code	16
 100              		.thumb_func
 101              		.type	CYMEMZERO, %function
 102              	CYMEMZERO:
 103              	.LFB0:
  77:Generated_Source\PSoC4/cyfitter_cfg.c **** 	(void)memset(s, 0, n);
 104              		.loc 1 77 0
 105              		.cfi_startproc
 106              		@ args = 0, pretend = 0, frame = 0
 107              		@ frame_needed = 0, uses_anonymous_args = 0
 108              	.LVL12:
 109 0000 10B5     		push	{r4, lr}
 110              		.cfi_def_cfa_offset 8
 111              		.cfi_offset 4, -8
 112              		.cfi_offset 14, -4
 113 0002 0A00     		movs	r2, r1
  78:Generated_Source\PSoC4/cyfitter_cfg.c **** }
 114              		.loc 1 78 0
 115 0004 0021     		movs	r1, #0
 116              	.LVL13:
 117 0006 FFF7FEFF 		bl	memset
 118              	.LVL14:
  79:Generated_Source\PSoC4/cyfitter_cfg.c **** CY_CFG_UNUSED
 119              		.loc 1 79 0
 120              		@ sp needed
 121 000a 10BD     		pop	{r4, pc}
 122              		.cfi_endproc
 123              	.LFE0:
 124              		.size	CYMEMZERO, .-CYMEMZERO
 125              		.section	.psocinit,"ax",%progbits
 126              		.align	2
 127              		.code	16
 128              		.thumb_func
 129              		.type	ClockSetup, %function
 130              	ClockSetup:
 131              	.LFB4:
 191:Generated_Source\PSoC4/cyfitter_cfg.c **** 
 192:Generated_Source\PSoC4/cyfitter_cfg.c **** 
 193:Generated_Source\PSoC4/cyfitter_cfg.c **** /*******************************************************************************
 194:Generated_Source\PSoC4/cyfitter_cfg.c **** * Function Name: ClockSetup
 195:Generated_Source\PSoC4/cyfitter_cfg.c **** ********************************************************************************
 196:Generated_Source\PSoC4/cyfitter_cfg.c **** *
 197:Generated_Source\PSoC4/cyfitter_cfg.c **** * Summary:
 198:Generated_Source\PSoC4/cyfitter_cfg.c **** *   Performs the initialization of all of the clocks in the device based on the
 199:Generated_Source\PSoC4/cyfitter_cfg.c **** *   settings in the Clock tab of the DWR.  This includes enabling the requested
 200:Generated_Source\PSoC4/cyfitter_cfg.c **** *   clocks and setting the necessary dividers to produce the desired frequency. 
 201:Generated_Source\PSoC4/cyfitter_cfg.c **** *
 202:Generated_Source\PSoC4/cyfitter_cfg.c **** * Parameters:
 203:Generated_Source\PSoC4/cyfitter_cfg.c **** *   void
 204:Generated_Source\PSoC4/cyfitter_cfg.c **** *
 205:Generated_Source\PSoC4/cyfitter_cfg.c **** * Return:
ARM GAS  C:\Users\Lenovo\AppData\Local\Temp\ccmykmtw.s 			page 7


 206:Generated_Source\PSoC4/cyfitter_cfg.c **** *   void
 207:Generated_Source\PSoC4/cyfitter_cfg.c **** *
 208:Generated_Source\PSoC4/cyfitter_cfg.c **** *******************************************************************************/
 209:Generated_Source\PSoC4/cyfitter_cfg.c **** static void ClockSetup(void);
 210:Generated_Source\PSoC4/cyfitter_cfg.c **** CY_CFG_SECTION
 211:Generated_Source\PSoC4/cyfitter_cfg.c **** static void ClockSetup(void)
 212:Generated_Source\PSoC4/cyfitter_cfg.c **** {
 132              		.loc 1 212 0
 133              		.cfi_startproc
 134              		@ args = 0, pretend = 0, frame = 0
 135              		@ frame_needed = 0, uses_anonymous_args = 0
 136 0000 70B5     		push	{r4, r5, r6, lr}
 137              		.cfi_def_cfa_offset 16
 138              		.cfi_offset 4, -16
 139              		.cfi_offset 5, -12
 140              		.cfi_offset 6, -8
 141              		.cfi_offset 14, -4
 213:Generated_Source\PSoC4/cyfitter_cfg.c **** 	/* Enable HALF_EN before trimming for the flash accelerator. */
 214:Generated_Source\PSoC4/cyfitter_cfg.c **** 	CY_SET_REG32((void CYXDATA *)(CYREG_CLK_SELECT), (CY_GET_REG32((void *)CYREG_CLK_SELECT) | 0x00040
 142              		.loc 1 214 0
 143 0002 164C     		ldr	r4, .L8
 144 0004 2368     		ldr	r3, [r4]
 145 0006 8022     		movs	r2, #128
 146 0008 D202     		lsls	r2, r2, #11
 147 000a 1343     		orrs	r3, r2
 148 000c 2360     		str	r3, [r4]
 215:Generated_Source\PSoC4/cyfitter_cfg.c **** 
 216:Generated_Source\PSoC4/cyfitter_cfg.c **** 	/* Setup and trim IMO based on desired frequency. */
 217:Generated_Source\PSoC4/cyfitter_cfg.c **** 	CySysClkWriteImoFreq(24u);
 149              		.loc 1 217 0
 150 000e 1820     		movs	r0, #24
 151 0010 FFF7FEFF 		bl	CySysClkWriteImoFreq
 152              	.LVL15:
 218:Generated_Source\PSoC4/cyfitter_cfg.c **** 
 219:Generated_Source\PSoC4/cyfitter_cfg.c **** 	/* Disable HALF_EN since it is not required at this IMO frequency. */
 220:Generated_Source\PSoC4/cyfitter_cfg.c **** 	CY_SET_REG32((void CYXDATA *)(CYREG_CLK_SELECT), (CY_GET_REG32((void *)CYREG_CLK_SELECT) & 0xFFFBF
 153              		.loc 1 220 0
 154 0014 2268     		ldr	r2, [r4]
 155 0016 124B     		ldr	r3, .L8+4
 156 0018 1340     		ands	r3, r2
 157 001a 2360     		str	r3, [r4]
 221:Generated_Source\PSoC4/cyfitter_cfg.c **** 	/* CYDEV_CLK_ILO_CONFIG Starting address: CYDEV_CLK_ILO_CONFIG */
 222:Generated_Source\PSoC4/cyfitter_cfg.c **** 	CY_SET_REG32((void *)(CYREG_CLK_ILO_CONFIG), 0x80000006u);
 158              		.loc 1 222 0
 159 001c 114A     		ldr	r2, .L8+8
 160 001e 124B     		ldr	r3, .L8+12
 161 0020 1A60     		str	r2, [r3]
 223:Generated_Source\PSoC4/cyfitter_cfg.c **** 
 224:Generated_Source\PSoC4/cyfitter_cfg.c **** 
 225:Generated_Source\PSoC4/cyfitter_cfg.c **** 	/* CYDEV_CLK_SELECT00 Starting address: CYDEV_CLK_SELECT00 */
 226:Generated_Source\PSoC4/cyfitter_cfg.c **** 	CY_SET_REG32((void *)(CYREG_CLK_SELECT03), 0x00000010u);
 162              		.loc 1 226 0
 163 0022 1022     		movs	r2, #16
 164 0024 114B     		ldr	r3, .L8+16
 165 0026 1A60     		str	r2, [r3]
 227:Generated_Source\PSoC4/cyfitter_cfg.c **** 	CY_SET_REG32((void *)(CYREG_CLK_SELECT08), 0x00000020u);
 166              		.loc 1 227 0
ARM GAS  C:\Users\Lenovo\AppData\Local\Temp\ccmykmtw.s 			page 8


 167 0028 1032     		adds	r2, r2, #16
 168 002a 114B     		ldr	r3, .L8+20
 169 002c 1A60     		str	r2, [r3]
 228:Generated_Source\PSoC4/cyfitter_cfg.c **** 
 229:Generated_Source\PSoC4/cyfitter_cfg.c **** 	/* CYDEV_CLK_IMO_CONFIG Starting address: CYDEV_CLK_IMO_CONFIG */
 230:Generated_Source\PSoC4/cyfitter_cfg.c **** 	CY_SET_REG32((void *)(CYREG_CLK_IMO_CONFIG), 0x80000000u);
 170              		.loc 1 230 0
 171 002e 8022     		movs	r2, #128
 172 0030 1206     		lsls	r2, r2, #24
 173 0032 104B     		ldr	r3, .L8+24
 174 0034 1A60     		str	r2, [r3]
 231:Generated_Source\PSoC4/cyfitter_cfg.c **** 
 232:Generated_Source\PSoC4/cyfitter_cfg.c **** 	/* CYDEV_CLK_SELECT Starting address: CYDEV_CLK_SELECT */
 233:Generated_Source\PSoC4/cyfitter_cfg.c **** 	CY_SET_REG32((void *)(CYREG_CLK_SELECT), 0x00000000u);
 175              		.loc 1 233 0
 176 0036 0025     		movs	r5, #0
 177 0038 2560     		str	r5, [r4]
 234:Generated_Source\PSoC4/cyfitter_cfg.c **** 
 235:Generated_Source\PSoC4/cyfitter_cfg.c **** 	/* CYDEV_CLK_DIVIDER_A00 Starting address: CYDEV_CLK_DIVIDER_A00 */
 236:Generated_Source\PSoC4/cyfitter_cfg.c **** 	CY_SET_REG32((void *)(CYREG_CLK_DIVIDER_A00), 0x800000CFu);
 178              		.loc 1 236 0
 179 003a 0F4A     		ldr	r2, .L8+28
 180 003c 0F4B     		ldr	r3, .L8+32
 181 003e 1A60     		str	r2, [r3]
 237:Generated_Source\PSoC4/cyfitter_cfg.c **** 
 238:Generated_Source\PSoC4/cyfitter_cfg.c **** 	/* CYDEV_CLK_DIVIDER_B00 Starting address: CYDEV_CLK_DIVIDER_B00 */
 239:Generated_Source\PSoC4/cyfitter_cfg.c **** 	CY_SET_REG32((void *)(CYREG_CLK_DIVIDER_B00), 0x80005DBFu);
 182              		.loc 1 239 0
 183 0040 0F4A     		ldr	r2, .L8+36
 184 0042 104B     		ldr	r3, .L8+40
 185 0044 1A60     		str	r2, [r3]
 240:Generated_Source\PSoC4/cyfitter_cfg.c **** 
 241:Generated_Source\PSoC4/cyfitter_cfg.c **** 	(void)CyIntSetVector(9u, &CySysWdtIsr);
 186              		.loc 1 241 0
 187 0046 1049     		ldr	r1, .L8+44
 188 0048 0920     		movs	r0, #9
 189 004a FFF7FEFF 		bl	CyIntSetVector
 190              	.LVL16:
 242:Generated_Source\PSoC4/cyfitter_cfg.c **** 	CyIntEnable(9u);
 191              		.loc 1 242 0
 192 004e 0920     		movs	r0, #9
 193 0050 FFF7FEFF 		bl	CyIntEnable
 194              	.LVL17:
 243:Generated_Source\PSoC4/cyfitter_cfg.c **** 	CY_SET_REG32((void *)(CYREG_WDT_CONFIG), 0x00000000u);
 195              		.loc 1 243 0
 196 0054 0D4B     		ldr	r3, .L8+48
 197 0056 1D60     		str	r5, [r3]
 244:Generated_Source\PSoC4/cyfitter_cfg.c **** }
 198              		.loc 1 244 0
 199              		@ sp needed
 200 0058 70BD     		pop	{r4, r5, r6, pc}
 201              	.L9:
 202 005a C046     		.align	2
 203              	.L8:
 204 005c 00010B40 		.word	1074462976
 205 0060 FFFFFBFF 		.word	-262145
 206 0064 06000080 		.word	-2147483642
ARM GAS  C:\Users\Lenovo\AppData\Local\Temp\ccmykmtw.s 			page 9


 207 0068 04010B40 		.word	1074462980
 208 006c 0C020240 		.word	1073873420
 209 0070 20020240 		.word	1073873440
 210 0074 08010B40 		.word	1074462984
 211 0078 CF000080 		.word	-2147483441
 212 007c 00000240 		.word	1073872896
 213 0080 BF5D0080 		.word	-2147459649
 214 0084 40000240 		.word	1073872960
 215 0088 00000000 		.word	CySysWdtIsr
 216 008c 0C020B40 		.word	1074463244
 217              		.cfi_endproc
 218              	.LFE4:
 219              		.size	ClockSetup, .-ClockSetup
 220              		.align	2
 221              		.global	cyfitter_cfg
 222              		.code	16
 223              		.thumb_func
 224              		.type	cyfitter_cfg, %function
 225              	cyfitter_cfg:
 226              	.LFB6:
 245:Generated_Source\PSoC4/cyfitter_cfg.c **** 
 246:Generated_Source\PSoC4/cyfitter_cfg.c **** 
 247:Generated_Source\PSoC4/cyfitter_cfg.c **** /* Analog API Functions */
 248:Generated_Source\PSoC4/cyfitter_cfg.c **** 
 249:Generated_Source\PSoC4/cyfitter_cfg.c **** 
 250:Generated_Source\PSoC4/cyfitter_cfg.c **** /*******************************************************************************
 251:Generated_Source\PSoC4/cyfitter_cfg.c **** * Function Name: AnalogSetDefault
 252:Generated_Source\PSoC4/cyfitter_cfg.c **** ********************************************************************************
 253:Generated_Source\PSoC4/cyfitter_cfg.c **** *
 254:Generated_Source\PSoC4/cyfitter_cfg.c **** * Summary:
 255:Generated_Source\PSoC4/cyfitter_cfg.c **** *  Sets up the analog portions of the chip to default values based on chip
 256:Generated_Source\PSoC4/cyfitter_cfg.c **** *  configuration options from the project.
 257:Generated_Source\PSoC4/cyfitter_cfg.c **** *
 258:Generated_Source\PSoC4/cyfitter_cfg.c **** * Parameters:
 259:Generated_Source\PSoC4/cyfitter_cfg.c **** *  void
 260:Generated_Source\PSoC4/cyfitter_cfg.c **** *
 261:Generated_Source\PSoC4/cyfitter_cfg.c **** * Return:
 262:Generated_Source\PSoC4/cyfitter_cfg.c **** *  void
 263:Generated_Source\PSoC4/cyfitter_cfg.c **** *
 264:Generated_Source\PSoC4/cyfitter_cfg.c **** *******************************************************************************/
 265:Generated_Source\PSoC4/cyfitter_cfg.c **** static void AnalogSetDefault(void);
 266:Generated_Source\PSoC4/cyfitter_cfg.c **** static void AnalogSetDefault(void)
 267:Generated_Source\PSoC4/cyfitter_cfg.c **** {
 268:Generated_Source\PSoC4/cyfitter_cfg.c **** }
 269:Generated_Source\PSoC4/cyfitter_cfg.c **** 
 270:Generated_Source\PSoC4/cyfitter_cfg.c **** 
 271:Generated_Source\PSoC4/cyfitter_cfg.c **** 
 272:Generated_Source\PSoC4/cyfitter_cfg.c **** 
 273:Generated_Source\PSoC4/cyfitter_cfg.c **** /*******************************************************************************
 274:Generated_Source\PSoC4/cyfitter_cfg.c **** * Function Name: cyfitter_cfg
 275:Generated_Source\PSoC4/cyfitter_cfg.c **** ********************************************************************************
 276:Generated_Source\PSoC4/cyfitter_cfg.c **** * Summary:
 277:Generated_Source\PSoC4/cyfitter_cfg.c **** *  This function is called by the start-up code for the selected device. It
 278:Generated_Source\PSoC4/cyfitter_cfg.c **** *  performs all of the necessary device configuration based on the design
 279:Generated_Source\PSoC4/cyfitter_cfg.c **** *  settings.  This includes settings from the Design Wide Resources (DWR) such
 280:Generated_Source\PSoC4/cyfitter_cfg.c **** *  as Clocks and Pins as well as any component configuration that is necessary.
 281:Generated_Source\PSoC4/cyfitter_cfg.c **** *
ARM GAS  C:\Users\Lenovo\AppData\Local\Temp\ccmykmtw.s 			page 10


 282:Generated_Source\PSoC4/cyfitter_cfg.c **** * Parameters:
 283:Generated_Source\PSoC4/cyfitter_cfg.c **** *   void
 284:Generated_Source\PSoC4/cyfitter_cfg.c **** *
 285:Generated_Source\PSoC4/cyfitter_cfg.c **** * Return:
 286:Generated_Source\PSoC4/cyfitter_cfg.c **** *   void
 287:Generated_Source\PSoC4/cyfitter_cfg.c **** *
 288:Generated_Source\PSoC4/cyfitter_cfg.c **** *******************************************************************************/
 289:Generated_Source\PSoC4/cyfitter_cfg.c **** CY_CFG_SECTION
 290:Generated_Source\PSoC4/cyfitter_cfg.c **** void cyfitter_cfg(void)
 291:Generated_Source\PSoC4/cyfitter_cfg.c **** {
 227              		.loc 1 291 0
 228              		.cfi_startproc
 229              		@ args = 0, pretend = 0, frame = 0
 230              		@ frame_needed = 0, uses_anonymous_args = 0
 231 0090 10B5     		push	{r4, lr}
 232              		.cfi_def_cfa_offset 8
 233              		.cfi_offset 4, -8
 234              		.cfi_offset 14, -4
 292:Generated_Source\PSoC4/cyfitter_cfg.c **** 	/* Disable interrupts by default. Let user enable if/when they want. */
 293:Generated_Source\PSoC4/cyfitter_cfg.c **** 	CyGlobalIntDisable;
 235              		.loc 1 293 0
 236              		.syntax divided
 237              	@ 293 "Generated_Source\PSoC4\cyfitter_cfg.c" 1
 238 0092 72B6     		CPSID   i
 239              	@ 0 "" 2
 294:Generated_Source\PSoC4/cyfitter_cfg.c **** 
 295:Generated_Source\PSoC4/cyfitter_cfg.c **** 	/* Enable the clock in the interrupt controller for the routed interrupts */
 296:Generated_Source\PSoC4/cyfitter_cfg.c **** 	CY_SET_REG8((void *)CYREG_UDB_UDBIF_INT_CLK_CTL, 0x01u);
 240              		.loc 1 296 0
 241              		.thumb
 242              		.syntax unified
 243 0094 0122     		movs	r2, #1
 244 0096 264B     		ldr	r3, .L13
 245 0098 1A70     		strb	r2, [r3]
 246              	.LVL18:
 247              	.LBB3:
 297:Generated_Source\PSoC4/cyfitter_cfg.c **** 	{
 298:Generated_Source\PSoC4/cyfitter_cfg.c **** 		static const uint32 CYCODE cy_cfg_addr_table[] = {
 299:Generated_Source\PSoC4/cyfitter_cfg.c **** 			0x400F3301u, /* Base address: 0x400F3300 Count: 1 */
 300:Generated_Source\PSoC4/cyfitter_cfg.c **** 			0x400F4006u, /* Base address: 0x400F4000 Count: 6 */
 301:Generated_Source\PSoC4/cyfitter_cfg.c **** 			0x400F4102u, /* Base address: 0x400F4100 Count: 2 */
 302:Generated_Source\PSoC4/cyfitter_cfg.c **** 			0x400F4304u, /* Base address: 0x400F4300 Count: 4 */
 303:Generated_Source\PSoC4/cyfitter_cfg.c **** 		};
 304:Generated_Source\PSoC4/cyfitter_cfg.c **** 
 305:Generated_Source\PSoC4/cyfitter_cfg.c **** 		static const cy_cfg_addrvalue_t CYCODE cy_cfg_data_table[] = {
 306:Generated_Source\PSoC4/cyfitter_cfg.c **** 			{0xE2u, 0x80u},
 307:Generated_Source\PSoC4/cyfitter_cfg.c **** 			{0x11u, 0x08u},
 308:Generated_Source\PSoC4/cyfitter_cfg.c **** 			{0x53u, 0x04u},
 309:Generated_Source\PSoC4/cyfitter_cfg.c **** 			{0x6Du, 0x08u},
 310:Generated_Source\PSoC4/cyfitter_cfg.c **** 			{0xC4u, 0x10u},
 311:Generated_Source\PSoC4/cyfitter_cfg.c **** 			{0xD4u, 0x20u},
 312:Generated_Source\PSoC4/cyfitter_cfg.c **** 			{0xDAu, 0x80u},
 313:Generated_Source\PSoC4/cyfitter_cfg.c **** 			{0x8Bu, 0x04u},
 314:Generated_Source\PSoC4/cyfitter_cfg.c **** 			{0x97u, 0x08u},
 315:Generated_Source\PSoC4/cyfitter_cfg.c **** 			{0x19u, 0x08u},
 316:Generated_Source\PSoC4/cyfitter_cfg.c **** 			{0x89u, 0x08u},
 317:Generated_Source\PSoC4/cyfitter_cfg.c **** 			{0xC6u, 0x08u},
ARM GAS  C:\Users\Lenovo\AppData\Local\Temp\ccmykmtw.s 			page 11


 318:Generated_Source\PSoC4/cyfitter_cfg.c **** 			{0xE2u, 0x01u},
 319:Generated_Source\PSoC4/cyfitter_cfg.c **** 		};
 320:Generated_Source\PSoC4/cyfitter_cfg.c **** 
 321:Generated_Source\PSoC4/cyfitter_cfg.c **** 
 322:Generated_Source\PSoC4/cyfitter_cfg.c **** 
 323:Generated_Source\PSoC4/cyfitter_cfg.c **** 		CYPACKED typedef struct {
 324:Generated_Source\PSoC4/cyfitter_cfg.c **** 			void CYFAR *address;
 325:Generated_Source\PSoC4/cyfitter_cfg.c **** 			uint16 size;
 326:Generated_Source\PSoC4/cyfitter_cfg.c **** 		} CYPACKED_ATTR cfg_memset_t;
 327:Generated_Source\PSoC4/cyfitter_cfg.c **** 
 328:Generated_Source\PSoC4/cyfitter_cfg.c **** 		static const cfg_memset_t CYCODE cfg_memset_list[] = {
 329:Generated_Source\PSoC4/cyfitter_cfg.c **** 			/* address, size */
 330:Generated_Source\PSoC4/cyfitter_cfg.c **** 			{(void CYFAR *)(CYDEV_UDB_P0_U0_BASE), 1024u},
 331:Generated_Source\PSoC4/cyfitter_cfg.c **** 			{(void CYFAR *)(CYDEV_UDB_DSI0_BASE), 1024u},
 332:Generated_Source\PSoC4/cyfitter_cfg.c **** 		};
 333:Generated_Source\PSoC4/cyfitter_cfg.c **** 
 334:Generated_Source\PSoC4/cyfitter_cfg.c **** 		uint8 CYDATA i;
 335:Generated_Source\PSoC4/cyfitter_cfg.c **** 
 336:Generated_Source\PSoC4/cyfitter_cfg.c **** 		/* Zero out critical memory blocks before beginning configuration */
 337:Generated_Source\PSoC4/cyfitter_cfg.c **** 		for (i = 0u; i < (sizeof(cfg_memset_list)/sizeof(cfg_memset_list[0])); i++)
 248              		.loc 1 337 0
 249 009a 0024     		movs	r4, #0
 250 009c 0FE0     		b	.L11
 251              	.LVL19:
 252              	.L12:
 253              	.LBB4:
 338:Generated_Source\PSoC4/cyfitter_cfg.c **** 		{
 339:Generated_Source\PSoC4/cyfitter_cfg.c **** 			const cfg_memset_t CYCODE * CYDATA ms = &cfg_memset_list[i];
 340:Generated_Source\PSoC4/cyfitter_cfg.c **** 			CYMEMZERO(ms->address, (size_t)(uint32)(ms->size));
 254              		.loc 1 340 0 discriminator 3
 255 009e 2548     		ldr	r0, .L13+4
 256 00a0 6200     		lsls	r2, r4, #1
 257 00a2 1319     		adds	r3, r2, r4
 258 00a4 5900     		lsls	r1, r3, #1
 259 00a6 0B00     		movs	r3, r1
 260 00a8 4118     		adds	r1, r0, r1
 261 00aa 8988     		ldrh	r1, [r1, #4]
 262 00ac 1A5A     		ldrh	r2, [r3, r0]
 263 00ae C318     		adds	r3, r0, r3
 264 00b0 5888     		ldrh	r0, [r3, #2]
 265 00b2 0004     		lsls	r0, r0, #16
 266 00b4 1043     		orrs	r0, r2
 267 00b6 FFF7FEFF 		bl	CYMEMZERO
 268              	.LVL20:
 269              	.LBE4:
 337:Generated_Source\PSoC4/cyfitter_cfg.c **** 		{
 270              		.loc 1 337 0 discriminator 3
 271 00ba 0134     		adds	r4, r4, #1
 272              	.LVL21:
 273 00bc E4B2     		uxtb	r4, r4
 274              	.LVL22:
 275              	.L11:
 337:Generated_Source\PSoC4/cyfitter_cfg.c **** 		{
 276              		.loc 1 337 0 is_stmt 0 discriminator 1
 277 00be 012C     		cmp	r4, #1
 278 00c0 EDD9     		bls	.L12
 341:Generated_Source\PSoC4/cyfitter_cfg.c **** 		}
ARM GAS  C:\Users\Lenovo\AppData\Local\Temp\ccmykmtw.s 			page 12


 342:Generated_Source\PSoC4/cyfitter_cfg.c **** 
 343:Generated_Source\PSoC4/cyfitter_cfg.c **** 		cfg_write_bytes32(cy_cfg_addr_table, cy_cfg_data_table);
 279              		.loc 1 343 0 is_stmt 1
 280 00c2 1C48     		ldr	r0, .L13+4
 281 00c4 0100     		movs	r1, r0
 282 00c6 0C31     		adds	r1, r1, #12
 283 00c8 2830     		adds	r0, r0, #40
 284 00ca FFF7FEFF 		bl	cfg_write_bytes32
 285              	.LVL23:
 344:Generated_Source\PSoC4/cyfitter_cfg.c **** 
 345:Generated_Source\PSoC4/cyfitter_cfg.c **** 		/* HSIOM Starting address: CYDEV_HSIOM_BASE */
 346:Generated_Source\PSoC4/cyfitter_cfg.c **** 		CY_SET_REG32((void *)(CYDEV_HSIOM_BASE), 0x00900300u);
 286              		.loc 1 346 0
 287 00ce 1A4A     		ldr	r2, .L13+8
 288 00d0 1A4B     		ldr	r3, .L13+12
 289 00d2 1A60     		str	r2, [r3]
 347:Generated_Source\PSoC4/cyfitter_cfg.c **** 		CY_SET_REG32((void *)(CYREG_HSIOM_PORT_SEL3), 0x0000EE00u);
 290              		.loc 1 347 0
 291 00d4 EE22     		movs	r2, #238
 292 00d6 1202     		lsls	r2, r2, #8
 293 00d8 194B     		ldr	r3, .L13+16
 294 00da 1A60     		str	r2, [r3]
 348:Generated_Source\PSoC4/cyfitter_cfg.c **** 
 349:Generated_Source\PSoC4/cyfitter_cfg.c **** 		/* UDB_PA_0 Starting address: CYDEV_UDB_PA0_BASE */
 350:Generated_Source\PSoC4/cyfitter_cfg.c **** 		CY_SET_REG32((void *)(CYDEV_UDB_PA0_BASE), 0x00990000u);
 295              		.loc 1 350 0
 296 00dc 9923     		movs	r3, #153
 297 00de 1B04     		lsls	r3, r3, #16
 298 00e0 184A     		ldr	r2, .L13+20
 299 00e2 1360     		str	r3, [r2]
 351:Generated_Source\PSoC4/cyfitter_cfg.c **** 		CY_SET_REG32((void *)(CYREG_UDB_PA0_CFG8), 0x00450000u);
 300              		.loc 1 351 0
 301 00e4 8A21     		movs	r1, #138
 302 00e6 C903     		lsls	r1, r1, #15
 303 00e8 174A     		ldr	r2, .L13+24
 304 00ea 1160     		str	r1, [r2]
 352:Generated_Source\PSoC4/cyfitter_cfg.c **** 
 353:Generated_Source\PSoC4/cyfitter_cfg.c **** 		/* UDB_PA_3 Starting address: CYDEV_UDB_PA3_BASE */
 354:Generated_Source\PSoC4/cyfitter_cfg.c **** 		CY_SET_REG32((void *)(CYDEV_UDB_PA3_BASE), 0x00990000u);
 305              		.loc 1 354 0
 306 00ec 174A     		ldr	r2, .L13+28
 307 00ee 1360     		str	r3, [r2]
 355:Generated_Source\PSoC4/cyfitter_cfg.c **** 
 356:Generated_Source\PSoC4/cyfitter_cfg.c **** 		/* INT_SELECT Starting address: CYDEV_CPUSS_INTR_SELECT */
 357:Generated_Source\PSoC4/cyfitter_cfg.c **** 		CY_SET_REG32((void *)(CYREG_CPUSS_INTR_SELECT), 0x00000001u);
 308              		.loc 1 357 0
 309 00f0 0122     		movs	r2, #1
 310 00f2 174B     		ldr	r3, .L13+32
 311 00f4 1A60     		str	r2, [r3]
 358:Generated_Source\PSoC4/cyfitter_cfg.c **** 
 359:Generated_Source\PSoC4/cyfitter_cfg.c **** 		/* INT_CONFIG Starting address: CYDEV_UDB_INT_CFG */
 360:Generated_Source\PSoC4/cyfitter_cfg.c **** 		CY_SET_REG32((void *)(CYREG_UDB_INT_CFG), 0x00000002u);
 312              		.loc 1 360 0
 313 00f6 0132     		adds	r2, r2, #1
 314 00f8 164B     		ldr	r3, .L13+36
 315 00fa 1A60     		str	r2, [r3]
 361:Generated_Source\PSoC4/cyfitter_cfg.c **** 
ARM GAS  C:\Users\Lenovo\AppData\Local\Temp\ccmykmtw.s 			page 13


 362:Generated_Source\PSoC4/cyfitter_cfg.c **** 		/* Enable digital routing */
 363:Generated_Source\PSoC4/cyfitter_cfg.c **** 		CY_SET_XTND_REG8((void *)CYREG_UDB_UDBIF_BANK_CTL, (uint8)(CY_GET_XTND_REG8((void *)CYREG_UDB_UDB
 316              		.loc 1 363 0
 317 00fc 164A     		ldr	r2, .L13+40
 318 00fe 1178     		ldrb	r1, [r2]
 319 0100 0623     		movs	r3, #6
 320 0102 0B43     		orrs	r3, r1
 321 0104 DBB2     		uxtb	r3, r3
 322 0106 1370     		strb	r3, [r2]
 323              	.LBE3:
 364:Generated_Source\PSoC4/cyfitter_cfg.c **** 	}
 365:Generated_Source\PSoC4/cyfitter_cfg.c **** 
 366:Generated_Source\PSoC4/cyfitter_cfg.c **** 	/* Perform second pass device configuration. These items must be configured in specific order afte
 367:Generated_Source\PSoC4/cyfitter_cfg.c **** 	/* IOPINS0_0 Starting address: CYDEV_PRT0_BASE */
 368:Generated_Source\PSoC4/cyfitter_cfg.c **** 	CY_SET_REG32((void *)(CYDEV_PRT0_BASE), 0x000000A4u);
 324              		.loc 1 368 0
 325 0108 A422     		movs	r2, #164
 326 010a 144B     		ldr	r3, .L13+44
 327 010c 1A60     		str	r2, [r3]
 369:Generated_Source\PSoC4/cyfitter_cfg.c **** 	CY_SET_REG32((void *)(CYREG_PRT0_PC), 0x00430D80u);
 328              		.loc 1 369 0
 329 010e 144A     		ldr	r2, .L13+48
 330 0110 144B     		ldr	r3, .L13+52
 331 0112 1A60     		str	r2, [r3]
 370:Generated_Source\PSoC4/cyfitter_cfg.c **** 	CY_SET_REG32((void *)(CYREG_PRT0_INTCFG), 0x00004000u);
 332              		.loc 1 370 0
 333 0114 8022     		movs	r2, #128
 334 0116 D201     		lsls	r2, r2, #7
 335 0118 134B     		ldr	r3, .L13+56
 336 011a 1A60     		str	r2, [r3]
 371:Generated_Source\PSoC4/cyfitter_cfg.c **** 	CY_SET_REG32((void *)(CYREG_PRT0_PC2), 0x00000020u);
 337              		.loc 1 371 0
 338 011c 2022     		movs	r2, #32
 339 011e 134B     		ldr	r3, .L13+60
 340 0120 1A60     		str	r2, [r3]
 372:Generated_Source\PSoC4/cyfitter_cfg.c **** 
 373:Generated_Source\PSoC4/cyfitter_cfg.c **** 	/* IOPINS0_3 Starting address: CYDEV_PRT3_BASE */
 374:Generated_Source\PSoC4/cyfitter_cfg.c **** 	CY_SET_REG32((void *)(CYREG_PRT3_PC), 0x00000D80u);
 341              		.loc 1 374 0
 342 0122 D822     		movs	r2, #216
 343 0124 1201     		lsls	r2, r2, #4
 344 0126 124B     		ldr	r3, .L13+64
 345 0128 1A60     		str	r2, [r3]
 375:Generated_Source\PSoC4/cyfitter_cfg.c **** 
 376:Generated_Source\PSoC4/cyfitter_cfg.c **** 
 377:Generated_Source\PSoC4/cyfitter_cfg.c **** 	/* Setup clocks based on selections from Clock DWR */
 378:Generated_Source\PSoC4/cyfitter_cfg.c **** 	ClockSetup();
 346              		.loc 1 378 0
 347 012a FFF769FF 		bl	ClockSetup
 348              	.LVL24:
 379:Generated_Source\PSoC4/cyfitter_cfg.c **** 
 380:Generated_Source\PSoC4/cyfitter_cfg.c **** 	/* Perform basic analog initialization to defaults */
 381:Generated_Source\PSoC4/cyfitter_cfg.c **** 	AnalogSetDefault();
 382:Generated_Source\PSoC4/cyfitter_cfg.c **** 
 383:Generated_Source\PSoC4/cyfitter_cfg.c **** }
 349              		.loc 1 383 0
 350              		@ sp needed
ARM GAS  C:\Users\Lenovo\AppData\Local\Temp\ccmykmtw.s 			page 14


 351              	.LVL25:
 352 012e 10BD     		pop	{r4, pc}
 353              	.L14:
 354              		.align	2
 355              	.L13:
 356 0130 1C700F40 		.word	1074753564
 357 0134 00000000 		.word	.LANCHOR0
 358 0138 00039000 		.word	9437952
 359 013c 00000140 		.word	1073807360
 360 0140 0C000140 		.word	1073807372
 361 0144 00500F40 		.word	1074745344
 362 0148 08500F40 		.word	1074745352
 363 014c 30500F40 		.word	1074745392
 364 0150 20000040 		.word	1073741856
 365 0154 00800F40 		.word	1074757632
 366 0158 00700F40 		.word	1074753536
 367 015c 00000440 		.word	1074003968
 368 0160 800D4300 		.word	4394368
 369 0164 08000440 		.word	1074003976
 370 0168 0C000440 		.word	1074003980
 371 016c 18000440 		.word	1074003992
 372 0170 08030440 		.word	1074004744
 373              		.cfi_endproc
 374              	.LFE6:
 375              		.size	cyfitter_cfg, .-cyfitter_cfg
 376              		.section	.rodata
 377              		.align	2
 378              		.set	.LANCHOR0,. + 0
 379              		.type	cfg_memset_list.4870, %object
 380              		.size	cfg_memset_list.4870, 12
 381              	cfg_memset_list.4870:
 382 0000 00300F40 		.word	1074737152
 383 0004 0004     		.short	1024
 384 0006 00400F40 		.4byte	1074741248
 385 000a 0004     		.short	1024
 386              		.type	cy_cfg_data_table.4865, %object
 387              		.size	cy_cfg_data_table.4865, 26
 388              	cy_cfg_data_table.4865:
 389 000c E2       		.byte	-30
 390 000d 80       		.byte	-128
 391 000e 11       		.byte	17
 392 000f 08       		.byte	8
 393 0010 53       		.byte	83
 394 0011 04       		.byte	4
 395 0012 6D       		.byte	109
 396 0013 08       		.byte	8
 397 0014 C4       		.byte	-60
 398 0015 10       		.byte	16
 399 0016 D4       		.byte	-44
 400 0017 20       		.byte	32
 401 0018 DA       		.byte	-38
 402 0019 80       		.byte	-128
 403 001a 8B       		.byte	-117
 404 001b 04       		.byte	4
 405 001c 97       		.byte	-105
 406 001d 08       		.byte	8
 407 001e 19       		.byte	25
ARM GAS  C:\Users\Lenovo\AppData\Local\Temp\ccmykmtw.s 			page 15


 408 001f 08       		.byte	8
 409 0020 89       		.byte	-119
 410 0021 08       		.byte	8
 411 0022 C6       		.byte	-58
 412 0023 08       		.byte	8
 413 0024 E2       		.byte	-30
 414 0025 01       		.byte	1
 415 0026 0000     		.space	2
 416              		.type	cy_cfg_addr_table.4864, %object
 417              		.size	cy_cfg_addr_table.4864, 16
 418              	cy_cfg_addr_table.4864:
 419 0028 01330F40 		.word	1074737921
 420 002c 06400F40 		.word	1074741254
 421 0030 02410F40 		.word	1074741506
 422 0034 04430F40 		.word	1074742020
 423              		.text
 424              	.Letext0:
 425              		.file 2 "d:\\psoc creator\\4.4\\psoc creator\\import\\gnu\\arm\\5.4.1\\lib\\gcc\\arm-none-eabi\\5.
 426              		.file 3 "Generated_Source\\PSoC4\\cytypes.h"
 427              		.file 4 "Generated_Source\\PSoC4\\CyLib.h"
 428              		.section	.debug_info,"",%progbits
 429              	.Ldebug_info0:
 430 0000 9C030000 		.4byte	0x39c
 431 0004 0400     		.2byte	0x4
 432 0006 00000000 		.4byte	.Ldebug_abbrev0
 433 000a 04       		.byte	0x4
 434 000b 01       		.uleb128 0x1
 435 000c 30010000 		.4byte	.LASF39
 436 0010 0C       		.byte	0xc
 437 0011 94020000 		.4byte	.LASF40
 438 0015 DD010000 		.4byte	.LASF41
 439 0019 00000000 		.4byte	.Ldebug_ranges0+0
 440 001d 00000000 		.4byte	0
 441 0021 00000000 		.4byte	.Ldebug_line0
 442 0025 02       		.uleb128 0x2
 443 0026 04       		.byte	0x4
 444 0027 05       		.byte	0x5
 445 0028 696E7400 		.ascii	"int\000"
 446 002c 03       		.uleb128 0x3
 447 002d 06000000 		.4byte	.LASF12
 448 0031 02       		.byte	0x2
 449 0032 D8       		.byte	0xd8
 450 0033 37000000 		.4byte	0x37
 451 0037 04       		.uleb128 0x4
 452 0038 04       		.byte	0x4
 453 0039 07       		.byte	0x7
 454 003a F7000000 		.4byte	.LASF0
 455 003e 04       		.uleb128 0x4
 456 003f 08       		.byte	0x8
 457 0040 05       		.byte	0x5
 458 0041 27020000 		.4byte	.LASF1
 459 0045 04       		.uleb128 0x4
 460 0046 08       		.byte	0x8
 461 0047 04       		.byte	0x4
 462 0048 7C020000 		.4byte	.LASF2
 463 004c 04       		.uleb128 0x4
 464 004d 01       		.byte	0x1
ARM GAS  C:\Users\Lenovo\AppData\Local\Temp\ccmykmtw.s 			page 16


 465 004e 06       		.byte	0x6
 466 004f 88020000 		.4byte	.LASF3
 467 0053 04       		.uleb128 0x4
 468 0054 01       		.byte	0x1
 469 0055 08       		.byte	0x8
 470 0056 99000000 		.4byte	.LASF4
 471 005a 04       		.uleb128 0x4
 472 005b 02       		.byte	0x2
 473 005c 05       		.byte	0x5
 474 005d 54020000 		.4byte	.LASF5
 475 0061 04       		.uleb128 0x4
 476 0062 02       		.byte	0x2
 477 0063 07       		.byte	0x7
 478 0064 14020000 		.4byte	.LASF6
 479 0068 04       		.uleb128 0x4
 480 0069 04       		.byte	0x4
 481 006a 05       		.byte	0x5
 482 006b 73020000 		.4byte	.LASF7
 483 006f 04       		.uleb128 0x4
 484 0070 04       		.byte	0x4
 485 0071 07       		.byte	0x7
 486 0072 77000000 		.4byte	.LASF8
 487 0076 04       		.uleb128 0x4
 488 0077 08       		.byte	0x8
 489 0078 07       		.byte	0x7
 490 0079 19010000 		.4byte	.LASF9
 491 007d 04       		.uleb128 0x4
 492 007e 04       		.byte	0x4
 493 007f 07       		.byte	0x7
 494 0080 D4010000 		.4byte	.LASF10
 495 0084 05       		.uleb128 0x5
 496 0085 04       		.byte	0x4
 497 0086 04       		.uleb128 0x4
 498 0087 01       		.byte	0x1
 499 0088 08       		.byte	0x8
 500 0089 35020000 		.4byte	.LASF11
 501 008d 06       		.uleb128 0x6
 502 008e 89000000 		.4byte	.LASF13
 503 0092 03       		.byte	0x3
 504 0093 FC01     		.2byte	0x1fc
 505 0095 53000000 		.4byte	0x53
 506 0099 06       		.uleb128 0x6
 507 009a DE000000 		.4byte	.LASF14
 508 009e 03       		.byte	0x3
 509 009f FD01     		.2byte	0x1fd
 510 00a1 61000000 		.4byte	0x61
 511 00a5 06       		.uleb128 0x6
 512 00a6 F0000000 		.4byte	.LASF15
 513 00aa 03       		.byte	0x3
 514 00ab FE01     		.2byte	0x1fe
 515 00ad 6F000000 		.4byte	0x6f
 516 00b1 04       		.uleb128 0x4
 517 00b2 04       		.byte	0x4
 518 00b3 04       		.byte	0x4
 519 00b4 57000000 		.4byte	.LASF16
 520 00b8 04       		.uleb128 0x4
 521 00b9 08       		.byte	0x8
ARM GAS  C:\Users\Lenovo\AppData\Local\Temp\ccmykmtw.s 			page 17


 522 00ba 04       		.byte	0x4
 523 00bb AE000000 		.4byte	.LASF17
 524 00bf 06       		.uleb128 0x6
 525 00c0 72000000 		.4byte	.LASF18
 526 00c4 03       		.byte	0x3
 527 00c5 A602     		.2byte	0x2a6
 528 00c7 CB000000 		.4byte	0xcb
 529 00cb 07       		.uleb128 0x7
 530 00cc 8D000000 		.4byte	0x8d
 531 00d0 06       		.uleb128 0x6
 532 00d1 00000000 		.4byte	.LASF19
 533 00d5 03       		.byte	0x3
 534 00d6 A802     		.2byte	0x2a8
 535 00d8 DC000000 		.4byte	0xdc
 536 00dc 07       		.uleb128 0x7
 537 00dd A5000000 		.4byte	0xa5
 538 00e1 08       		.uleb128 0x8
 539 00e2 02       		.byte	0x2
 540 00e3 01       		.byte	0x1
 541 00e4 97       		.byte	0x97
 542 00e5 02010000 		.4byte	0x102
 543 00e9 09       		.uleb128 0x9
 544 00ea 4D020000 		.4byte	.LASF20
 545 00ee 01       		.byte	0x1
 546 00ef 99       		.byte	0x99
 547 00f0 8D000000 		.4byte	0x8d
 548 00f4 00       		.byte	0
 549 00f5 09       		.uleb128 0x9
 550 00f6 1C000000 		.4byte	.LASF21
 551 00fa 01       		.byte	0x1
 552 00fb 9A       		.byte	0x9a
 553 00fc 8D000000 		.4byte	0x8d
 554 0100 01       		.byte	0x1
 555 0101 00       		.byte	0
 556 0102 03       		.uleb128 0x3
 557 0103 3A020000 		.4byte	.LASF22
 558 0107 01       		.byte	0x1
 559 0108 9B       		.byte	0x9b
 560 0109 E1000000 		.4byte	0xe1
 561 010d 0A       		.uleb128 0xa
 562 010e B5000000 		.4byte	.LASF27
 563 0112 01       		.byte	0x1
 564 0113 AE       		.byte	0xae
 565 0114 00000000 		.4byte	.LFB3
 566 0118 32000000 		.4byte	.LFE3-.LFB3
 567 011c 01       		.uleb128 0x1
 568 011d 9C       		.byte	0x9c
 569 011e 7F010000 		.4byte	0x17f
 570 0122 0B       		.uleb128 0xb
 571 0123 D3000000 		.4byte	.LASF23
 572 0127 01       		.byte	0x1
 573 0128 AE       		.byte	0xae
 574 0129 7F010000 		.4byte	0x17f
 575 012d 01       		.uleb128 0x1
 576 012e 50       		.byte	0x50
 577 012f 0B       		.uleb128 0xb
 578 0130 E5000000 		.4byte	.LASF24
ARM GAS  C:\Users\Lenovo\AppData\Local\Temp\ccmykmtw.s 			page 18


 579 0134 01       		.byte	0x1
 580 0135 AE       		.byte	0xae
 581 0136 8A010000 		.4byte	0x18a
 582 013a 01       		.uleb128 0x1
 583 013b 51       		.byte	0x51
 584 013c 0C       		.uleb128 0xc
 585 013d 6900     		.ascii	"i\000"
 586 013f 01       		.byte	0x1
 587 0140 B1       		.byte	0xb1
 588 0141 A5000000 		.4byte	0xa5
 589 0145 00000000 		.4byte	.LLST0
 590 0149 0C       		.uleb128 0xc
 591 014a 6A00     		.ascii	"j\000"
 592 014c 01       		.byte	0x1
 593 014d B1       		.byte	0xb1
 594 014e A5000000 		.4byte	0xa5
 595 0152 1F000000 		.4byte	.LLST1
 596 0156 0D       		.uleb128 0xd
 597 0157 08000000 		.4byte	.LBB2
 598 015b 22000000 		.4byte	.LBE2-.LBB2
 599 015f 0E       		.uleb128 0xe
 600 0160 CB010000 		.4byte	.LASF25
 601 0164 01       		.byte	0x1
 602 0165 B4       		.byte	0xb4
 603 0166 A5000000 		.4byte	0xa5
 604 016a 3E000000 		.4byte	.LLST2
 605 016e 0E       		.uleb128 0xe
 606 016f 22000000 		.4byte	.LASF26
 607 0173 01       		.byte	0x1
 608 0174 B5       		.byte	0xb5
 609 0175 8D000000 		.4byte	0x8d
 610 0179 51000000 		.4byte	.LLST3
 611 017d 00       		.byte	0
 612 017e 00       		.byte	0
 613 017f 0F       		.uleb128 0xf
 614 0180 04       		.byte	0x4
 615 0181 85010000 		.4byte	0x185
 616 0185 10       		.uleb128 0x10
 617 0186 A5000000 		.4byte	0xa5
 618 018a 0F       		.uleb128 0xf
 619 018b 04       		.byte	0x4
 620 018c 90010000 		.4byte	0x190
 621 0190 10       		.uleb128 0x10
 622 0191 02010000 		.4byte	0x102
 623 0195 0A       		.uleb128 0xa
 624 0196 8F000000 		.4byte	.LASF28
 625 019a 01       		.byte	0x1
 626 019b 4C       		.byte	0x4c
 627 019c 00000000 		.4byte	.LFB0
 628 01a0 0C000000 		.4byte	.LFE0-.LFB0
 629 01a4 01       		.uleb128 0x1
 630 01a5 9C       		.byte	0x9c
 631 01a6 E2010000 		.4byte	0x1e2
 632 01aa 11       		.uleb128 0x11
 633 01ab 7300     		.ascii	"s\000"
 634 01ad 01       		.byte	0x1
 635 01ae 4C       		.byte	0x4c
ARM GAS  C:\Users\Lenovo\AppData\Local\Temp\ccmykmtw.s 			page 19


 636 01af 84000000 		.4byte	0x84
 637 01b3 6F000000 		.4byte	.LLST4
 638 01b7 11       		.uleb128 0x11
 639 01b8 6E00     		.ascii	"n\000"
 640 01ba 01       		.byte	0x1
 641 01bb 4C       		.byte	0x4c
 642 01bc 2C000000 		.4byte	0x2c
 643 01c0 90000000 		.4byte	.LLST5
 644 01c4 12       		.uleb128 0x12
 645 01c5 0A000000 		.4byte	.LVL14
 646 01c9 75030000 		.4byte	0x375
 647 01cd 13       		.uleb128 0x13
 648 01ce 01       		.uleb128 0x1
 649 01cf 50       		.byte	0x50
 650 01d0 03       		.uleb128 0x3
 651 01d1 F3       		.byte	0xf3
 652 01d2 01       		.uleb128 0x1
 653 01d3 50       		.byte	0x50
 654 01d4 13       		.uleb128 0x13
 655 01d5 01       		.uleb128 0x1
 656 01d6 51       		.byte	0x51
 657 01d7 01       		.uleb128 0x1
 658 01d8 30       		.byte	0x30
 659 01d9 13       		.uleb128 0x13
 660 01da 01       		.uleb128 0x1
 661 01db 52       		.byte	0x52
 662 01dc 03       		.uleb128 0x3
 663 01dd F3       		.byte	0xf3
 664 01de 01       		.uleb128 0x1
 665 01df 51       		.byte	0x51
 666 01e0 00       		.byte	0
 667 01e1 00       		.byte	0
 668 01e2 0A       		.uleb128 0xa
 669 01e3 28000000 		.4byte	.LASF29
 670 01e7 01       		.byte	0x1
 671 01e8 D3       		.byte	0xd3
 672 01e9 00000000 		.4byte	.LFB4
 673 01ed 90000000 		.4byte	.LFE4-.LFB4
 674 01f1 01       		.uleb128 0x1
 675 01f2 9C       		.byte	0x9c
 676 01f3 2D020000 		.4byte	0x22d
 677 01f7 14       		.uleb128 0x14
 678 01f8 14000000 		.4byte	.LVL15
 679 01fc 7E030000 		.4byte	0x37e
 680 0200 0A020000 		.4byte	0x20a
 681 0204 13       		.uleb128 0x13
 682 0205 01       		.uleb128 0x1
 683 0206 50       		.byte	0x50
 684 0207 01       		.uleb128 0x1
 685 0208 48       		.byte	0x48
 686 0209 00       		.byte	0
 687 020a 14       		.uleb128 0x14
 688 020b 4E000000 		.4byte	.LVL16
 689 020f 89030000 		.4byte	0x389
 690 0213 1D020000 		.4byte	0x21d
 691 0217 13       		.uleb128 0x13
 692 0218 01       		.uleb128 0x1
ARM GAS  C:\Users\Lenovo\AppData\Local\Temp\ccmykmtw.s 			page 20


 693 0219 50       		.byte	0x50
 694 021a 01       		.uleb128 0x1
 695 021b 39       		.byte	0x39
 696 021c 00       		.byte	0
 697 021d 12       		.uleb128 0x12
 698 021e 54000000 		.4byte	.LVL17
 699 0222 94030000 		.4byte	0x394
 700 0226 13       		.uleb128 0x13
 701 0227 01       		.uleb128 0x1
 702 0228 50       		.byte	0x50
 703 0229 01       		.uleb128 0x1
 704 022a 39       		.byte	0x39
 705 022b 00       		.byte	0
 706 022c 00       		.byte	0
 707 022d 15       		.uleb128 0x15
 708 022e 04010000 		.4byte	.LASF42
 709 0232 01       		.byte	0x1
 710 0233 2201     		.2byte	0x122
 711 0235 90000000 		.4byte	.LFB6
 712 0239 E4000000 		.4byte	.LFE6-.LFB6
 713 023d 01       		.uleb128 0x1
 714 023e 9C       		.byte	0x9c
 715 023f 4B030000 		.4byte	0x34b
 716 0243 16       		.uleb128 0x16
 717 0244 9A000000 		.4byte	.LBB3
 718 0248 6E000000 		.4byte	.LBE3-.LBB3
 719 024c 41030000 		.4byte	0x341
 720 0250 17       		.uleb128 0x17
 721 0251 33000000 		.4byte	.LASF30
 722 0255 01       		.byte	0x1
 723 0256 2A01     		.2byte	0x12a
 724 0258 5B030000 		.4byte	0x35b
 725 025c 05       		.uleb128 0x5
 726 025d 03       		.byte	0x3
 727 025e 28000000 		.4byte	cy_cfg_addr_table.4864
 728 0262 17       		.uleb128 0x17
 729 0263 45000000 		.4byte	.LASF31
 730 0267 01       		.byte	0x1
 731 0268 3101     		.2byte	0x131
 732 026a 70030000 		.4byte	0x370
 733 026e 05       		.uleb128 0x5
 734 026f 03       		.byte	0x3
 735 0270 0C000000 		.4byte	cy_cfg_data_table.4865
 736 0274 18       		.uleb128 0x18
 737 0275 06       		.byte	0x6
 738 0276 01       		.byte	0x1
 739 0277 4301     		.2byte	0x143
 740 0279 98020000 		.4byte	0x298
 741 027d 19       		.uleb128 0x19
 742 027e 11010000 		.4byte	.LASF32
 743 0282 01       		.byte	0x1
 744 0283 4401     		.2byte	0x144
 745 0285 84000000 		.4byte	0x84
 746 0289 00       		.byte	0
 747 028a 19       		.uleb128 0x19
 748 028b 6D000000 		.4byte	.LASF33
 749 028f 01       		.byte	0x1
ARM GAS  C:\Users\Lenovo\AppData\Local\Temp\ccmykmtw.s 			page 21


 750 0290 4501     		.2byte	0x145
 751 0292 99000000 		.4byte	0x99
 752 0296 04       		.byte	0x4
 753 0297 00       		.byte	0
 754 0298 06       		.uleb128 0x6
 755 0299 BE010000 		.4byte	.LASF34
 756 029d 01       		.byte	0x1
 757 029e 4601     		.2byte	0x146
 758 02a0 74020000 		.4byte	0x274
 759 02a4 1A       		.uleb128 0x1a
 760 02a5 B4020000 		.4byte	0x2b4
 761 02a9 B4020000 		.4byte	0x2b4
 762 02ad 1B       		.uleb128 0x1b
 763 02ae 7D000000 		.4byte	0x7d
 764 02b2 01       		.byte	0x1
 765 02b3 00       		.byte	0
 766 02b4 10       		.uleb128 0x10
 767 02b5 98020000 		.4byte	0x298
 768 02b9 17       		.uleb128 0x17
 769 02ba 5D000000 		.4byte	.LASF35
 770 02be 01       		.byte	0x1
 771 02bf 4801     		.2byte	0x148
 772 02c1 CB020000 		.4byte	0x2cb
 773 02c5 05       		.uleb128 0x5
 774 02c6 03       		.byte	0x3
 775 02c7 00000000 		.4byte	cfg_memset_list.4870
 776 02cb 10       		.uleb128 0x10
 777 02cc A4020000 		.4byte	0x2a4
 778 02d0 1C       		.uleb128 0x1c
 779 02d1 6900     		.ascii	"i\000"
 780 02d3 01       		.byte	0x1
 781 02d4 4E01     		.2byte	0x14e
 782 02d6 8D000000 		.4byte	0x8d
 783 02da BC000000 		.4byte	.LLST6
 784 02de 16       		.uleb128 0x16
 785 02df 9E000000 		.4byte	.LBB4
 786 02e3 1C000000 		.4byte	.LBE4-.LBB4
 787 02e7 24030000 		.4byte	0x324
 788 02eb 1C       		.uleb128 0x1c
 789 02ec 6D7300   		.ascii	"ms\000"
 790 02ef 01       		.byte	0x1
 791 02f0 5301     		.2byte	0x153
 792 02f2 FA020000 		.4byte	0x2fa
 793 02f6 E6000000 		.4byte	.LLST7
 794 02fa 0F       		.uleb128 0xf
 795 02fb 04       		.byte	0x4
 796 02fc B4020000 		.4byte	0x2b4
 797 0300 12       		.uleb128 0x12
 798 0301 BA000000 		.4byte	.LVL20
 799 0305 95010000 		.4byte	0x195
 800 0309 13       		.uleb128 0x13
 801 030a 01       		.uleb128 0x1
 802 030b 51       		.byte	0x51
 803 030c 15       		.uleb128 0x15
 804 030d 74       		.byte	0x74
 805 030e 00       		.sleb128 0
 806 030f 31       		.byte	0x31
ARM GAS  C:\Users\Lenovo\AppData\Local\Temp\ccmykmtw.s 			page 22


 807 0310 24       		.byte	0x24
 808 0311 74       		.byte	0x74
 809 0312 00       		.sleb128 0
 810 0313 22       		.byte	0x22
 811 0314 31       		.byte	0x31
 812 0315 24       		.byte	0x24
 813 0316 03       		.byte	0x3
 814 0317 04000000 		.4byte	.LANCHOR0+4
 815 031b 22       		.byte	0x22
 816 031c 94       		.byte	0x94
 817 031d 02       		.byte	0x2
 818 031e 0A       		.byte	0xa
 819 031f FFFF     		.2byte	0xffff
 820 0321 1A       		.byte	0x1a
 821 0322 00       		.byte	0
 822 0323 00       		.byte	0
 823 0324 12       		.uleb128 0x12
 824 0325 CE000000 		.4byte	.LVL23
 825 0329 0D010000 		.4byte	0x10d
 826 032d 13       		.uleb128 0x13
 827 032e 01       		.uleb128 0x1
 828 032f 50       		.byte	0x50
 829 0330 05       		.uleb128 0x5
 830 0331 03       		.byte	0x3
 831 0332 28000000 		.4byte	.LANCHOR0+40
 832 0336 13       		.uleb128 0x13
 833 0337 01       		.uleb128 0x1
 834 0338 51       		.byte	0x51
 835 0339 05       		.uleb128 0x5
 836 033a 03       		.byte	0x3
 837 033b 0C000000 		.4byte	.LANCHOR0+12
 838 033f 00       		.byte	0
 839 0340 00       		.byte	0
 840 0341 1D       		.uleb128 0x1d
 841 0342 2E010000 		.4byte	.LVL24
 842 0346 E2010000 		.4byte	0x1e2
 843 034a 00       		.byte	0
 844 034b 1A       		.uleb128 0x1a
 845 034c 85010000 		.4byte	0x185
 846 0350 5B030000 		.4byte	0x35b
 847 0354 1B       		.uleb128 0x1b
 848 0355 7D000000 		.4byte	0x7d
 849 0359 03       		.byte	0x3
 850 035a 00       		.byte	0
 851 035b 10       		.uleb128 0x10
 852 035c 4B030000 		.4byte	0x34b
 853 0360 1A       		.uleb128 0x1a
 854 0361 90010000 		.4byte	0x190
 855 0365 70030000 		.4byte	0x370
 856 0369 1B       		.uleb128 0x1b
 857 036a 7D000000 		.4byte	0x7d
 858 036e 0C       		.byte	0xc
 859 036f 00       		.byte	0
 860 0370 10       		.uleb128 0x10
 861 0371 60030000 		.4byte	0x360
 862 0375 1E       		.uleb128 0x1e
 863 0376 A7000000 		.4byte	.LASF43
ARM GAS  C:\Users\Lenovo\AppData\Local\Temp\ccmykmtw.s 			page 23


 864 037a A7000000 		.4byte	.LASF43
 865 037e 1F       		.uleb128 0x1f
 866 037f 5E020000 		.4byte	.LASF36
 867 0383 5E020000 		.4byte	.LASF36
 868 0387 04       		.byte	0x4
 869 0388 6C       		.byte	0x6c
 870 0389 1F       		.uleb128 0x1f
 871 038a 0D000000 		.4byte	.LASF37
 872 038e 0D000000 		.4byte	.LASF37
 873 0392 04       		.byte	0x4
 874 0393 D0       		.byte	0xd0
 875 0394 1F       		.uleb128 0x1f
 876 0395 C7000000 		.4byte	.LASF38
 877 0399 C7000000 		.4byte	.LASF38
 878 039d 04       		.byte	0x4
 879 039e D6       		.byte	0xd6
 880 039f 00       		.byte	0
 881              		.section	.debug_abbrev,"",%progbits
 882              	.Ldebug_abbrev0:
 883 0000 01       		.uleb128 0x1
 884 0001 11       		.uleb128 0x11
 885 0002 01       		.byte	0x1
 886 0003 25       		.uleb128 0x25
 887 0004 0E       		.uleb128 0xe
 888 0005 13       		.uleb128 0x13
 889 0006 0B       		.uleb128 0xb
 890 0007 03       		.uleb128 0x3
 891 0008 0E       		.uleb128 0xe
 892 0009 1B       		.uleb128 0x1b
 893 000a 0E       		.uleb128 0xe
 894 000b 55       		.uleb128 0x55
 895 000c 17       		.uleb128 0x17
 896 000d 11       		.uleb128 0x11
 897 000e 01       		.uleb128 0x1
 898 000f 10       		.uleb128 0x10
 899 0010 17       		.uleb128 0x17
 900 0011 00       		.byte	0
 901 0012 00       		.byte	0
 902 0013 02       		.uleb128 0x2
 903 0014 24       		.uleb128 0x24
 904 0015 00       		.byte	0
 905 0016 0B       		.uleb128 0xb
 906 0017 0B       		.uleb128 0xb
 907 0018 3E       		.uleb128 0x3e
 908 0019 0B       		.uleb128 0xb
 909 001a 03       		.uleb128 0x3
 910 001b 08       		.uleb128 0x8
 911 001c 00       		.byte	0
 912 001d 00       		.byte	0
 913 001e 03       		.uleb128 0x3
 914 001f 16       		.uleb128 0x16
 915 0020 00       		.byte	0
 916 0021 03       		.uleb128 0x3
 917 0022 0E       		.uleb128 0xe
 918 0023 3A       		.uleb128 0x3a
 919 0024 0B       		.uleb128 0xb
 920 0025 3B       		.uleb128 0x3b
ARM GAS  C:\Users\Lenovo\AppData\Local\Temp\ccmykmtw.s 			page 24


 921 0026 0B       		.uleb128 0xb
 922 0027 49       		.uleb128 0x49
 923 0028 13       		.uleb128 0x13
 924 0029 00       		.byte	0
 925 002a 00       		.byte	0
 926 002b 04       		.uleb128 0x4
 927 002c 24       		.uleb128 0x24
 928 002d 00       		.byte	0
 929 002e 0B       		.uleb128 0xb
 930 002f 0B       		.uleb128 0xb
 931 0030 3E       		.uleb128 0x3e
 932 0031 0B       		.uleb128 0xb
 933 0032 03       		.uleb128 0x3
 934 0033 0E       		.uleb128 0xe
 935 0034 00       		.byte	0
 936 0035 00       		.byte	0
 937 0036 05       		.uleb128 0x5
 938 0037 0F       		.uleb128 0xf
 939 0038 00       		.byte	0
 940 0039 0B       		.uleb128 0xb
 941 003a 0B       		.uleb128 0xb
 942 003b 00       		.byte	0
 943 003c 00       		.byte	0
 944 003d 06       		.uleb128 0x6
 945 003e 16       		.uleb128 0x16
 946 003f 00       		.byte	0
 947 0040 03       		.uleb128 0x3
 948 0041 0E       		.uleb128 0xe
 949 0042 3A       		.uleb128 0x3a
 950 0043 0B       		.uleb128 0xb
 951 0044 3B       		.uleb128 0x3b
 952 0045 05       		.uleb128 0x5
 953 0046 49       		.uleb128 0x49
 954 0047 13       		.uleb128 0x13
 955 0048 00       		.byte	0
 956 0049 00       		.byte	0
 957 004a 07       		.uleb128 0x7
 958 004b 35       		.uleb128 0x35
 959 004c 00       		.byte	0
 960 004d 49       		.uleb128 0x49
 961 004e 13       		.uleb128 0x13
 962 004f 00       		.byte	0
 963 0050 00       		.byte	0
 964 0051 08       		.uleb128 0x8
 965 0052 13       		.uleb128 0x13
 966 0053 01       		.byte	0x1
 967 0054 0B       		.uleb128 0xb
 968 0055 0B       		.uleb128 0xb
 969 0056 3A       		.uleb128 0x3a
 970 0057 0B       		.uleb128 0xb
 971 0058 3B       		.uleb128 0x3b
 972 0059 0B       		.uleb128 0xb
 973 005a 01       		.uleb128 0x1
 974 005b 13       		.uleb128 0x13
 975 005c 00       		.byte	0
 976 005d 00       		.byte	0
 977 005e 09       		.uleb128 0x9
ARM GAS  C:\Users\Lenovo\AppData\Local\Temp\ccmykmtw.s 			page 25


 978 005f 0D       		.uleb128 0xd
 979 0060 00       		.byte	0
 980 0061 03       		.uleb128 0x3
 981 0062 0E       		.uleb128 0xe
 982 0063 3A       		.uleb128 0x3a
 983 0064 0B       		.uleb128 0xb
 984 0065 3B       		.uleb128 0x3b
 985 0066 0B       		.uleb128 0xb
 986 0067 49       		.uleb128 0x49
 987 0068 13       		.uleb128 0x13
 988 0069 38       		.uleb128 0x38
 989 006a 0B       		.uleb128 0xb
 990 006b 00       		.byte	0
 991 006c 00       		.byte	0
 992 006d 0A       		.uleb128 0xa
 993 006e 2E       		.uleb128 0x2e
 994 006f 01       		.byte	0x1
 995 0070 03       		.uleb128 0x3
 996 0071 0E       		.uleb128 0xe
 997 0072 3A       		.uleb128 0x3a
 998 0073 0B       		.uleb128 0xb
 999 0074 3B       		.uleb128 0x3b
 1000 0075 0B       		.uleb128 0xb
 1001 0076 27       		.uleb128 0x27
 1002 0077 19       		.uleb128 0x19
 1003 0078 11       		.uleb128 0x11
 1004 0079 01       		.uleb128 0x1
 1005 007a 12       		.uleb128 0x12
 1006 007b 06       		.uleb128 0x6
 1007 007c 40       		.uleb128 0x40
 1008 007d 18       		.uleb128 0x18
 1009 007e 9742     		.uleb128 0x2117
 1010 0080 19       		.uleb128 0x19
 1011 0081 01       		.uleb128 0x1
 1012 0082 13       		.uleb128 0x13
 1013 0083 00       		.byte	0
 1014 0084 00       		.byte	0
 1015 0085 0B       		.uleb128 0xb
 1016 0086 05       		.uleb128 0x5
 1017 0087 00       		.byte	0
 1018 0088 03       		.uleb128 0x3
 1019 0089 0E       		.uleb128 0xe
 1020 008a 3A       		.uleb128 0x3a
 1021 008b 0B       		.uleb128 0xb
 1022 008c 3B       		.uleb128 0x3b
 1023 008d 0B       		.uleb128 0xb
 1024 008e 49       		.uleb128 0x49
 1025 008f 13       		.uleb128 0x13
 1026 0090 02       		.uleb128 0x2
 1027 0091 18       		.uleb128 0x18
 1028 0092 00       		.byte	0
 1029 0093 00       		.byte	0
 1030 0094 0C       		.uleb128 0xc
 1031 0095 34       		.uleb128 0x34
 1032 0096 00       		.byte	0
 1033 0097 03       		.uleb128 0x3
 1034 0098 08       		.uleb128 0x8
ARM GAS  C:\Users\Lenovo\AppData\Local\Temp\ccmykmtw.s 			page 26


 1035 0099 3A       		.uleb128 0x3a
 1036 009a 0B       		.uleb128 0xb
 1037 009b 3B       		.uleb128 0x3b
 1038 009c 0B       		.uleb128 0xb
 1039 009d 49       		.uleb128 0x49
 1040 009e 13       		.uleb128 0x13
 1041 009f 02       		.uleb128 0x2
 1042 00a0 17       		.uleb128 0x17
 1043 00a1 00       		.byte	0
 1044 00a2 00       		.byte	0
 1045 00a3 0D       		.uleb128 0xd
 1046 00a4 0B       		.uleb128 0xb
 1047 00a5 01       		.byte	0x1
 1048 00a6 11       		.uleb128 0x11
 1049 00a7 01       		.uleb128 0x1
 1050 00a8 12       		.uleb128 0x12
 1051 00a9 06       		.uleb128 0x6
 1052 00aa 00       		.byte	0
 1053 00ab 00       		.byte	0
 1054 00ac 0E       		.uleb128 0xe
 1055 00ad 34       		.uleb128 0x34
 1056 00ae 00       		.byte	0
 1057 00af 03       		.uleb128 0x3
 1058 00b0 0E       		.uleb128 0xe
 1059 00b1 3A       		.uleb128 0x3a
 1060 00b2 0B       		.uleb128 0xb
 1061 00b3 3B       		.uleb128 0x3b
 1062 00b4 0B       		.uleb128 0xb
 1063 00b5 49       		.uleb128 0x49
 1064 00b6 13       		.uleb128 0x13
 1065 00b7 02       		.uleb128 0x2
 1066 00b8 17       		.uleb128 0x17
 1067 00b9 00       		.byte	0
 1068 00ba 00       		.byte	0
 1069 00bb 0F       		.uleb128 0xf
 1070 00bc 0F       		.uleb128 0xf
 1071 00bd 00       		.byte	0
 1072 00be 0B       		.uleb128 0xb
 1073 00bf 0B       		.uleb128 0xb
 1074 00c0 49       		.uleb128 0x49
 1075 00c1 13       		.uleb128 0x13
 1076 00c2 00       		.byte	0
 1077 00c3 00       		.byte	0
 1078 00c4 10       		.uleb128 0x10
 1079 00c5 26       		.uleb128 0x26
 1080 00c6 00       		.byte	0
 1081 00c7 49       		.uleb128 0x49
 1082 00c8 13       		.uleb128 0x13
 1083 00c9 00       		.byte	0
 1084 00ca 00       		.byte	0
 1085 00cb 11       		.uleb128 0x11
 1086 00cc 05       		.uleb128 0x5
 1087 00cd 00       		.byte	0
 1088 00ce 03       		.uleb128 0x3
 1089 00cf 08       		.uleb128 0x8
 1090 00d0 3A       		.uleb128 0x3a
 1091 00d1 0B       		.uleb128 0xb
ARM GAS  C:\Users\Lenovo\AppData\Local\Temp\ccmykmtw.s 			page 27


 1092 00d2 3B       		.uleb128 0x3b
 1093 00d3 0B       		.uleb128 0xb
 1094 00d4 49       		.uleb128 0x49
 1095 00d5 13       		.uleb128 0x13
 1096 00d6 02       		.uleb128 0x2
 1097 00d7 17       		.uleb128 0x17
 1098 00d8 00       		.byte	0
 1099 00d9 00       		.byte	0
 1100 00da 12       		.uleb128 0x12
 1101 00db 898201   		.uleb128 0x4109
 1102 00de 01       		.byte	0x1
 1103 00df 11       		.uleb128 0x11
 1104 00e0 01       		.uleb128 0x1
 1105 00e1 31       		.uleb128 0x31
 1106 00e2 13       		.uleb128 0x13
 1107 00e3 00       		.byte	0
 1108 00e4 00       		.byte	0
 1109 00e5 13       		.uleb128 0x13
 1110 00e6 8A8201   		.uleb128 0x410a
 1111 00e9 00       		.byte	0
 1112 00ea 02       		.uleb128 0x2
 1113 00eb 18       		.uleb128 0x18
 1114 00ec 9142     		.uleb128 0x2111
 1115 00ee 18       		.uleb128 0x18
 1116 00ef 00       		.byte	0
 1117 00f0 00       		.byte	0
 1118 00f1 14       		.uleb128 0x14
 1119 00f2 898201   		.uleb128 0x4109
 1120 00f5 01       		.byte	0x1
 1121 00f6 11       		.uleb128 0x11
 1122 00f7 01       		.uleb128 0x1
 1123 00f8 31       		.uleb128 0x31
 1124 00f9 13       		.uleb128 0x13
 1125 00fa 01       		.uleb128 0x1
 1126 00fb 13       		.uleb128 0x13
 1127 00fc 00       		.byte	0
 1128 00fd 00       		.byte	0
 1129 00fe 15       		.uleb128 0x15
 1130 00ff 2E       		.uleb128 0x2e
 1131 0100 01       		.byte	0x1
 1132 0101 3F       		.uleb128 0x3f
 1133 0102 19       		.uleb128 0x19
 1134 0103 03       		.uleb128 0x3
 1135 0104 0E       		.uleb128 0xe
 1136 0105 3A       		.uleb128 0x3a
 1137 0106 0B       		.uleb128 0xb
 1138 0107 3B       		.uleb128 0x3b
 1139 0108 05       		.uleb128 0x5
 1140 0109 27       		.uleb128 0x27
 1141 010a 19       		.uleb128 0x19
 1142 010b 11       		.uleb128 0x11
 1143 010c 01       		.uleb128 0x1
 1144 010d 12       		.uleb128 0x12
 1145 010e 06       		.uleb128 0x6
 1146 010f 40       		.uleb128 0x40
 1147 0110 18       		.uleb128 0x18
 1148 0111 9742     		.uleb128 0x2117
ARM GAS  C:\Users\Lenovo\AppData\Local\Temp\ccmykmtw.s 			page 28


 1149 0113 19       		.uleb128 0x19
 1150 0114 01       		.uleb128 0x1
 1151 0115 13       		.uleb128 0x13
 1152 0116 00       		.byte	0
 1153 0117 00       		.byte	0
 1154 0118 16       		.uleb128 0x16
 1155 0119 0B       		.uleb128 0xb
 1156 011a 01       		.byte	0x1
 1157 011b 11       		.uleb128 0x11
 1158 011c 01       		.uleb128 0x1
 1159 011d 12       		.uleb128 0x12
 1160 011e 06       		.uleb128 0x6
 1161 011f 01       		.uleb128 0x1
 1162 0120 13       		.uleb128 0x13
 1163 0121 00       		.byte	0
 1164 0122 00       		.byte	0
 1165 0123 17       		.uleb128 0x17
 1166 0124 34       		.uleb128 0x34
 1167 0125 00       		.byte	0
 1168 0126 03       		.uleb128 0x3
 1169 0127 0E       		.uleb128 0xe
 1170 0128 3A       		.uleb128 0x3a
 1171 0129 0B       		.uleb128 0xb
 1172 012a 3B       		.uleb128 0x3b
 1173 012b 05       		.uleb128 0x5
 1174 012c 49       		.uleb128 0x49
 1175 012d 13       		.uleb128 0x13
 1176 012e 02       		.uleb128 0x2
 1177 012f 18       		.uleb128 0x18
 1178 0130 00       		.byte	0
 1179 0131 00       		.byte	0
 1180 0132 18       		.uleb128 0x18
 1181 0133 13       		.uleb128 0x13
 1182 0134 01       		.byte	0x1
 1183 0135 0B       		.uleb128 0xb
 1184 0136 0B       		.uleb128 0xb
 1185 0137 3A       		.uleb128 0x3a
 1186 0138 0B       		.uleb128 0xb
 1187 0139 3B       		.uleb128 0x3b
 1188 013a 05       		.uleb128 0x5
 1189 013b 01       		.uleb128 0x1
 1190 013c 13       		.uleb128 0x13
 1191 013d 00       		.byte	0
 1192 013e 00       		.byte	0
 1193 013f 19       		.uleb128 0x19
 1194 0140 0D       		.uleb128 0xd
 1195 0141 00       		.byte	0
 1196 0142 03       		.uleb128 0x3
 1197 0143 0E       		.uleb128 0xe
 1198 0144 3A       		.uleb128 0x3a
 1199 0145 0B       		.uleb128 0xb
 1200 0146 3B       		.uleb128 0x3b
 1201 0147 05       		.uleb128 0x5
 1202 0148 49       		.uleb128 0x49
 1203 0149 13       		.uleb128 0x13
 1204 014a 38       		.uleb128 0x38
 1205 014b 0B       		.uleb128 0xb
ARM GAS  C:\Users\Lenovo\AppData\Local\Temp\ccmykmtw.s 			page 29


 1206 014c 00       		.byte	0
 1207 014d 00       		.byte	0
 1208 014e 1A       		.uleb128 0x1a
 1209 014f 01       		.uleb128 0x1
 1210 0150 01       		.byte	0x1
 1211 0151 49       		.uleb128 0x49
 1212 0152 13       		.uleb128 0x13
 1213 0153 01       		.uleb128 0x1
 1214 0154 13       		.uleb128 0x13
 1215 0155 00       		.byte	0
 1216 0156 00       		.byte	0
 1217 0157 1B       		.uleb128 0x1b
 1218 0158 21       		.uleb128 0x21
 1219 0159 00       		.byte	0
 1220 015a 49       		.uleb128 0x49
 1221 015b 13       		.uleb128 0x13
 1222 015c 2F       		.uleb128 0x2f
 1223 015d 0B       		.uleb128 0xb
 1224 015e 00       		.byte	0
 1225 015f 00       		.byte	0
 1226 0160 1C       		.uleb128 0x1c
 1227 0161 34       		.uleb128 0x34
 1228 0162 00       		.byte	0
 1229 0163 03       		.uleb128 0x3
 1230 0164 08       		.uleb128 0x8
 1231 0165 3A       		.uleb128 0x3a
 1232 0166 0B       		.uleb128 0xb
 1233 0167 3B       		.uleb128 0x3b
 1234 0168 05       		.uleb128 0x5
 1235 0169 49       		.uleb128 0x49
 1236 016a 13       		.uleb128 0x13
 1237 016b 02       		.uleb128 0x2
 1238 016c 17       		.uleb128 0x17
 1239 016d 00       		.byte	0
 1240 016e 00       		.byte	0
 1241 016f 1D       		.uleb128 0x1d
 1242 0170 898201   		.uleb128 0x4109
 1243 0173 00       		.byte	0
 1244 0174 11       		.uleb128 0x11
 1245 0175 01       		.uleb128 0x1
 1246 0176 31       		.uleb128 0x31
 1247 0177 13       		.uleb128 0x13
 1248 0178 00       		.byte	0
 1249 0179 00       		.byte	0
 1250 017a 1E       		.uleb128 0x1e
 1251 017b 2E       		.uleb128 0x2e
 1252 017c 00       		.byte	0
 1253 017d 3F       		.uleb128 0x3f
 1254 017e 19       		.uleb128 0x19
 1255 017f 3C       		.uleb128 0x3c
 1256 0180 19       		.uleb128 0x19
 1257 0181 6E       		.uleb128 0x6e
 1258 0182 0E       		.uleb128 0xe
 1259 0183 03       		.uleb128 0x3
 1260 0184 0E       		.uleb128 0xe
 1261 0185 00       		.byte	0
 1262 0186 00       		.byte	0
ARM GAS  C:\Users\Lenovo\AppData\Local\Temp\ccmykmtw.s 			page 30


 1263 0187 1F       		.uleb128 0x1f
 1264 0188 2E       		.uleb128 0x2e
 1265 0189 00       		.byte	0
 1266 018a 3F       		.uleb128 0x3f
 1267 018b 19       		.uleb128 0x19
 1268 018c 3C       		.uleb128 0x3c
 1269 018d 19       		.uleb128 0x19
 1270 018e 6E       		.uleb128 0x6e
 1271 018f 0E       		.uleb128 0xe
 1272 0190 03       		.uleb128 0x3
 1273 0191 0E       		.uleb128 0xe
 1274 0192 3A       		.uleb128 0x3a
 1275 0193 0B       		.uleb128 0xb
 1276 0194 3B       		.uleb128 0x3b
 1277 0195 0B       		.uleb128 0xb
 1278 0196 00       		.byte	0
 1279 0197 00       		.byte	0
 1280 0198 00       		.byte	0
 1281              		.section	.debug_loc,"",%progbits
 1282              	.Ldebug_loc0:
 1283              	.LLST0:
 1284 0000 02000000 		.4byte	.LVL1
 1285 0004 08000000 		.4byte	.LVL2
 1286 0008 0200     		.2byte	0x2
 1287 000a 30       		.byte	0x30
 1288 000b 9F       		.byte	0x9f
 1289 000c 08000000 		.4byte	.LVL2
 1290 0010 30000000 		.4byte	.LVL11
 1291 0014 0100     		.2byte	0x1
 1292 0016 57       		.byte	0x57
 1293 0017 00000000 		.4byte	0
 1294 001b 00000000 		.4byte	0
 1295              	.LLST1:
 1296 001f 02000000 		.4byte	.LVL1
 1297 0023 08000000 		.4byte	.LVL2
 1298 0027 0200     		.2byte	0x2
 1299 0029 30       		.byte	0x30
 1300 002a 9F       		.byte	0x9f
 1301 002b 08000000 		.4byte	.LVL2
 1302 002f 30000000 		.4byte	.LVL10
 1303 0033 0100     		.2byte	0x1
 1304 0035 55       		.byte	0x55
 1305 0036 00000000 		.4byte	0
 1306 003a 00000000 		.4byte	0
 1307              	.LLST2:
 1308 003e 0C000000 		.4byte	.LVL3
 1309 0042 2C000000 		.4byte	.LVL9
 1310 0046 0100     		.2byte	0x1
 1311 0048 56       		.byte	0x56
 1312 0049 00000000 		.4byte	0
 1313 004d 00000000 		.4byte	0
 1314              	.LLST3:
 1315 0051 0E000000 		.4byte	.LVL4
 1316 0055 24000000 		.4byte	.LVL7
 1317 0059 0100     		.2byte	0x1
 1318 005b 53       		.byte	0x53
 1319 005c 26000000 		.4byte	.LVL8
ARM GAS  C:\Users\Lenovo\AppData\Local\Temp\ccmykmtw.s 			page 31


 1320 0060 2C000000 		.4byte	.LVL9
 1321 0064 0100     		.2byte	0x1
 1322 0066 53       		.byte	0x53
 1323 0067 00000000 		.4byte	0
 1324 006b 00000000 		.4byte	0
 1325              	.LLST4:
 1326 006f 00000000 		.4byte	.LVL12
 1327 0073 09000000 		.4byte	.LVL14-1
 1328 0077 0100     		.2byte	0x1
 1329 0079 50       		.byte	0x50
 1330 007a 09000000 		.4byte	.LVL14-1
 1331 007e 0C000000 		.4byte	.LFE0
 1332 0082 0400     		.2byte	0x4
 1333 0084 F3       		.byte	0xf3
 1334 0085 01       		.uleb128 0x1
 1335 0086 50       		.byte	0x50
 1336 0087 9F       		.byte	0x9f
 1337 0088 00000000 		.4byte	0
 1338 008c 00000000 		.4byte	0
 1339              	.LLST5:
 1340 0090 00000000 		.4byte	.LVL12
 1341 0094 06000000 		.4byte	.LVL13
 1342 0098 0100     		.2byte	0x1
 1343 009a 51       		.byte	0x51
 1344 009b 06000000 		.4byte	.LVL13
 1345 009f 09000000 		.4byte	.LVL14-1
 1346 00a3 0100     		.2byte	0x1
 1347 00a5 52       		.byte	0x52
 1348 00a6 09000000 		.4byte	.LVL14-1
 1349 00aa 0C000000 		.4byte	.LFE0
 1350 00ae 0400     		.2byte	0x4
 1351 00b0 F3       		.byte	0xf3
 1352 00b1 01       		.uleb128 0x1
 1353 00b2 51       		.byte	0x51
 1354 00b3 9F       		.byte	0x9f
 1355 00b4 00000000 		.4byte	0
 1356 00b8 00000000 		.4byte	0
 1357              	.LLST6:
 1358 00bc 9A000000 		.4byte	.LVL18
 1359 00c0 9E000000 		.4byte	.LVL19
 1360 00c4 0200     		.2byte	0x2
 1361 00c6 30       		.byte	0x30
 1362 00c7 9F       		.byte	0x9f
 1363 00c8 9E000000 		.4byte	.LVL19
 1364 00cc BC000000 		.4byte	.LVL21
 1365 00d0 0100     		.2byte	0x1
 1366 00d2 54       		.byte	0x54
 1367 00d3 BE000000 		.4byte	.LVL22
 1368 00d7 2E010000 		.4byte	.LVL25
 1369 00db 0100     		.2byte	0x1
 1370 00dd 54       		.byte	0x54
 1371 00de 00000000 		.4byte	0
 1372 00e2 00000000 		.4byte	0
 1373              	.LLST7:
 1374 00e6 9E000000 		.4byte	.LVL19
 1375 00ea BC000000 		.4byte	.LVL21
 1376 00ee 0B00     		.2byte	0xb
ARM GAS  C:\Users\Lenovo\AppData\Local\Temp\ccmykmtw.s 			page 32


 1377 00f0 74       		.byte	0x74
 1378 00f1 00       		.sleb128 0
 1379 00f2 36       		.byte	0x36
 1380 00f3 1E       		.byte	0x1e
 1381 00f4 03       		.byte	0x3
 1382 00f5 00000000 		.4byte	cfg_memset_list.4870
 1383 00f9 22       		.byte	0x22
 1384 00fa 9F       		.byte	0x9f
 1385 00fb BC000000 		.4byte	.LVL21
 1386 00ff BE000000 		.4byte	.LVL22
 1387 0103 0B00     		.2byte	0xb
 1388 0105 74       		.byte	0x74
 1389 0106 7F       		.sleb128 -1
 1390 0107 36       		.byte	0x36
 1391 0108 1E       		.byte	0x1e
 1392 0109 03       		.byte	0x3
 1393 010a 00000000 		.4byte	cfg_memset_list.4870
 1394 010e 22       		.byte	0x22
 1395 010f 9F       		.byte	0x9f
 1396 0110 00000000 		.4byte	0
 1397 0114 00000000 		.4byte	0
 1398              		.section	.debug_aranges,"",%progbits
 1399 0000 34000000 		.4byte	0x34
 1400 0004 0200     		.2byte	0x2
 1401 0006 00000000 		.4byte	.Ldebug_info0
 1402 000a 04       		.byte	0x4
 1403 000b 00       		.byte	0
 1404 000c 0000     		.2byte	0
 1405 000e 0000     		.2byte	0
 1406 0010 00000000 		.4byte	.LFB3
 1407 0014 32000000 		.4byte	.LFE3-.LFB3
 1408 0018 00000000 		.4byte	.LFB0
 1409 001c 0C000000 		.4byte	.LFE0-.LFB0
 1410 0020 00000000 		.4byte	.LFB4
 1411 0024 90000000 		.4byte	.LFE4-.LFB4
 1412 0028 90000000 		.4byte	.LFB6
 1413 002c E4000000 		.4byte	.LFE6-.LFB6
 1414 0030 00000000 		.4byte	0
 1415 0034 00000000 		.4byte	0
 1416              		.section	.debug_ranges,"",%progbits
 1417              	.Ldebug_ranges0:
 1418 0000 00000000 		.4byte	.LFB3
 1419 0004 32000000 		.4byte	.LFE3
 1420 0008 00000000 		.4byte	.LFB0
 1421 000c 0C000000 		.4byte	.LFE0
 1422 0010 00000000 		.4byte	.LFB4
 1423 0014 90000000 		.4byte	.LFE4
 1424 0018 90000000 		.4byte	.LFB6
 1425 001c 74010000 		.4byte	.LFE6
 1426 0020 00000000 		.4byte	0
 1427 0024 00000000 		.4byte	0
 1428              		.section	.debug_line,"",%progbits
 1429              	.Ldebug_line0:
 1430 0000 43010000 		.section	.debug_str,"MS",%progbits,1
 1430      0200BA00 
 1430      00000201 
 1430      FB0E0D00 
ARM GAS  C:\Users\Lenovo\AppData\Local\Temp\ccmykmtw.s 			page 33


 1430      01010101 
 1431              	.LASF19:
 1432 0000 72656733 		.ascii	"reg32\000"
 1432      3200
 1433              	.LASF12:
 1434 0006 73697A65 		.ascii	"size_t\000"
 1434      5F7400
 1435              	.LASF37:
 1436 000d 4379496E 		.ascii	"CyIntSetVector\000"
 1436      74536574 
 1436      56656374 
 1436      6F7200
 1437              	.LASF21:
 1438 001c 76616C75 		.ascii	"value\000"
 1438      6500
 1439              	.LASF26:
 1440 0022 636F756E 		.ascii	"count\000"
 1440      7400
 1441              	.LASF29:
 1442 0028 436C6F63 		.ascii	"ClockSetup\000"
 1442      6B536574 
 1442      757000
 1443              	.LASF30:
 1444 0033 63795F63 		.ascii	"cy_cfg_addr_table\000"
 1444      66675F61 
 1444      6464725F 
 1444      7461626C 
 1444      6500
 1445              	.LASF31:
 1446 0045 63795F63 		.ascii	"cy_cfg_data_table\000"
 1446      66675F64 
 1446      6174615F 
 1446      7461626C 
 1446      6500
 1447              	.LASF16:
 1448 0057 666C6F61 		.ascii	"float\000"
 1448      7400
 1449              	.LASF35:
 1450 005d 6366675F 		.ascii	"cfg_memset_list\000"
 1450      6D656D73 
 1450      65745F6C 
 1450      69737400 
 1451              	.LASF33:
 1452 006d 73697A65 		.ascii	"size\000"
 1452      00
 1453              	.LASF18:
 1454 0072 72656738 		.ascii	"reg8\000"
 1454      00
 1455              	.LASF8:
 1456 0077 6C6F6E67 		.ascii	"long unsigned int\000"
 1456      20756E73 
 1456      69676E65 
 1456      6420696E 
 1456      7400
 1457              	.LASF13:
 1458 0089 75696E74 		.ascii	"uint8\000"
 1458      3800
ARM GAS  C:\Users\Lenovo\AppData\Local\Temp\ccmykmtw.s 			page 34


 1459              	.LASF28:
 1460 008f 43594D45 		.ascii	"CYMEMZERO\000"
 1460      4D5A4552 
 1460      4F00
 1461              	.LASF4:
 1462 0099 756E7369 		.ascii	"unsigned char\000"
 1462      676E6564 
 1462      20636861 
 1462      7200
 1463              	.LASF43:
 1464 00a7 6D656D73 		.ascii	"memset\000"
 1464      657400
 1465              	.LASF17:
 1466 00ae 646F7562 		.ascii	"double\000"
 1466      6C6500
 1467              	.LASF27:
 1468 00b5 6366675F 		.ascii	"cfg_write_bytes32\000"
 1468      77726974 
 1468      655F6279 
 1468      74657333 
 1468      3200
 1469              	.LASF38:
 1470 00c7 4379496E 		.ascii	"CyIntEnable\000"
 1470      74456E61 
 1470      626C6500 
 1471              	.LASF23:
 1472 00d3 61646472 		.ascii	"addr_table\000"
 1472      5F746162 
 1472      6C6500
 1473              	.LASF14:
 1474 00de 75696E74 		.ascii	"uint16\000"
 1474      313600
 1475              	.LASF24:
 1476 00e5 64617461 		.ascii	"data_table\000"
 1476      5F746162 
 1476      6C6500
 1477              	.LASF15:
 1478 00f0 75696E74 		.ascii	"uint32\000"
 1478      333200
 1479              	.LASF0:
 1480 00f7 756E7369 		.ascii	"unsigned int\000"
 1480      676E6564 
 1480      20696E74 
 1480      00
 1481              	.LASF42:
 1482 0104 63796669 		.ascii	"cyfitter_cfg\000"
 1482      74746572 
 1482      5F636667 
 1482      00
 1483              	.LASF32:
 1484 0111 61646472 		.ascii	"address\000"
 1484      65737300 
 1485              	.LASF9:
 1486 0119 6C6F6E67 		.ascii	"long long unsigned int\000"
 1486      206C6F6E 
 1486      6720756E 
 1486      7369676E 
ARM GAS  C:\Users\Lenovo\AppData\Local\Temp\ccmykmtw.s 			page 35


 1486      65642069 
 1487              	.LASF39:
 1488 0130 474E5520 		.ascii	"GNU C11 5.4.1 20160609 (release) [ARM/embedded-5-br"
 1488      43313120 
 1488      352E342E 
 1488      31203230 
 1488      31363036 
 1489 0163 616E6368 		.ascii	"anch revision 237715] -mcpu=cortex-m0 -mthumb -g -O"
 1489      20726576 
 1489      6973696F 
 1489      6E203233 
 1489      37373135 
 1490 0196 67202D66 		.ascii	"g -ffunction-sections -ffat-lto-objects\000"
 1490      66756E63 
 1490      74696F6E 
 1490      2D736563 
 1490      74696F6E 
 1491              	.LASF34:
 1492 01be 6366675F 		.ascii	"cfg_memset_t\000"
 1492      6D656D73 
 1492      65745F74 
 1492      00
 1493              	.LASF25:
 1494 01cb 62617365 		.ascii	"baseAddr\000"
 1494      41646472 
 1494      00
 1495              	.LASF10:
 1496 01d4 73697A65 		.ascii	"sizetype\000"
 1496      74797065 
 1496      00
 1497              	.LASF41:
 1498 01dd 443A5C4D 		.ascii	"D:\\Microprocess2\\Lab3.Interrupts\\Lab3.2\\Design0"
 1498      6963726F 
 1498      70726F63 
 1498      65737332 
 1498      5C4C6162 
 1499 020c 312E6379 		.ascii	"1.cydsn\000"
 1499      64736E00 
 1500              	.LASF6:
 1501 0214 73686F72 		.ascii	"short unsigned int\000"
 1501      7420756E 
 1501      7369676E 
 1501      65642069 
 1501      6E7400
 1502              	.LASF1:
 1503 0227 6C6F6E67 		.ascii	"long long int\000"
 1503      206C6F6E 
 1503      6720696E 
 1503      7400
 1504              	.LASF11:
 1505 0235 63686172 		.ascii	"char\000"
 1505      00
 1506              	.LASF22:
 1507 023a 63795F63 		.ascii	"cy_cfg_addrvalue_t\000"
 1507      66675F61 
 1507      64647276 
 1507      616C7565 
ARM GAS  C:\Users\Lenovo\AppData\Local\Temp\ccmykmtw.s 			page 36


 1507      5F7400
 1508              	.LASF20:
 1509 024d 6F666673 		.ascii	"offset\000"
 1509      657400
 1510              	.LASF5:
 1511 0254 73686F72 		.ascii	"short int\000"
 1511      7420696E 
 1511      7400
 1512              	.LASF36:
 1513 025e 43795379 		.ascii	"CySysClkWriteImoFreq\000"
 1513      73436C6B 
 1513      57726974 
 1513      65496D6F 
 1513      46726571 
 1514              	.LASF7:
 1515 0273 6C6F6E67 		.ascii	"long int\000"
 1515      20696E74 
 1515      00
 1516              	.LASF2:
 1517 027c 6C6F6E67 		.ascii	"long double\000"
 1517      20646F75 
 1517      626C6500 
 1518              	.LASF3:
 1519 0288 7369676E 		.ascii	"signed char\000"
 1519      65642063 
 1519      68617200 
 1520              	.LASF40:
 1521 0294 47656E65 		.ascii	"Generated_Source\\PSoC4\\cyfitter_cfg.c\000"
 1521      72617465 
 1521      645F536F 
 1521      75726365 
 1521      5C50536F 
 1522              		.ident	"GCC: (GNU Tools for ARM Embedded Processors) 5.4.1 20160609 (release) [ARM/embedded-5-bran
