Archive member included to satisfy reference by file (symbol)

Generated_Source\PSoC6\pdl\middleware\ble\lib\cy_ble_stack_gcc_host_ipc_cm4.a(CyBleStackMgrIP_Interface.o)
                              .\CortexM4\ARM_GCC_541\Debug\cy_ble.o (Cy_BLE_EnablePrivacyFeature)
Generated_Source\PSoC6\pdl\middleware\ble\lib\cy_ble_stack_gcc_host_ipc_cm4.a(BT_os.o)
                              Generated_Source\PSoC6\pdl\middleware\ble\lib\cy_ble_stack_gcc_host_ipc_cm4.a(CyBleStackMgrIP_Interface.o) (cyBleStackMemoryConfig)
Generated_Source\PSoC6\pdl\middleware\ble\lib\cy_ble_stack_gcc_host_ipc_cm4.a(CyBleStackMgr_StackTaskHandler.o)
                              Generated_Source\PSoC6\pdl\middleware\ble\lib\cy_ble_stack_gcc_host_ipc_cm4.a(CyBleStackMgrIP_Interface.o) (CyBle_CreateBleStackTask)
Generated_Source\PSoC6\pdl\middleware\ble\lib\cy_ble_stack_gcc_host_ipc_cm4.a(storage_pl.o)
                              Generated_Source\PSoC6\pdl\middleware\ble\lib\cy_ble_stack_gcc_host_ipc_cm4.a(CyBleStackMgrIP_Interface.o) (storage_manager_init)
Generated_Source\PSoC6\pdl\middleware\ble\lib\cy_ble_stack_gcc_host_ipc_cm4.a(mint_os.o)
                              Generated_Source\PSoC6\pdl\middleware\ble\lib\cy_ble_stack_gcc_host_ipc_cm4.a(CyBleStackMgrIP_Interface.o) (OS_init)
Generated_Source\PSoC6\pdl\middleware\ble\lib\cy_ble_stack_gcc_host_ipc_cm4.a(mint_os_queue.o)
                              Generated_Source\PSoC6\pdl\middleware\ble\lib\cy_ble_stack_gcc_host_ipc_cm4.a(mint_os.o) (OS_TOTAL_QUEUES)
Generated_Source\PSoC6\pdl\middleware\ble\lib\cy_ble_stack_gcc_host_ipc_cm4.a(mint_os_task.o)
                              Generated_Source\PSoC6\pdl\middleware\ble\lib\cy_ble_stack_gcc_host_ipc_cm4.a(mint_os.o) (idle_func_handler)
Generated_Source\PSoC6\pdl\middleware\ble\lib\cy_ble_stack_gcc_host_ipc_cm4.a(mint_buf_mgmt.o)
                              Generated_Source\PSoC6\pdl\middleware\ble\lib\cy_ble_stack_gcc_host_ipc_cm4.a(BT_os.o) (mint_buf_mgmt_allocate_buffer)
Generated_Source\PSoC6\pdl\middleware\ble\lib\cy_ble_stack_gcc_host_ipc_cm4.a(transport_ipc.o)
                              Generated_Source\PSoC6\pdl\middleware\ble\lib\cy_ble_stack_gcc_host_ipc_cm4.a(CyBleStackMgr_StackTaskHandler.o) (CyBleHost_HciIpcFreePktBuffer)
Generated_Source\PSoC6\pdl\middleware\ble\lib\cy_ble_stack_gcc_host_ipc_cm4.a(CyBleStackMgr_PSoCIPCHal.o)
                              Generated_Source\PSoC6\pdl\middleware\ble\lib\cy_ble_stack_gcc_host_ipc_cm4.a(transport_ipc.o) (CyBleHost_IPC_HAL_InitWithStaticMem)
Generated_Source\PSoC6\pdl\middleware\ble\lib\cy_ble_stack_gcc_host_ipc_cm4.a(host_main.o)
                              Generated_Source\PSoC6\pdl\middleware\ble\lib\cy_ble_stack_gcc_host_ipc_cm4.a(CyBleStackMgrIP_Interface.o) (CyBle_HostInit)
Generated_Source\PSoC6\pdl\middleware\ble\lib\cy_ble_stack_gcc_host_ipc_cm4.a(att_api.o)
                              Generated_Source\PSoC6\pdl\middleware\ble\lib\cy_ble_stack_gcc_host_ipc_cm4.a(host_main.o) (BT_att_register)
Generated_Source\PSoC6\pdl\middleware\ble\lib\cy_ble_stack_gcc_host_ipc_cm4.a(att_init.o)
                              Generated_Source\PSoC6\pdl\middleware\ble\lib\cy_ble_stack_gcc_host_ipc_cm4.a(att_api.o) (att_connections)
Generated_Source\PSoC6\pdl\middleware\ble\lib\cy_ble_stack_gcc_host_ipc_cm4.a(att_internal.o)
                              Generated_Source\PSoC6\pdl\middleware\ble\lib\cy_ble_stack_gcc_host_ipc_cm4.a(att_api.o) (att_get_fsm_event)
Generated_Source\PSoC6\pdl\middleware\ble\lib\cy_ble_stack_gcc_host_ipc_cm4.a(BT_common.o)
                              Generated_Source\PSoC6\pdl\middleware\ble\lib\cy_ble_stack_gcc_host_ipc_cm4.a(host_main.o) (BT_bluetooth_off)
Generated_Source\PSoC6\pdl\middleware\ble\lib\cy_ble_stack_gcc_host_ipc_cm4.a(device_queue.o)
                              Generated_Source\PSoC6\pdl\middleware\ble\lib\cy_ble_stack_gcc_host_ipc_cm4.a(host_main.o) (CyBle_DeviceQueueHeapDeInit)
Generated_Source\PSoC6\pdl\middleware\ble\lib\cy_ble_stack_gcc_host_ipc_cm4.a(l2cap.o)
                              Generated_Source\PSoC6\pdl\middleware\ble\lib\cy_ble_stack_gcc_host_ipc_cm4.a(host_main.o) (CyBle_L2capCB)
Generated_Source\PSoC6\pdl\middleware\ble\lib\cy_ble_stack_gcc_host_ipc_cm4.a(l2cap_disconnect.o)
                              Generated_Source\PSoC6\pdl\middleware\ble\lib\cy_ble_stack_gcc_host_ipc_cm4.a(l2cap.o) (l2ca_disconnect_req)
Generated_Source\PSoC6\pdl\middleware\ble\lib\cy_ble_stack_gcc_host_ipc_cm4.a(l2cap_init.o)
                              Generated_Source\PSoC6\pdl\middleware\ble\lib\cy_ble_stack_gcc_host_ipc_cm4.a(l2cap_disconnect.o) (l2cap_fixed_channel)
Generated_Source\PSoC6\pdl\middleware\ble\lib\cy_ble_stack_gcc_host_ipc_cm4.a(l2cap_utils.o)
                              Generated_Source\PSoC6\pdl\middleware\ble\lib\cy_ble_stack_gcc_host_ipc_cm4.a(l2cap_disconnect.o) (l2cap_buffer_dequeue)
Generated_Source\PSoC6\pdl\middleware\ble\lib\cy_ble_stack_gcc_host_ipc_cm4.a(l2cap_lmp.o)
[...]
Memory Configuration

Name             Origin             Length             Attributes
ram              0x08024000         0x00023800         xrw
flash            0x10080000         0x00080000         xr
em_eeprom        0x14000000         0x00008000         xr
sflash_user_data 0x16000800         0x00000800         xr
sflash_nar       0x16001a00         0x00000200         xr
sflash_public_key 0x16005a00         0x00000c00         xr
sflash_toc_2     0x16007c00         0x00000200         xr
sflash_rtoc_2    0x16007e00         0x00000200         xr
xip              0x18000000         0x08000000         xr
efuse            0x90700000         0x00100000         r
*default*        0x00000000         0xffffffff

Linker script and memory map

LOAD d:/psoc creator/4.4/psoc creator/import/gnu/arm/5.4.1/bin/../lib/gcc/arm-none-eabi/5.4.1/armv7e-m/softfp/crti.o
LOAD d:/psoc creator/4.4/psoc creator/import/gnu/arm/5.4.1/bin/../lib/gcc/arm-none-eabi/5.4.1/armv7e-m/softfp/crtbegin.o
LOAD d:/psoc creator/4.4/psoc creator/import/gnu/arm/5.4.1/bin/../lib/gcc/arm-none-eabi/5.4.1/../../../../arm-none-eabi/lib/armv7e-m/softfp/crt0.o
START GROUP
LOAD Generated_Source\PSoC6\pdl\middleware\ble\lib\cy_ble_stack_gcc_host_ipc_cm4.a
LOAD Generated_Source\PSoC6\pdl\middleware\emWin\libs\GCC\libemWin_nosnts_gcc.a
LOAD .\CortexM4\ARM_GCC_541\Debug\startup_psoc6_01_cm4.o
LOAD .\CortexM4\ARM_GCC_541\Debug\main_cm4.o
LOAD .\CortexM4\ARM_GCC_541\Debug\BLEFindMe.o
LOAD .\CortexM4\ARM_GCC_541\Debug\debug.o
LOAD .\CortexM4\ARM_GCC_541\Debug\system_psoc6_cm4.o
LOAD .\CortexM4\ARM_GCC_541\Debug\GUI_X.o
LOAD .\CortexM4\ARM_GCC_541\Debug\GUIConf.o
LOAD .\CortexM4\ARM_GCC_541\Debug\LCDConf.o
LOAD .\CortexM4\ARM_GCC_541\Debug\cyfitter_sysint_cfg.o
LOAD .\CortexM4\ARM_GCC_541\Debug\cymetadata.o
LOAD .\CortexM4\ARM_GCC_541\Debug\BLE.o
LOAD .\CortexM4\ARM_GCC_541\Debug\BLE_config.o
LOAD .\CortexM4\ARM_GCC_541\Debug\BLE_ias_config.o
LOAD .\CortexM4\ARM_GCC_541\Debug\cy_efuse.o
LOAD .\CortexM4\ARM_GCC_541\Debug\cy_flash.o
LOAD .\CortexM4\ARM_GCC_541\Debug\cy_gpio.o
LOAD .\CortexM4\ARM_GCC_541\Debug\cy_ipc_drv.o
LOAD .\CortexM4\ARM_GCC_541\Debug\cy_ipc_sema.o
LOAD .\CortexM4\ARM_GCC_541\Debug\cy_ipc_pipe.o
LOAD .\CortexM4\ARM_GCC_541\Debug\cy_lvd.o
LOAD .\CortexM4\ARM_GCC_541\Debug\cy_profile.o
LOAD .\CortexM4\ARM_GCC_541\Debug\cy_prot.o
LOAD .\CortexM4\ARM_GCC_541\Debug\cy_sysanalog.o
LOAD .\CortexM4\ARM_GCC_541\Debug\cy_sysclk.o
LOAD .\CortexM4\ARM_GCC_541\Debug\cy_sysint.o
LOAD .\CortexM4\ARM_GCC_541\Debug\cy_syslib.o
LOAD .\CortexM4\ARM_GCC_541\Debug\cy_syslib_gcc.o
LOAD .\CortexM4\ARM_GCC_541\Debug\cy_syspm.o
LOAD .\CortexM4\ARM_GCC_541\Debug\cy_systick.o
LOAD .\CortexM4\ARM_GCC_541\Debug\cy_trigmux.o
LOAD .\CortexM4\ARM_GCC_541\Debug\cy_wdt.o
LOAD .\CortexM4\ARM_GCC_541\Debug\cy_device.o
LOAD .\CortexM4\ARM_GCC_541\Debug\cy_ble.o
LOAD .\CortexM4\ARM_GCC_541\Debug\cy_ble_hal_int.o
LOAD .\CortexM4\ARM_GCC_541\Debug\cy_ble_hal_pvt.o
LOAD .\CortexM4\ARM_GCC_541\Debug\cy_ble_gap.o
LOAD .\CortexM4\ARM_GCC_541\Debug\cy_ble_gatt.o
LOAD .\CortexM4\ARM_GCC_541\Debug\cy_ble_event_handler.o
LOAD .\CortexM4\ARM_GCC_541\Debug\cy_ble_ancs.o
LOAD .\CortexM4\ARM_GCC_541\Debug\cy_ble_ans.o
LOAD .\CortexM4\ARM_GCC_541\Debug\cy_ble_aios.o
LOAD .\CortexM4\ARM_GCC_541\Debug\cy_ble_bas.o
LOAD .\CortexM4\ARM_GCC_541\Debug\cy_ble_bcs.o
LOAD .\CortexM4\ARM_GCC_541\Debug\cy_ble_bls.o
LOAD .\CortexM4\ARM_GCC_541\Debug\cy_ble_bms.o
LOAD .\CortexM4\ARM_GCC_541\Debug\cy_ble_bts.o
LOAD .\CortexM4\ARM_GCC_541\Debug\cy_ble_cgms.o
LOAD .\CortexM4\ARM_GCC_541\Debug\cy_ble_cps.o
LOAD .\CortexM4\ARM_GCC_541\Debug\cy_ble_cscs.o
LOAD .\CortexM4\ARM_GCC_541\Debug\cy_ble_cts.o
LOAD .\CortexM4\ARM_GCC_541\Debug\cy_ble_custom.o
LOAD .\CortexM4\ARM_GCC_541\Debug\cy_ble_dis.o
LOAD .\CortexM4\ARM_GCC_541\Debug\cy_ble_ess.o
LOAD .\CortexM4\ARM_GCC_541\Debug\cy_ble_gls.o
LOAD .\CortexM4\ARM_GCC_541\Debug\cy_ble_hids.o
LOAD .\CortexM4\ARM_GCC_541\Debug\cy_ble_hps.o
LOAD .\CortexM4\ARM_GCC_541\Debug\cy_ble_hrs.o
LOAD .\CortexM4\ARM_GCC_541\Debug\cy_ble_hts.o
LOAD .\CortexM4\ARM_GCC_541\Debug\cy_ble_ias.o
LOAD .\CortexM4\ARM_GCC_541\Debug\cy_ble_ips.o
LOAD .\CortexM4\ARM_GCC_541\Debug\cy_ble_lls.o
LOAD .\CortexM4\ARM_GCC_541\Debug\cy_ble_lns.o
LOAD .\CortexM4\ARM_GCC_541\Debug\cy_ble_ndcs.o
LOAD .\CortexM4\ARM_GCC_541\Debug\cy_ble_plxs.o
LOAD .\CortexM4\ARM_GCC_541\Debug\cy_ble_pass.o
LOAD .\CortexM4\ARM_GCC_541\Debug\cy_ble_rscs.o
LOAD .\CortexM4\ARM_GCC_541\Debug\cy_ble_rtus.o
LOAD .\CortexM4\ARM_GCC_541\Debug\cy_ble_scps.o
LOAD .\CortexM4\ARM_GCC_541\Debug\cy_ble_tps.o
LOAD .\CortexM4\ARM_GCC_541\Debug\cy_ble_uds.o
LOAD .\CortexM4\ARM_GCC_541\Debug\cy_ble_wpts.o
LOAD .\CortexM4\ARM_GCC_541\Debug\cy_ble_wss.o
LOAD .\CortexM4\ARM_GCC_541\Debug\cy_ble_clk.o
END GROUP
START GROUP
LOAD d:/psoc creator/4.4/psoc creator/import/gnu/arm/5.4.1/bin/../lib/gcc/arm-none-eabi/5.4.1/armv7e-m/softfp\libgcc.a
LOAD d:/psoc creator/4.4/psoc creator/import/gnu/arm/5.4.1/bin/../lib/gcc/arm-none-eabi/5.4.1/../../../../arm-none-eabi/lib/armv7e-m/softfp\libg_nano.a
LOAD d:/psoc creator/4.4/psoc creator/import/gnu/arm/5.4.1/bin/../lib/gcc/arm-none-eabi/5.4.1/../../../../arm-none-eabi/lib/armv7e-m/softfp\libc_nano.a
END GROUP
START GROUP
LOAD d:/psoc creator/4.4/psoc creator/import/gnu/arm/5.4.1/bin/../lib/gcc/arm-none-eabi/5.4.1/armv7e-m/softfp\libgcc.a
LOAD d:/psoc creator/4.4/psoc creator/import/gnu/arm/5.4.1/bin/../lib/gcc/arm-none-eabi/5.4.1/../../../../arm-none-eabi/lib/armv7e-m/softfp\libc_nano.a
END GROUP
LOAD d:/psoc creator/4.4/psoc creator/import/gnu/arm/5.4.1/bin/../lib/gcc/arm-none-eabi/5.4.1/armv7e-m/softfp/crtend.o
LOAD d:/psoc creator/4.4/psoc creator/import/gnu/arm/5.4.1/bin/../lib/gcc/arm-none-eabi/5.4.1/armv7e-m/softfp/crtn.o
START GROUP
LOAD d:/psoc creator/4.4/psoc creator/import/gnu/arm/5.4.1/bin/../lib/gcc/arm-none-eabi/5.4.1/armv7e-m/softfp\libgcc.a
LOAD d:/psoc creator/4.4/psoc creator/import/gnu/arm/5.4.1/bin/../lib/gcc/arm-none-eabi/5.4.1/../../../../arm-none-eabi/lib/armv7e-m/softfp\libc.a
LOAD d:/psoc creator/4.4/psoc creator/import/gnu/arm/5.4.1/bin/../lib/gcc/arm-none-eabi/5.4.1/../../../../arm-none-eabi/lib/armv7e-m/softfp\libnosys.a
END GROUP
START GROUP
LOAD d:/psoc creator/4.4/psoc creator/import/gnu/arm/5.4.1/bin/../lib/gcc/arm-none-eabi/5.4.1/armv7e-m/softfp\libgcc.a
LOAD d:/psoc creator/4.4/psoc creator/import/gnu/arm/5.4.1/bin/../lib/gcc/arm-none-eabi/5.4.1/../../../../arm-none-eabi/lib/armv7e-m/softfp\libc.a
LOAD d:/psoc creator/4.4/psoc creator/import/gnu/arm/5.4.1/bin/../lib/gcc/arm-none-eabi/5.4.1/../../../../arm-none-eabi/lib/armv7e-m/softfp\libm.a
LOAD d:/psoc creator/4.4/psoc creator/import/gnu/arm/5.4.1/bin/../lib/gcc/arm-none-eabi/5.4.1/../../../../arm-none-eabi/lib/armv7e-m/softfp\libnosys.a
END GROUP

.text           0x10080000     0x3320
                0x10080000                . = ALIGN (0x4)
                0x10080000                __Vectors = .
 *(.vectors)
 .vectors       0x10080000      0x28c .\CortexM4\ARM_GCC_541\Debug\startup_psoc6_01_cm4.o
                0x1008028c                . = ALIGN (0x4)
                0x1008028c                __Vectors_End = .
                0x0000028c                __Vectors_Size = (__Vectors_End - __Vectors)
                0x1008028c                __end__ = .
                0x1008028c                . = ALIGN (0x4)
 *(.text*)
 .text          0x1008028c       0x5c d:/psoc creator/4.4/psoc creator/import/gnu/arm/5.4.1/bin/../lib/gcc/arm-none-eabi/5.4.1/armv7e-m/softfp/crtbegin.o
 .text          0x100802e8       0x84 .\CortexM4\ARM_GCC_541\Debug\startup_psoc6_01_cm4.o
                0x100802e8                Cy_OnResetUser
                0x100802ea                Reset_Handler
                0x1008034c                cpuss_interrupts_ipc_6_IRQHandler
                0x1008034c                DebugMon_Handler
                0x1008034c                tcpwm_1_interrupts_11_IRQHandler
                0x1008034c                cpuss_interrupts_ipc_0_IRQHandler
                0x1008034c                tcpwm_1_interrupts_15_IRQHandler
                0x1008034c                ioss_interrupts_gpio_13_IRQHandler
                0x1008034c                tcpwm_1_interrupts_13_IRQHandler
                0x1008034c                cpuss_interrupts_dw1_8_IRQHandler
                0x1008034c                tcpwm_0_interrupts_0_IRQHandler
                0x1008034c                SysTick_Handler
                0x1008034c                cpuss_interrupt_fm_IRQHandler
                0x1008034c                cpuss_interrupts_ipc_7_IRQHandler
                0x1008034c                tcpwm_1_interrupts_14_IRQHandler
                0x1008034c                cpuss_interrupts_dw0_5_IRQHandler
                0x1008034c                tcpwm_1_interrupts_9_IRQHandler
                0x1008034c                cpuss_interrupts_cm0_cti_1_IRQHandler
                0x1008034c                tcpwm_1_interrupts_22_IRQHandler
                0x1008034c                cpuss_interrupts_dw0_4_IRQHandler
                0x1008034c                PendSV_Handler
                0x1008034c                NMI_Handler
                0x1008034c                cpuss_interrupts_dw1_12_IRQHandler
                0x1008034c                tcpwm_1_interrupts_12_IRQHandler
                0x1008034c                smif_interrupt_IRQHandler
                0x1008034c                tcpwm_1_interrupts_2_IRQHandler
                0x1008034c                cpuss_interrupts_ipc_13_IRQHandler
                0x1008034c                udb_interrupts_11_IRQHandler
                0x1008034c                tcpwm_1_interrupts_18_IRQHandler
                0x1008034c                cpuss_interrupts_dw0_11_IRQHandler
                0x1008034c                tcpwm_0_interrupts_2_IRQHandler
                0x1008034c                cpuss_interrupts_dw0_13_IRQHandler
                0x1008034c                udb_interrupts_2_IRQHandler
                0x1008034c                cpuss_interrupts_dw1_7_IRQHandler
                0x1008034c                ioss_interrupts_gpio_1_IRQHandler
                0x1008034c                ioss_interrupts_gpio_7_IRQHandler
                0x1008034c                scb_5_interrupt_IRQHandler
                0x1008034c                udb_interrupts_6_IRQHandler
                0x1008034c                cpuss_interrupts_fault_1_IRQHandler
                0x1008034c                cpuss_interrupts_ipc_4_IRQHandler
                0x1008034c                cpuss_interrupts_ipc_5_IRQHandler
                0x1008034c                cpuss_interrupts_dw1_10_IRQHandler
                0x1008034c                udb_interrupts_0_IRQHandler
                0x1008034c                tcpwm_1_interrupts_6_IRQHandler
                0x1008034c                scb_4_interrupt_IRQHandler
                0x1008034c                pass_interrupt_dacs_IRQHandler
                0x1008034c                ioss_interrupts_gpio_2_IRQHandler
                0x1008034c                cpuss_interrupts_dw1_9_IRQHandler
                0x1008034c                cpuss_interrupts_dw1_13_IRQHandler
                0x1008034c                scb_2_interrupt_IRQHandler
                0x1008034c                cpuss_interrupts_cm0_cti_0_IRQHandler
                0x1008034c                udb_interrupts_5_IRQHandler
                0x1008034c                srss_interrupt_IRQHandler
                0x1008034c                udb_interrupts_12_IRQHandler
                0x1008034c                scb_0_interrupt_IRQHandler
                0x1008034c                csd_interrupt_IRQHandler
                0x1008034c                udb_interrupts_1_IRQHandler
                0x1008034c                profile_interrupt_IRQHandler
                0x1008034c                tcpwm_1_interrupts_1_IRQHandler
                0x1008034c                cpuss_interrupts_ipc_12_IRQHandler
                0x1008034c                tcpwm_1_interrupts_3_IRQHandler
                0x1008034c                tcpwm_0_interrupts_7_IRQHandler
                0x1008034c                cpuss_interrupts_dw1_1_IRQHandler
                0x1008034c                cpuss_interrupts_dw1_0_IRQHandler
                0x1008034c                cpuss_interrupts_dw0_9_IRQHandler
                0x1008034c                lpcomp_interrupt_IRQHandler
                0x1008034c                tcpwm_1_interrupts_23_IRQHandler
                0x1008034c                udb_interrupts_4_IRQHandler
                0x1008034c                tcpwm_1_interrupts_20_IRQHandler
                0x1008034c                ioss_interrupt_gpio_IRQHandler
                0x1008034c                tcpwm_0_interrupts_1_IRQHandler
                0x1008034c                ioss_interrupts_gpio_8_IRQHandler
                0x1008034c                tcpwm_0_interrupts_6_IRQHandler
                0x1008034c                scb_7_interrupt_IRQHandler
                0x1008034c                tcpwm_1_interrupts_7_IRQHandler
                0x1008034c                cpuss_interrupts_ipc_11_IRQHandler
                0x1008034c                udb_interrupts_13_IRQHandler
                0x1008034c                cpuss_interrupts_dw0_15_IRQHandler
                0x1008034c                udb_interrupts_7_IRQHandler
                0x1008034c                cpuss_interrupts_dw1_6_IRQHandler
                0x1008034c                cpuss_interrupt_crypto_IRQHandler
                0x1008034c                scb_1_interrupt_IRQHandler
                0x1008034c                Default_Handler
                0x1008034c                usb_interrupt_hi_IRQHandler
                0x1008034c                tcpwm_1_interrupts_0_IRQHandler
                0x1008034c                udb_interrupts_9_IRQHandler
                0x1008034c                audioss_interrupt_pdm_IRQHandler
                0x1008034c                srss_interrupt_mcwdt_0_IRQHandler
                0x1008034c                scb_3_interrupt_IRQHandler
                0x1008034c                pass_interrupt_ctbs_IRQHandler
                0x1008034c                udb_interrupts_8_IRQHandler
                0x1008034c                ioss_interrupts_gpio_3_IRQHandler
                0x1008034c                scb_6_interrupt_IRQHandler
                0x1008034c                cpuss_interrupts_cm4_cti_0_IRQHandler
                0x1008034c                cpuss_interrupts_dw1_3_IRQHandler
                0x1008034c                pass_interrupt_sar_IRQHandler
                0x1008034c                ioss_interrupts_gpio_0_IRQHandler
                0x1008034c                ioss_interrupts_gpio_14_IRQHandler
                0x1008034c                tcpwm_0_interrupts_4_IRQHandler
                0x1008034c                udb_interrupts_3_IRQHandler
                0x1008034c                tcpwm_0_interrupts_5_IRQHandler
                0x1008034c                cpuss_interrupts_ipc_15_IRQHandler
                0x1008034c                cpuss_interrupts_cm4_cti_1_IRQHandler
                0x1008034c                scb_8_interrupt_IRQHandler
                0x1008034c                srss_interrupt_mcwdt_1_IRQHandler
                0x1008034c                cpuss_interrupts_dw1_2_IRQHandler
                0x1008034c                SVC_Handler
                0x1008034c                cpuss_interrupts_dw1_5_IRQHandler
                0x1008034c                cpuss_interrupts_ipc_1_IRQHandler
                0x1008034c                cpuss_interrupts_dw0_0_IRQHandler
                0x1008034c                ioss_interrupts_gpio_12_IRQHandler
                0x1008034c                cpuss_interrupts_ipc_3_IRQHandler
                0x1008034c                tcpwm_1_interrupts_17_IRQHandler
                0x1008034c                srss_interrupt_backup_IRQHandler
                0x1008034c                bless_interrupt_IRQHandler
                0x1008034c                cpuss_interrupts_ipc_10_IRQHandler
                0x1008034c                cpuss_interrupts_ipc_9_IRQHandler
                0x1008034c                cpuss_interrupts_dw0_14_IRQHandler
                0x1008034c                tcpwm_1_interrupts_4_IRQHandler
                0x1008034c                tcpwm_0_interrupts_3_IRQHandler
                0x1008034c                cpuss_interrupts_dw1_15_IRQHandler
                0x1008034c                ioss_interrupts_gpio_10_IRQHandler
                0x1008034c                udb_interrupts_10_IRQHandler
                0x1008034c                cpuss_interrupts_dw0_8_IRQHandler
                0x1008034c                ioss_interrupts_gpio_11_IRQHandler
                0x1008034c                cpuss_interrupts_ipc_14_IRQHandler
                0x1008034c                ioss_interrupts_gpio_5_IRQHandler
                0x1008034c                ioss_interrupts_gpio_4_IRQHandler
                0x1008034c                tcpwm_1_interrupts_8_IRQHandler
                0x1008034c                cpuss_interrupts_dw1_14_IRQHandler
                0x1008034c                usb_interrupt_med_IRQHandler
                0x1008034c                cpuss_interrupts_dw0_2_IRQHandler
                0x1008034c                tcpwm_1_interrupts_10_IRQHandler
                0x1008034c                cpuss_interrupts_fault_0_IRQHandler
                0x1008034c                cpuss_interrupts_dw0_12_IRQHandler
                0x1008034c                ioss_interrupts_gpio_6_IRQHandler
                0x1008034c                tcpwm_1_interrupts_21_IRQHandler
                0x1008034c                tcpwm_1_interrupts_16_IRQHandler
                0x1008034c                cpuss_interrupts_dw1_4_IRQHandler
                0x1008034c                udb_interrupts_15_IRQHandler
                0x1008034c                cpuss_interrupts_dw1_11_IRQHandler
                0x1008034c                cpuss_interrupts_dw0_6_IRQHandler
                0x1008034c                ioss_interrupt_vdd_IRQHandler
                0x1008034c                cpuss_interrupts_dw0_7_IRQHandler
                0x1008034c                audioss_interrupt_i2s_IRQHandler
                0x1008034c                tcpwm_1_interrupts_5_IRQHandler
                0x1008034c                cpuss_interrupts_ipc_2_IRQHandler
                0x1008034c                cpuss_interrupts_dw0_10_IRQHandler
                0x1008034c                tcpwm_1_interrupts_19_IRQHandler
                0x1008034c                cpuss_interrupts_dw0_1_IRQHandler
                0x1008034c                ioss_interrupts_gpio_9_IRQHandler
                0x1008034c                usb_interrupt_lo_IRQHandler
                0x1008034c                cpuss_interrupts_ipc_8_IRQHandler
                0x1008034c                udb_interrupts_14_IRQHandler
                0x1008034c                cpuss_interrupts_dw0_3_IRQHandler
                0x10080350                UsageFault_Handler
                0x10080350                HardFault_Handler
                0x10080350                MemManage_Handler
                0x10080350                BusFault_Handler
 .text.main     0x1008036c       0x10 .\CortexM4\ARM_GCC_541\Debug\main_cm4.o
                0x1008036c                main
 .text.StackEventHandler
                0x1008037c      0x150 .\CortexM4\ARM_GCC_541\Debug\BLEFindMe.o
                0x1008037c                StackEventHandler
 .text.IasEventHandler
                0x100804cc       0x1c .\CortexM4\ARM_GCC_541\Debug\BLEFindMe.o
                0x100804cc                IasEventHandler
 .text.BleFindMe_Init
                0x100804e8       0x38 .\CortexM4\ARM_GCC_541\Debug\BLEFindMe.o
                0x100804e8                BleFindMe_Init
 .text.EnterLowPowerMode
                0x10080520        0xc .\CortexM4\ARM_GCC_541\Debug\BLEFindMe.o
                0x10080520                EnterLowPowerMode
 .text.BleFindMe_Process
                0x1008052c       0x74 .\CortexM4\ARM_GCC_541\Debug\BLEFindMe.o
                0x1008052c                BleFindMe_Process
 .text.ShowError
                0x100805a0       0x2c .\CortexM4\ARM_GCC_541\Debug\debug.o
                0x100805a0                ShowError
 .text.Cy_SysIpcPipeIsrCm4
                0x100805cc        0xc .\CortexM4\ARM_GCC_541\Debug\system_psoc6_cm4.o
                0x100805cc                Cy_SysIpcPipeIsrCm4
 .text.Cy_SystemInit
                0x100805d8        0x4 .\CortexM4\ARM_GCC_541\Debug\system_psoc6_cm4.o
                0x100805d8                Cy_SystemInit
 .text.SystemCoreClockUpdate
                0x100805dc      0x190 .\CortexM4\ARM_GCC_541\Debug\system_psoc6_cm4.o
                0x100805dc                SystemCoreClockUpdate
 .text.SystemInit
                0x1008076c       0x48 .\CortexM4\ARM_GCC_541\Debug\system_psoc6_cm4.o
                0x1008076c                SystemInit
 .text.Cy_SystemInitFpuEnable
                0x100807b4       0x28 .\CortexM4\ARM_GCC_541\Debug\system_psoc6_cm4.o
                0x100807b4                Cy_SystemInitFpuEnable
 .text.Cy_BLE_Start
                0x100807dc       0x38 .\CortexM4\ARM_GCC_541\Debug\BLE.o
                0x100807dc                Cy_BLE_Start
 .text.Cy_BLE_Stop
                0x10080814        0x8 .\CortexM4\ARM_GCC_541\Debug\BLE.o
                0x10080814                Cy_BLE_Stop
 .text.Cy_Flash_ProcessOpcode
                0x1008081c       0xac .\CortexM4\ARM_GCC_541\Debug\cy_flash.o
 .text.Cy_Flash_OperationStatus
                0x100808c8       0x5c .\CortexM4\ARM_GCC_541\Debug\cy_flash.o
 .text.Cy_Flash_InitExt
                0x10080924       0x80 .\CortexM4\ARM_GCC_541\Debug\cy_flash.o
                0x10080924                Cy_Flash_InitExt
 .text.Cy_Flash_Init
                0x100809a4       0x10 .\CortexM4\ARM_GCC_541\Debug\cy_flash.o
                0x100809a4                Cy_Flash_Init
 .text.Cy_IPC_Drv_LockRelease
                0x100809b4       0x3c .\CortexM4\ARM_GCC_541\Debug\cy_ipc_drv.o
                0x100809b4                Cy_IPC_Drv_LockRelease
 .text.Cy_IPC_Drv_SendMsgWord
                0x100809f0       0x3c .\CortexM4\ARM_GCC_541\Debug\cy_ipc_drv.o
                0x100809f0                Cy_IPC_Drv_SendMsgWord
 .text.Cy_IPC_Drv_ReadMsgWord
                0x10080a2c       0x38 .\CortexM4\ARM_GCC_541\Debug\cy_ipc_drv.o
                0x10080a2c                Cy_IPC_Drv_ReadMsgWord
 .text.Cy_IPC_Sema_InitExt
                0x10080a64       0xac .\CortexM4\ARM_GCC_541\Debug\cy_ipc_sema.o
                0x10080a64                Cy_IPC_Sema_InitExt
 .text.Cy_IPC_Sema_Init
                0x10080b10       0x64 .\CortexM4\ARM_GCC_541\Debug\cy_ipc_sema.o
                0x10080b10                Cy_IPC_Sema_Init
 .text.Cy_IPC_Sema_Clear
                0x10080b74       0x88 .\CortexM4\ARM_GCC_541\Debug\cy_ipc_sema.o
                0x10080b74                Cy_IPC_Sema_Clear
 .text.Cy_IPC_Sema_Status
                0x10080bfc       0x40 .\CortexM4\ARM_GCC_541\Debug\cy_ipc_sema.o
                0x10080bfc                Cy_IPC_Sema_Status
 .text.Cy_IPC_Pipe_Config
                0x10080c3c       0x10 .\CortexM4\ARM_GCC_541\Debug\cy_ipc_pipe.o
                0x10080c3c                Cy_IPC_Pipe_Config
 .text.Cy_IPC_Pipe_EndpointInit
                0x10080c4c       0xd0 .\CortexM4\ARM_GCC_541\Debug\cy_ipc_pipe.o
                0x10080c4c                Cy_IPC_Pipe_EndpointInit
 .text.Cy_IPC_Pipe_Init
                0x10080d1c       0xb4 .\CortexM4\ARM_GCC_541\Debug\cy_ipc_pipe.o
                0x10080d1c                Cy_IPC_Pipe_Init
 .text.Cy_IPC_Pipe_SendMessage
                0x10080dd0       0xa4 .\CortexM4\ARM_GCC_541\Debug\cy_ipc_pipe.o
                0x10080dd0                Cy_IPC_Pipe_SendMessage
 .text.Cy_IPC_Pipe_RegisterCallback
                0x10080e74       0x50 .\CortexM4\ARM_GCC_541\Debug\cy_ipc_pipe.o
                0x10080e74                Cy_IPC_Pipe_RegisterCallback
 .text.Cy_IPC_Pipe_RegisterCallbackRel
                0x10080ec4       0x2c .\CortexM4\ARM_GCC_541\Debug\cy_ipc_pipe.o
                0x10080ec4                Cy_IPC_Pipe_RegisterCallbackRel
 .text.Cy_IPC_Pipe_ExecCallback
                0x10080ef0       0xbc .\CortexM4\ARM_GCC_541\Debug\cy_ipc_pipe.o
                0x10080ef0                Cy_IPC_Pipe_ExecCallback
 .text.Cy_IPC_Pipe_ExecuteCallback
                0x10080fac       0x2c .\CortexM4\ARM_GCC_541\Debug\cy_ipc_pipe.o
                0x10080fac                Cy_IPC_Pipe_ExecuteCallback
 .text.Cy_IPC_Pipe_EndpointPause
                0x10080fd8       0x54 .\CortexM4\ARM_GCC_541\Debug\cy_ipc_pipe.o
                0x10080fd8                Cy_IPC_Pipe_EndpointPause
 .text.Cy_IPC_Pipe_EndpointResume
                0x1008102c       0x48 .\CortexM4\ARM_GCC_541\Debug\cy_ipc_pipe.o
                0x1008102c                Cy_IPC_Pipe_EndpointResume
 .text.Cy_SysInt_SetVector
                0x10081074       0x48 .\CortexM4\ARM_GCC_541\Debug\cy_sysint.o
                0x10081074                Cy_SysInt_SetVector
 .text.Cy_SysInt_Init
                0x100810bc       0x74 .\CortexM4\ARM_GCC_541\Debug\cy_sysint.o
                0x100810bc                Cy_SysInt_Init
 .text.Cy_SysLib_Delay
                0x10081130       0x30 .\CortexM4\ARM_GCC_541\Debug\cy_syslib.o
                0x10081130                Cy_SysLib_Delay
 .text.Cy_SysLib_Halt
                0x10081160        0x4 .\CortexM4\ARM_GCC_541\Debug\cy_syslib.o
                0x10081160                Cy_SysLib_Halt
 .text.Cy_SysLib_AssertFailed
                0x10081164       0x1c .\CortexM4\ARM_GCC_541\Debug\cy_syslib.o
                0x10081164                Cy_SysLib_AssertFailed
 .text.Cy_SysLib_ProcessingFault
                0x10081180        0x4 .\CortexM4\ARM_GCC_541\Debug\cy_syslib.o
                0x10081180                Cy_SysLib_ProcessingFault
 .text.Cy_SysLib_FaultHandler
                0x10081184       0xa4 .\CortexM4\ARM_GCC_541\Debug\cy_syslib.o
                0x10081184                Cy_SysLib_FaultHandler
 .text          0x10081228       0x20 .\CortexM4\ARM_GCC_541\Debug\cy_syslib_gcc.o
                0x10081228                Cy_SysLib_DelayCycles
                0x1008123a                Cy_SysLib_EnterCriticalSection
                0x10081242                Cy_SysLib_ExitCriticalSection
 .text.Cy_SysPm_SetHibernateWakeupSource
                0x10081248       0x68 .\CortexM4\ARM_GCC_541\Debug\cy_syspm.o
                0x10081248                Cy_SysPm_SetHibernateWakeupSource
 .text.Cy_SysPm_RegisterCallback
                0x100812b0       0x5c .\CortexM4\ARM_GCC_541\Debug\cy_syspm.o
                0x100812b0                Cy_SysPm_RegisterCallback
 .text.Cy_SysPm_UnregisterCallback
                0x1008130c       0x68 .\CortexM4\ARM_GCC_541\Debug\cy_syspm.o
                0x1008130c                Cy_SysPm_UnregisterCallback
 .text.Cy_SysPm_ExecuteCallback
                0x10081374       0xc8 .\CortexM4\ARM_GCC_541\Debug\cy_syspm.o
                0x10081374                Cy_SysPm_ExecuteCallback
 .text.Cy_SysPm_SystemEnterHibernate
                0x1008143c       0x74 .\CortexM4\ARM_GCC_541\Debug\cy_syspm.o
                0x1008143c                Cy_SysPm_SystemEnterHibernate
 .text.Cy_SysPm_SaveRegisters
                0x100814b0       0x70 .\CortexM4\ARM_GCC_541\Debug\cy_syspm.o
                0x100814b0                Cy_SysPm_SaveRegisters
 .text.Cy_SysPm_RestoreRegisters
                0x10081520       0x70 .\CortexM4\ARM_GCC_541\Debug\cy_syspm.o
                0x10081520                Cy_SysPm_RestoreRegisters
 .text.Cy_SysPm_CpuEnterDeepSleep
                0x10081590      0x110 .\CortexM4\ARM_GCC_541\Debug\cy_syspm.o
                0x10081590                Cy_SysPm_CpuEnterDeepSleep
 .text.Cy_PDL_Init
                0x100816a0        0xc .\CortexM4\ARM_GCC_541\Debug\cy_device.o
                0x100816a0                Cy_PDL_Init
 .text.Cy_BLE_DeepSleepCallback
                0x100816ac       0x88 .\CortexM4\ARM_GCC_541\Debug\cy_ble.o
                0x100816ac                Cy_BLE_DeepSleepCallback
 .text.Cy_BLE_SleepCallback
                0x10081734       0x64 .\CortexM4\ARM_GCC_541\Debug\cy_ble.o
                0x10081734                Cy_BLE_SleepCallback
 .text.Cy_BLE_UnregisterHostPMCallbacks
                0x10081798       0x18 .\CortexM4\ARM_GCC_541\Debug\cy_ble.o
                0x10081798                Cy_BLE_UnregisterHostPMCallbacks
 .text.Cy_BLE_Init
                0x100817b0       0x54 .\CortexM4\ARM_GCC_541\Debug\cy_ble.o
                0x100817b0                Cy_BLE_Init
 .text.Cy_BLE_Enable
                0x10081804      0x134 .\CortexM4\ARM_GCC_541\Debug\cy_ble.o
                0x10081804                Cy_BLE_Enable
 .text.Cy_BLE_Disable
                0x10081938        0x8 .\CortexM4\ARM_GCC_541\Debug\cy_ble.o
                0x10081938                Cy_BLE_Disable
 .text.Cy_BLE_IPC_HostMsgFlushRecvCallBack
                0x10081940       0x1c .\CortexM4\ARM_GCC_541\Debug\cy_ble_hal_pvt.o
 .text.Cy_BLE_IPC_HostMsgRecvCallBack
                0x1008195c       0x1c .\CortexM4\ARM_GCC_541\Debug\cy_ble_hal_pvt.o
 .text.Cy_BLE_HAL_BlockCalcCRC8
                0x10081978       0x34 .\CortexM4\ARM_GCC_541\Debug\cy_ble_hal_pvt.o
                0x10081978                Cy_BLE_HAL_BlockCalcCRC8
 .text.Cy_BLE_HAL_CalcCRC8
                0x100819ac        0xc .\CortexM4\ARM_GCC_541\Debug\cy_ble_hal_pvt.o
                0x100819ac                Cy_BLE_HAL_CalcCRC8
 .text.Cy_BLE_HAL_EnterCriticalSection
                0x100819b8        0x8 .\CortexM4\ARM_GCC_541\Debug\cy_ble_hal_pvt.o
                0x100819b8                Cy_BLE_HAL_EnterCriticalSection
 .text.Cy_BLE_HAL_ExitCriticalSection
                0x100819c0        0x8 .\CortexM4\ARM_GCC_541\Debug\cy_ble_hal_pvt.o
                0x100819c0                Cy_BLE_HAL_ExitCriticalSection
 .text.Cy_BLE_HAL_EnableHostIpcPipeInterrupt
                0x100819c8        0xc .\CortexM4\ARM_GCC_541\Debug\cy_ble_hal_pvt.o
                0x100819c8                Cy_BLE_HAL_EnableHostIpcPipeInterrupt
 .text.Cy_BLE_HAL_DisableHostIpcPipeInterrupt
                0x100819d4        0xc .\CortexM4\ARM_GCC_541\Debug\cy_ble_hal_pvt.o
                0x100819d4                Cy_BLE_HAL_DisableHostIpcPipeInterrupt
 .text.Cy_BLE_IPC_HostRegisterClientCallbacks
                0x100819e0       0x34 .\CortexM4\ARM_GCC_541\Debug\cy_ble_hal_pvt.o
                0x100819e0                Cy_BLE_IPC_HostRegisterClientCallbacks
 .text.Cy_BLE_IPC_SendMessageToController
                0x10081a14       0x20 .\CortexM4\ARM_GCC_541\Debug\cy_ble_hal_pvt.o
                0x10081a14                Cy_BLE_IPC_SendMessageToController
 .text.Cy_BLE_HAL_EccHeapInit
                0x10081a34        0x4 .\CortexM4\ARM_GCC_541\Debug\cy_ble_hal_pvt.o
                0x10081a34                Cy_BLE_HAL_EccHeapInit
 .text.Cy_BLE_HAL_EccHeapDeInit
                0x10081a38        0x4 .\CortexM4\ARM_GCC_541\Debug\cy_ble_hal_pvt.o
                0x10081a38                Cy_BLE_HAL_EccHeapDeInit
 .text.Cy_BLE_HAL_EccGetFeatureHeapReq
                0x10081a3c        0x4 .\CortexM4\ARM_GCC_541\Debug\cy_ble_hal_pvt.o
                0x10081a3c                Cy_BLE_HAL_EccGetFeatureHeapReq
 .text.Cy_BLE_HAL_PairingLocalPublicKeyHandler
                0x10081a40        0x8 .\CortexM4\ARM_GCC_541\Debug\cy_ble_hal_pvt.o
                0x10081a40                Cy_BLE_HAL_PairingLocalPublicKeyHandler
 .text.Cy_BLE_HAL_PairingRemoteKeyHandler
                0x10081a48        0x8 .\CortexM4\ARM_GCC_541\Debug\cy_ble_hal_pvt.o
                0x10081a48                Cy_BLE_HAL_PairingRemoteKeyHandler
 .text.Cy_BLE_HAL_PairingDhkeyHandler
                0x10081a50        0x8 .\CortexM4\ARM_GCC_541\Debug\cy_ble_hal_pvt.o
                0x10081a50                Cy_BLE_HAL_PairingDhkeyHandler
 .text.Cy_BLE_HAL_PairingDhkeyCheckHandler
                0x10081a58        0x8 .\CortexM4\ARM_GCC_541\Debug\cy_ble_hal_pvt.o
                0x10081a58                Cy_BLE_HAL_PairingDhkeyCheckHandler
 .text.Cy_BLE_HAL_PairingKeypressNotificationHandler
                0x10081a60        0x8 .\CortexM4\ARM_GCC_541\Debug\cy_ble_hal_pvt.o
                0x10081a60                Cy_BLE_HAL_PairingKeypressNotificationHandler
 .text.Cy_BLE_HAL_PairingRandHandler
                0x10081a68        0x8 .\CortexM4\ARM_GCC_541\Debug\cy_ble_hal_pvt.o
                0x10081a68                Cy_BLE_HAL_PairingRandHandler
 .text.Cy_BLE_HAL_PairingConfirmHandler
                0x10081a70        0x8 .\CortexM4\ARM_GCC_541\Debug\cy_ble_hal_pvt.o
                0x10081a70                Cy_BLE_HAL_PairingConfirmHandler
 .text.Cy_BLE_HAL_PairingLrConfirmingHandler
                0x10081a78        0x8 .\CortexM4\ARM_GCC_541\Debug\cy_ble_hal_pvt.o
                0x10081a78                Cy_BLE_HAL_PairingLrConfirmingHandler
 .text.Cy_BLE_HAL_PairingScTbxLocalPubkeyGenerateComplete
                0x10081a80        0x8 .\CortexM4\ARM_GCC_541\Debug\cy_ble_hal_pvt.o
                0x10081a80                Cy_BLE_HAL_PairingScTbxLocalPubkeyGenerateComplete
 .text.Cy_BLE_HAL_PairingScTbxGenerateLocalP256PublicKey
                0x10081a88        0x8 .\CortexM4\ARM_GCC_541\Debug\cy_ble_hal_pvt.o
                0x10081a88                Cy_BLE_HAL_PairingScTbxGenerateLocalP256PublicKey
 .text.Cy_BLE_HAL_SeSmpScUserPasskeyHandler
                0x10081a90        0x8 .\CortexM4\ARM_GCC_541\Debug\cy_ble_hal_pvt.o
                0x10081a90                Cy_BLE_HAL_SeSmpScUserPasskeyHandler
 .text.Cy_BLE_HAL_EccPointMult
                0x10081a98        0x4 .\CortexM4\ARM_GCC_541\Debug\cy_ble_hal_pvt.o
                0x10081a98                Cy_BLE_HAL_EccPointMult
 .text.Cy_BLE_ServiceInit
                0x10081a9c       0x10 .\CortexM4\ARM_GCC_541\Debug\cy_ble_gap.o
                0x10081a9c                Cy_BLE_ServiceInit
 .text.Cy_BLE_GAPP_StartAdvertisement
                0x10081aac      0x120 .\CortexM4\ARM_GCC_541\Debug\cy_ble_gap.o
                0x10081aac                Cy_BLE_GAPP_StartAdvertisement
 .text.Cy_BLE_ChangeAdDeviceAddress
                0x10081bcc       0x5c .\CortexM4\ARM_GCC_541\Debug\cy_ble_gap.o
                0x10081bcc                Cy_BLE_ChangeAdDeviceAddress
 .text.Cy_BLE_GATTS_WriteAttributeValueCCCD
                0x10081c28       0x6c .\CortexM4\ARM_GCC_541\Debug\cy_ble_gatt.o
                0x10081c28                Cy_BLE_GATTS_WriteAttributeValueCCCD
 .text.Cy_BLE_GATTS_WriteEventHandler
                0x10081c94       0x84 .\CortexM4\ARM_GCC_541\Debug\cy_ble_gatt.o
                0x10081c94                Cy_BLE_GATTS_WriteEventHandler
 .text.Cy_BLE_GATTS_ReadAttributeValueCCCD
                0x10081d18       0x54 .\CortexM4\ARM_GCC_541\Debug\cy_ble_gatt.o
                0x10081d18                Cy_BLE_GATTS_ReadAttributeValueCCCD
 .text.Cy_BLE_GATTS_ReadAttributeValueCCCDReqHandler
                0x10081d6c       0x58 .\CortexM4\ARM_GCC_541\Debug\cy_ble_gatt.o
                0x10081d6c                Cy_BLE_GATTS_ReadAttributeValueCCCDReqHandler
 .text.Cy_BLE_SendWriteResponse
                0x10081dc4       0x44 .\CortexM4\ARM_GCC_541\Debug\cy_ble_event_handler.o
 .text.Cy_BLE_RegisterServiceEventHandler
                0x10081e08       0x5c .\CortexM4\ARM_GCC_541\Debug\cy_ble_event_handler.o
                0x10081e08                Cy_BLE_RegisterServiceEventHandler
 .text.Cy_BLE_InvokeServiceEventHandler
                0x10081e64       0x38 .\CortexM4\ARM_GCC_541\Debug\cy_ble_event_handler.o
                0x10081e64                Cy_BLE_InvokeServiceEventHandler
 .text.Cy_BLE_IsDeviceAddressValid
                0x10081e9c       0x20 .\CortexM4\ARM_GCC_541\Debug\cy_ble_event_handler.o
                0x10081e9c                Cy_BLE_IsDeviceAddressValid
 .text.Cy_BLE_EventHandler
                0x10081ebc      0x728 .\CortexM4\ARM_GCC_541\Debug\cy_ble_event_handler.o
                0x10081ebc                Cy_BLE_EventHandler
 .text.Cy_BLE_IASS_WriteCmdEventHandler
                0x100825e4       0x80 .\CortexM4\ARM_GCC_541\Debug\cy_ble_ias.o
 .text.Cy_BLE_IASS_DisconnectEventHandler
                0x10082664       0x3c .\CortexM4\ARM_GCC_541\Debug\cy_ble_ias.o
 .text.Cy_BLE_IAS_EventHandler
                0x100826a0       0x30 .\CortexM4\ARM_GCC_541\Debug\cy_ble_ias.o
 .text.Cy_BLE_IAS_Init
                0x100826d0       0x2c .\CortexM4\ARM_GCC_541\Debug\cy_ble_ias.o
                0x100826d0                Cy_BLE_IAS_Init
 .text.Cy_BLE_IAS_RegisterAttrCallback
                0x100826fc       0x1c .\CortexM4\ARM_GCC_541\Debug\cy_ble_ias.o
                0x100826fc                Cy_BLE_IAS_RegisterAttrCallback
 .text.Cy_BLE_IASS_GetCharacteristicValue
                0x10082718       0x54 .\CortexM4\ARM_GCC_541\Debug\cy_ble_ias.o
                0x10082718                Cy_BLE_IASS_GetCharacteristicValue
 .text.memcmp   0x1008276c       0x1e d:/psoc creator/4.4/psoc creator/import/gnu/arm/5.4.1/bin/../lib/gcc/arm-none-eabi/5.4.1/../../../../arm-none-eabi/lib/armv7e-m/softfp\libg_nano.a(lib_a-memcmp.o)
                0x1008276c                memcmp
 .text.memcpy   0x1008278a       0x16 d:/psoc creator/4.4/psoc creator/import/gnu/arm/5.4.1/bin/../lib/gcc/arm-none-eabi/5.4.1/../../../../arm-none-eabi/lib/armv7e-m/softfp\libg_nano.a(lib_a-memcpy-stub.o)
                0x1008278a                memcpy
 .text.memset   0x100827a0       0x10 d:/psoc creator/4.4/psoc creator/import/gnu/arm/5.4.1/bin/../lib/gcc/arm-none-eabi/5.4.1/../../../../arm-none-eabi/lib/armv7e-m/softfp\libg_nano.a(lib_a-memset.o)
                0x100827a0                memset
 .text.strncpy  0x100827b0       0x26 d:/psoc creator/4.4/psoc creator/import/gnu/arm/5.4.1/bin/../lib/gcc/arm-none-eabi/5.4.1/../../../../arm-none-eabi/lib/armv7e-m/softfp\libg_nano.a(lib_a-strncpy.o)
                0x100827b0                strncpy
 *(.init)
 *fill*         0x100827d6        0x2 
 .init          0x100827d8        0x4 d:/psoc creator/4.4/psoc creator/import/gnu/arm/5.4.1/bin/../lib/gcc/arm-none-eabi/5.4.1/armv7e-m/softfp/crti.o
                0x100827d8                _init
 .init          0x100827dc        0x8 d:/psoc creator/4.4/psoc creator/import/gnu/arm/5.4.1/bin/../lib/gcc/arm-none-eabi/5.4.1/armv7e-m/softfp/crtn.o
 *(.fini)
 .fini          0x100827e4        0x4 d:/psoc creator/4.4/psoc creator/import/gnu/arm/5.4.1/bin/../lib/gcc/arm-none-eabi/5.4.1/armv7e-m/softfp/crti.o
                0x100827e4                _fini
 .fini          0x100827e8        0x8 d:/psoc creator/4.4/psoc creator/import/gnu/arm/5.4.1/bin/../lib/gcc/arm-none-eabi/5.4.1/armv7e-m/softfp/crtn.o
 .fini.__stub   0x100827f0       0x10 linker stubs
 *crtbegin.o(.ctors)
 *crtbegin?.o(.ctors)
 *(EXCLUDE_FILE(*crtend.o *crtend?.o) .ctors)
 *(SORT(.ctors.*))
 *(.ctors)
 *crtbegin.o(.dtors)
 *crtbegin?.o(.dtors)
 *(EXCLUDE_FILE(*crtend.o *crtend?.o) .dtors)
 *(SORT(.dtors.*))
 *(.dtors)
 *(.rodata .rodata.* .constdata .constdata.* .conststring .conststring.*)
 .rodata.str1.4
                0x10082800       0x37 .\CortexM4\ARM_GCC_541\Debug\debug.o
 *fill*         0x10082837        0x1 
 .rodata        0x10082838       0x34 .\CortexM4\ARM_GCC_541\Debug\system_psoc6_cm4.o
 .rodata        0x1008286c      0x182 .\CortexM4\ARM_GCC_541\Debug\BLE_config.o
 *fill*         0x100829ee        0x2 
 .rodata        0x100829f0        0x4 .\CortexM4\ARM_GCC_541\Debug\BLE_ias_config.o
 .rodata.str1.4
                0x100829f4       0x3f .\CortexM4\ARM_GCC_541\Debug\cy_flash.o
 *fill*         0x10082a33        0x1 
 .rodata.str1.4
                0x10082a34       0x7f .\CortexM4\ARM_GCC_541\Debug\cy_ipc_drv.o
 .rodata.str1.4
                0x10082ab3       0x3f .\CortexM4\ARM_GCC_541\Debug\cy_ipc_sema.o
 *fill*         0x10082ab3        0x1 
 .rodata.str1.4
                0x10082ab4       0x40 .\CortexM4\ARM_GCC_541\Debug\cy_ipc_pipe.o
                                 0x7f (size before relaxing)
 .rodata.str1.4
                0x10082af4       0x41 .\CortexM4\ARM_GCC_541\Debug\cy_sysint.o
 *fill*         0x10082b35        0x3 
 .rodata.str1.4
                0x10082b38       0x3f .\CortexM4\ARM_GCC_541\Debug\cy_syspm.o
                                 0x7f (size before relaxing)
 *fill*         0x10082b77        0x1 
 .rodata        0x10082b78      0x170 .\CortexM4\ARM_GCC_541\Debug\cy_device.o
                0x10082b78                cy_deviceIpBlockCfgPSoC6_02
                0x10082c30                cy_deviceIpBlockCfgPSoC6_01
 .rodata        0x10082ce8       0x14 .\CortexM4\ARM_GCC_541\Debug\cy_ble.o
 .rodata        0x10082cfc      0x100 .\CortexM4\ARM_GCC_541\Debug\cy_ble_hal_pvt.o
 .rodata        0x10082dfc        0xa .\CortexM4\ARM_GCC_541\Debug\cy_ble_event_handler.o
 *fill*         0x10082e06        0x2 
 .rodata.str1.4
                0x10082e08       0x38 .\CortexM4\ARM_GCC_541\Debug\cy_ble_event_handler.o
                                 0x37 (size before relaxing)
 .constdata     0x10082e40       0x18 Generated_Source\PSoC6\pdl\middleware\ble\lib\cy_ble_stack_gcc_host_ipc_cm4.a(BT_os.o)
                0x10082e40                cyBleStackMemoryConfig
 .constdata     0x10082e58       0x58 Generated_Source\PSoC6\pdl\middleware\ble\lib\cy_ble_stack_gcc_host_ipc_cm4.a(l2cap_init.o)
                0x10082e58                l2cap_le_sig_handler
 .constdata     0x10082eb0       0x3c Generated_Source\PSoC6\pdl\middleware\ble\lib\cy_ble_stack_gcc_host_ipc_cm4.a(fsm_engine_pl.o)
                0x10082eb0                fsm_module_table
 .constdata     0x10082eec      0x110 Generated_Source\PSoC6\pdl\middleware\ble\lib\cy_ble_stack_gcc_host_ipc_cm4.a(gap_hci_iface.o)
                0x10082eec                hciCommandCompleteEventHandlers
 .constdata     0x10082ffc       0x20 Generated_Source\PSoC6\pdl\middleware\ble\lib\cy_ble_stack_gcc_host_ipc_cm4.a(gap_privacy.o)
 .constdata     0x1008301c       0x32 Generated_Source\PSoC6\pdl\middleware\ble\lib\cy_ble_stack_gcc_host_ipc_cm4.a(smp_core.o)
                0x1008301c                smp_iocap_assoc_map
                0x10083035                smp_sc_iocap_assoc_map
 *fill*         0x1008304e        0x2 
 .constdata     0x10083050        0xc Generated_Source\PSoC6\pdl\middleware\ble\lib\cy_ble_stack_gcc_host_ipc_cm4.a(smp_interface.o)
                0x10083050                smp_event_fp
 .constdata     0x1008305c       0x22 Generated_Source\PSoC6\pdl\middleware\ble\lib\cy_ble_stack_gcc_host_ipc_cm4.a(smp_utils.o)
                0x1008305c                smp_event_map
 *fill*         0x1008307e        0x2 
 .constdata     0x10083080       0xb4 Generated_Source\PSoC6\pdl\middleware\ble\lib\cy_ble_stack_gcc_host_ipc_cm4.a(smp_fsm_table.o)
                0x10083080                smp_state_event_table
 .constdata     0x10083134      0x110 Generated_Source\PSoC6\pdl\middleware\ble\lib\cy_ble_stack_gcc_host_ipc_cm4.a(smp_fsm_table.o)
                0x10083134                smp_event_handler_table
 .constdata     0x10083244       0x20 Generated_Source\PSoC6\pdl\middleware\ble\lib\cy_ble_stack_gcc_host_ipc_cm4.a(aes_cmac.o)
                0x10083244                cmac_zero_data
                0x10083254                cmac_rb_data
 .constdata     0x10083264       0x60 Generated_Source\PSoC6\pdl\middleware\ble\lib\cy_ble_stack_gcc_host_ipc_cm4.a(att_fsm_table.o)
                0x10083264                att_state_event_table
 .constdata     0x100832c4       0x58 Generated_Source\PSoC6\pdl\middleware\ble\lib\cy_ble_stack_gcc_host_ipc_cm4.a(att_fsm_table.o)
                0x100832c4                att_event_handler_table
 *(.eh_frame*)
 .eh_frame      0x1008331c        0x0 d:/psoc creator/4.4/psoc creator/import/gnu/arm/5.4.1/bin/../lib/gcc/arm-none-eabi/5.4.1/armv7e-m/softfp/crtbegin.o
 .eh_frame      0x1008331c        0x4 d:/psoc creator/4.4/psoc creator/import/gnu/arm/5.4.1/bin/../lib/gcc/arm-none-eabi/5.4.1/armv7e-m/softfp/crtend.o

.glue_7         0x10083320        0x0
 .glue_7        0x10083320        0x0 linker stubs

.glue_7t        0x10083320        0x0
 .glue_7t       0x10083320        0x0 linker stubs

.vfp11_veneer   0x10083320        0x0
 .vfp11_veneer  0x10083320        0x0 linker stubs

.v4_bx          0x10083320        0x0
 .v4_bx         0x10083320        0x0 linker stubs

.iplt           0x10083320        0x0
 .iplt          0x10083320        0x0 d:/psoc creator/4.4/psoc creator/import/gnu/arm/5.4.1/bin/../lib/gcc/arm-none-eabi/5.4.1/armv7e-m/softfp/crtbegin.o

i.CyBleStackMgr_Init
                0x10083320       0xdc
 i.CyBleStackMgr_Init
                0x10083320       0xdc Generated_Source\PSoC6\pdl\middleware\ble\lib\cy_ble_stack_gcc_host_ipc_cm4.a(CyBleStackMgrIP_Interface.o)
                0x10083320                CyBleStackMgr_Init

i.CyBleStackMgr_ProcessBleEvents
                0x100833fc       0x14
 i.CyBleStackMgr_ProcessBleEvents
                0x100833fc       0x14 Generated_Source\PSoC6\pdl\middleware\ble\lib\cy_ble_stack_gcc_host_ipc_cm4.a(CyBleStackMgrIP_Interface.o)
                0x100833fc                CyBleStackMgr_ProcessBleEvents

i.CyBleStackMgr_Shutdown
                0x10083410       0x20
 i.CyBleStackMgr_Shutdown
                0x10083410       0x20 Generated_Source\PSoC6\pdl\middleware\ble\lib\cy_ble_stack_gcc_host_ipc_cm4.a(CyBleStackMgrIP_Interface.o)
                0x10083410                CyBleStackMgr_Shutdown

i.CyBle_GetHeapMemory
                0x10083430       0x3c
 i.CyBle_GetHeapMemory
                0x10083430       0x3c Generated_Source\PSoC6\pdl\middleware\ble\lib\cy_ble_stack_gcc_host_ipc_cm4.a(CyBleStackMgrIP_Interface.o)
                0x10083430                CyBle_GetHeapMemory

i.CyBle_GetNumAppBufferPools
                0x1008346c        0xc
 i.CyBle_GetNumAppBufferPools
                0x1008346c        0xc Generated_Source\PSoC6\pdl\middleware\ble\lib\cy_ble_stack_gcc_host_ipc_cm4.a(CyBleStackMgrIP_Interface.o)
                0x1008346c                CyBle_GetNumAppBufferPools

i.CyBle_HostStackBufferPoolInit
                0x10083478       0xc4
 i.CyBle_HostStackBufferPoolInit
                0x10083478       0xc4 Generated_Source\PSoC6\pdl\middleware\ble\lib\cy_ble_stack_gcc_host_ipc_cm4.a(CyBleStackMgrIP_Interface.o)

i.CyBle_SortBufers
                0x1008353c       0x40
 i.CyBle_SortBufers
                0x1008353c       0x40 Generated_Source\PSoC6\pdl\middleware\ble\lib\cy_ble_stack_gcc_host_ipc_cm4.a(CyBleStackMgrIP_Interface.o)
                0x1008353c                CyBle_SortBufers

i.CyBle_StackGetConfigPtr
                0x1008357c        0x8
 i.CyBle_StackGetConfigPtr
                0x1008357c        0x8 Generated_Source\PSoC6\pdl\middleware\ble\lib\cy_ble_stack_gcc_host_ipc_cm4.a(CyBleStackMgrIP_Interface.o)
                0x1008357c                CyBle_StackGetConfigPtr

i.Cy_BLE_EnablePrivacyFeature
                0x10083584        0x4
 i.Cy_BLE_EnablePrivacyFeature
                0x10083584        0x4 Generated_Source\PSoC6\pdl\middleware\ble\lib\cy_ble_stack_gcc_host_ipc_cm4.a(CyBleStackMgrIP_Interface.o)
                0x10083584                Cy_BLE_EnablePrivacyFeature

i.Cy_BLE_GetStackLibraryVersion
                0x10083588       0x20
 i.Cy_BLE_GetStackLibraryVersion
                0x10083588       0x20 Generated_Source\PSoC6\pdl\middleware\ble\lib\cy_ble_stack_gcc_host_ipc_cm4.a(CyBleStackMgrIP_Interface.o)
                0x10083588                Cy_BLE_GetStackLibraryVersion

i.Cy_BLE_ProcessEvents
                0x100835a8        0x4
 i.Cy_BLE_ProcessEvents
                0x100835a8        0x4 Generated_Source\PSoC6\pdl\middleware\ble\lib\cy_ble_stack_gcc_host_ipc_cm4.a(CyBleStackMgrIP_Interface.o)
                0x100835a8                Cy_BLE_ProcessEvents

i.Cy_BLE_StackEnterLPM
                0x100835ac       0x16
 i.Cy_BLE_StackEnterLPM
                0x100835ac       0x16 Generated_Source\PSoC6\pdl\middleware\ble\lib\cy_ble_stack_gcc_host_ipc_cm4.a(CyBleStackMgrIP_Interface.o)
                0x100835ac                Cy_BLE_StackEnterLPM

i.Cy_BLE_StackGetBleSsState
                0x100835c2        0x4
 i.Cy_BLE_StackGetBleSsState
                0x100835c2        0x4 Generated_Source\PSoC6\pdl\middleware\ble\lib\cy_ble_stack_gcc_host_ipc_cm4.a(CyBleStackMgrIP_Interface.o)
                0x100835c2                Cy_BLE_StackGetBleSsState

i.Cy_BLE_StackGetFeatureConfig
                0x100835c8       0x20
 i.Cy_BLE_StackGetFeatureConfig
                0x100835c8       0x20 Generated_Source\PSoC6\pdl\middleware\ble\lib\cy_ble_stack_gcc_host_ipc_cm4.a(CyBleStackMgrIP_Interface.o)
                0x100835c8                Cy_BLE_StackGetFeatureConfig

i.Cy_BLE_StackInit
                0x100835e8       0x70
 i.Cy_BLE_StackInit
                0x100835e8       0x70 Generated_Source\PSoC6\pdl\middleware\ble\lib\cy_ble_stack_gcc_host_ipc_cm4.a(CyBleStackMgrIP_Interface.o)
                0x100835e8                Cy_BLE_StackInit

i.Cy_BLE_StackSetFeatureConfig
                0x10083658       0x54
 i.Cy_BLE_StackSetFeatureConfig
                0x10083658       0x54 Generated_Source\PSoC6\pdl\middleware\ble\lib\cy_ble_stack_gcc_host_ipc_cm4.a(CyBleStackMgrIP_Interface.o)
                0x10083658                Cy_BLE_StackSetFeatureConfig

i.ble_stack_idle_task_callback
                0x100836ac        0x2
 i.ble_stack_idle_task_callback
                0x100836ac        0x2 Generated_Source\PSoC6\pdl\middleware\ble\lib\cy_ble_stack_gcc_host_ipc_cm4.a(CyBleStackMgrIP_Interface.o)
                0x100836ac                ble_stack_idle_task_callback

i.BT_OSFreeBuf  0x100836b0       0x20
 i.BT_OSFreeBuf
                0x100836b0       0x20 Generated_Source\PSoC6\pdl\middleware\ble\lib\cy_ble_stack_gcc_host_ipc_cm4.a(BT_os.o)
                0x100836b0                BT_OSFreeBuf

i.BT_OSGetBuF   0x100836d0       0x30
 i.BT_OSGetBuF  0x100836d0       0x30 Generated_Source\PSoC6\pdl\middleware\ble\lib\cy_ble_stack_gcc_host_ipc_cm4.a(BT_os.o)
                0x100836d0                BT_OSGetBuF

i.BT_OSMemCreate
                0x10083700       0x3c
 i.BT_OSMemCreate
                0x10083700       0x3c Generated_Source\PSoC6\pdl\middleware\ble\lib\cy_ble_stack_gcc_host_ipc_cm4.a(BT_os.o)
                0x10083700                BT_OSMemCreate

i.BT_alloc_mem_ext
                0x1008373c       0x40
 i.BT_alloc_mem_ext
                0x1008373c       0x40 Generated_Source\PSoC6\pdl\middleware\ble\lib\cy_ble_stack_gcc_host_ipc_cm4.a(BT_os.o)
                0x1008373c                BT_alloc_mem_ext

i.BT_free_mem   0x1008377c        0xa
 i.BT_free_mem  0x1008377c        0xa Generated_Source\PSoC6\pdl\middleware\ble\lib\cy_ble_stack_gcc_host_ipc_cm4.a(BT_os.o)
                0x1008377c                BT_free_mem

i.bt_stack_create_buffer_pool
                0x10083788       0x2c
 i.bt_stack_create_buffer_pool
                0x10083788       0x2c Generated_Source\PSoC6\pdl\middleware\ble\lib\cy_ble_stack_gcc_host_ipc_cm4.a(BT_os.o)
                0x10083788                bt_stack_create_buffer_pool

i.CyBle_CreateBleStackTask
                0x100837b4       0x30
 i.CyBle_CreateBleStackTask
                0x100837b4       0x30 Generated_Source\PSoC6\pdl\middleware\ble\lib\cy_ble_stack_gcc_host_ipc_cm4.a(CyBleStackMgr_StackTaskHandler.o)
                0x100837b4                CyBle_CreateBleStackTask

i.CyBle_SignalBleStackTask
                0x100837e4       0x38
 i.CyBle_SignalBleStackTask
                0x100837e4       0x38 Generated_Source\PSoC6\pdl\middleware\ble\lib\cy_ble_stack_gcc_host_ipc_cm4.a(CyBleStackMgr_StackTaskHandler.o)
                0x100837e4                CyBle_SignalBleStackTask

i.CyBle_StackTaskHandler
                0x1008381c       0x74
 i.CyBle_StackTaskHandler
                0x1008381c       0x74 Generated_Source\PSoC6\pdl\middleware\ble\lib\cy_ble_stack_gcc_host_ipc_cm4.a(CyBleStackMgr_StackTaskHandler.o)
                0x1008381c                CyBle_StackTaskHandler

i.IsStackTaskFree
                0x10083890        0xc
 i.IsStackTaskFree
                0x10083890        0xc Generated_Source\PSoC6\pdl\middleware\ble\lib\cy_ble_stack_gcc_host_ipc_cm4.a(CyBleStackMgr_StackTaskHandler.o)
                0x10083890                IsStackTaskFree

i.storage_bt_init_pl
                0x1008389c       0x8c
 i.storage_bt_init_pl
                0x1008389c       0x8c Generated_Source\PSoC6\pdl\middleware\ble\lib\cy_ble_stack_gcc_host_ipc_cm4.a(storage_pl.o)
                0x1008389c                storage_bt_init_pl

i.storage_bt_reset_offset
                0x10083928       0x3c
 i.storage_bt_reset_offset
                0x10083928       0x3c Generated_Source\PSoC6\pdl\middleware\ble\lib\cy_ble_stack_gcc_host_ipc_cm4.a(storage_pl.o)
                0x10083928                storage_bt_reset_offset

i.storage_manager_init
                0x10083964       0x58
 i.storage_manager_init
                0x10083964       0x58 Generated_Source\PSoC6\pdl\middleware\ble\lib\cy_ble_stack_gcc_host_ipc_cm4.a(storage_pl.o)
                0x10083964                storage_manager_init

i.storage_manager_register_module
                0x100839bc       0x68
 i.storage_manager_register_module
                0x100839bc       0x68 Generated_Source\PSoC6\pdl\middleware\ble\lib\cy_ble_stack_gcc_host_ipc_cm4.a(storage_pl.o)
                0x100839bc                storage_manager_register_module

i.storage_validate_init_params
                0x10083a24       0x98
 i.storage_validate_init_params
                0x10083a24       0x98 Generated_Source\PSoC6\pdl\middleware\ble\lib\cy_ble_stack_gcc_host_ipc_cm4.a(storage_pl.o)
                0x10083a24                storage_validate_init_params

i.OS_init       0x10083abc       0x64
 i.OS_init      0x10083abc       0x64 Generated_Source\PSoC6\pdl\middleware\ble\lib\cy_ble_stack_gcc_host_ipc_cm4.a(mint_os.o)
                0x10083abc                OS_init

i.OS_shutdown   0x10083b20        0x4
 i.OS_shutdown  0x10083b20        0x4 Generated_Source\PSoC6\pdl\middleware\ble\lib\cy_ble_stack_gcc_host_ipc_cm4.a(mint_os.o)
                0x10083b20                OS_shutdown

i.mintos_malloc
                0x10083b24       0x34
 i.mintos_malloc
                0x10083b24       0x34 Generated_Source\PSoC6\pdl\middleware\ble\lib\cy_ble_stack_gcc_host_ipc_cm4.a(mint_os.o)
                0x10083b24                mintos_malloc

i.OS_create_queue
                0x10083b58       0x74
 i.OS_create_queue
                0x10083b58       0x74 Generated_Source\PSoC6\pdl\middleware\ble\lib\cy_ble_stack_gcc_host_ipc_cm4.a(mint_os_queue.o)
                0x10083b58                OS_create_queue

i.OS_enqueue_item
                0x10083bcc       0x9c
 i.OS_enqueue_item
                0x10083bcc       0x9c Generated_Source\PSoC6\pdl\middleware\ble\lib\cy_ble_stack_gcc_host_ipc_cm4.a(mint_os_queue.o)
                0x10083bcc                OS_enqueue_item

i.OS_queue_get_num_of_items
                0x10083c68       0x2c
 i.OS_queue_get_num_of_items
                0x10083c68       0x2c Generated_Source\PSoC6\pdl\middleware\ble\lib\cy_ble_stack_gcc_host_ipc_cm4.a(mint_os_queue.o)
                0x10083c68                OS_queue_get_num_of_items

i.OS_queue_mgmt_init
                0x10083c94       0x58
 i.OS_queue_mgmt_init
                0x10083c94       0x58 Generated_Source\PSoC6\pdl\middleware\ble\lib\cy_ble_stack_gcc_host_ipc_cm4.a(mint_os_queue.o)
                0x10083c94                OS_queue_mgmt_init

i.OS_remove_item
                0x10083cec       0xb8
 i.OS_remove_item
                0x10083cec       0xb8 Generated_Source\PSoC6\pdl\middleware\ble\lib\cy_ble_stack_gcc_host_ipc_cm4.a(mint_os_queue.o)
                0x10083cec                OS_remove_item

i.OS_create_task
                0x10083da4       0x88
 i.OS_create_task
                0x10083da4       0x88 Generated_Source\PSoC6\pdl\middleware\ble\lib\cy_ble_stack_gcc_host_ipc_cm4.a(mint_os_task.o)
                0x10083da4                OS_create_task

i.OS_is_task_free
                0x10083e2c       0x30
 i.OS_is_task_free
                0x10083e2c       0x30 Generated_Source\PSoC6\pdl\middleware\ble\lib\cy_ble_stack_gcc_host_ipc_cm4.a(mint_os_task.o)
                0x10083e2c                OS_is_task_free

i.OS_scheduler  0x10083e5c       0x64
 i.OS_scheduler
                0x10083e5c       0x64 Generated_Source\PSoC6\pdl\middleware\ble\lib\cy_ble_stack_gcc_host_ipc_cm4.a(mint_os_task.o)
                0x10083e5c                OS_scheduler

i.OS_send_signal_to_task
                0x10083ec0        0xc
 i.OS_send_signal_to_task
                0x10083ec0        0xc Generated_Source\PSoC6\pdl\middleware\ble\lib\cy_ble_stack_gcc_host_ipc_cm4.a(mint_os_task.o)
                0x10083ec0                OS_send_signal_to_task

i.OS_send_signal_to_task_context
                0x10083ecc       0x3c
 i.OS_send_signal_to_task_context
                0x10083ecc       0x3c Generated_Source\PSoC6\pdl\middleware\ble\lib\cy_ble_stack_gcc_host_ipc_cm4.a(mint_os_task.o)

i.OS_task_mgmt_init
                0x10083f08       0x60
 i.OS_task_mgmt_init
                0x10083f08       0x60 Generated_Source\PSoC6\pdl\middleware\ble\lib\cy_ble_stack_gcc_host_ipc_cm4.a(mint_os_task.o)
                0x10083f08                OS_task_mgmt_init

i.mint_buf_mgmt_allocate_buffer
                0x10083f68       0x54
 i.mint_buf_mgmt_allocate_buffer
                0x10083f68       0x54 Generated_Source\PSoC6\pdl\middleware\ble\lib\cy_ble_stack_gcc_host_ipc_cm4.a(mint_buf_mgmt.o)
                0x10083f68                mint_buf_mgmt_allocate_buffer

i.mint_buf_mgmt_create_pool
                0x10083fbc       0xd4
 i.mint_buf_mgmt_create_pool
                0x10083fbc       0xd4 Generated_Source\PSoC6\pdl\middleware\ble\lib\cy_ble_stack_gcc_host_ipc_cm4.a(mint_buf_mgmt.o)
                0x10083fbc                mint_buf_mgmt_create_pool

i.mint_buf_mgmt_free_buffer
                0x10084090       0xac
 i.mint_buf_mgmt_free_buffer
                0x10084090       0xac Generated_Source\PSoC6\pdl\middleware\ble\lib\cy_ble_stack_gcc_host_ipc_cm4.a(mint_buf_mgmt.o)
                0x10084090                mint_buf_mgmt_free_buffer

i.mint_buf_mgmt_init
                0x1008413c       0x5c
 i.mint_buf_mgmt_init
                0x1008413c       0x5c Generated_Source\PSoC6\pdl\middleware\ble\lib\cy_ble_stack_gcc_host_ipc_cm4.a(mint_buf_mgmt.o)
                0x1008413c                mint_buf_mgmt_init

i.mint_buf_mgmt_malloc
                0x10084198       0x28
 i.mint_buf_mgmt_malloc
                0x10084198       0x28 Generated_Source\PSoC6\pdl\middleware\ble\lib\cy_ble_stack_gcc_host_ipc_cm4.a(mint_buf_mgmt.o)
                0x10084198                mint_buf_mgmt_malloc

i.mint_buf_mgmt_pl_init
                0x100841c0       0x44
 i.mint_buf_mgmt_pl_init
                0x100841c0       0x44 Generated_Source\PSoC6\pdl\middleware\ble\lib\cy_ble_stack_gcc_host_ipc_cm4.a(mint_buf_mgmt.o)
                0x100841c0                mint_buf_mgmt_pl_init

i.mint_buf_mgmt_stack_init
                0x10084204       0x22
 i.mint_buf_mgmt_stack_init
                0x10084204       0x22 Generated_Source\PSoC6\pdl\middleware\ble\lib\cy_ble_stack_gcc_host_ipc_cm4.a(mint_buf_mgmt.o)
                0x10084204                mint_buf_mgmt_stack_init

i.mint_buf_mgmt_stack_pop
                0x10084226       0x34
 i.mint_buf_mgmt_stack_pop
                0x10084226       0x34 Generated_Source\PSoC6\pdl\middleware\ble\lib\cy_ble_stack_gcc_host_ipc_cm4.a(mint_buf_mgmt.o)
                0x10084226                mint_buf_mgmt_stack_pop

i.mint_buf_mgmt_stack_push
                0x1008425a       0x34
 i.mint_buf_mgmt_stack_push
                0x1008425a       0x34 Generated_Source\PSoC6\pdl\middleware\ble\lib\cy_ble_stack_gcc_host_ipc_cm4.a(mint_buf_mgmt.o)
                0x1008425a                mint_buf_mgmt_stack_push

i.mint_buf_mgmt_stack_search_item
                0x1008428e       0x2e
 i.mint_buf_mgmt_stack_search_item
                0x1008428e       0x2e Generated_Source\PSoC6\pdl\middleware\ble\lib\cy_ble_stack_gcc_host_ipc_cm4.a(mint_buf_mgmt.o)
                0x1008428e                mint_buf_mgmt_stack_search_item

i.CyBleHost_HciIpcFreePktBuffer
                0x100842bc       0x2e
 i.CyBleHost_HciIpcFreePktBuffer
                0x100842bc       0x2e Generated_Source\PSoC6\pdl\middleware\ble\lib\cy_ble_stack_gcc_host_ipc_cm4.a(transport_ipc.o)
                0x100842bc                CyBleHost_HciIpcFreePktBuffer

i.CyBleHost_HciIpcMsgCompleteReceive
                0x100842ec       0x28
 i.CyBleHost_HciIpcMsgCompleteReceive
                0x100842ec       0x28 Generated_Source\PSoC6\pdl\middleware\ble\lib\cy_ble_stack_gcc_host_ipc_cm4.a(transport_ipc.o)
                0x100842ec                CyBleHost_HciIpcMsgCompleteReceive

i.CyBleHost_HciIpcMsgReceive
                0x10084314       0x28
 i.CyBleHost_HciIpcMsgReceive
                0x10084314       0x28 Generated_Source\PSoC6\pdl\middleware\ble\lib\cy_ble_stack_gcc_host_ipc_cm4.a(transport_ipc.o)
                0x10084314                CyBleHost_HciIpcMsgReceive

i.hci_transport_bt_shutdown
                0x1008433c        0x4
 i.hci_transport_bt_shutdown
                0x1008433c        0x4 Generated_Source\PSoC6\pdl\middleware\ble\lib\cy_ble_stack_gcc_host_ipc_cm4.a(transport_ipc.o)
                0x1008433c                hci_transport_bt_shutdown

i.hci_transport_init
                0x10084340       0x10
 i.hci_transport_init
                0x10084340       0x10 Generated_Source\PSoC6\pdl\middleware\ble\lib\cy_ble_stack_gcc_host_ipc_cm4.a(transport_ipc.o)
                0x10084340                hci_transport_init

i.hci_transport_write_data
                0x10084350       0x9c
 i.hci_transport_write_data
                0x10084350       0x9c Generated_Source\PSoC6\pdl\middleware\ble\lib\cy_ble_stack_gcc_host_ipc_cm4.a(transport_ipc.o)
                0x10084350                hci_transport_write_data

i.CyBleHost_IPC_HAL_Init
                0x100843ec       0x40
 i.CyBleHost_IPC_HAL_Init
                0x100843ec       0x40 Generated_Source\PSoC6\pdl\middleware\ble\lib\cy_ble_stack_gcc_host_ipc_cm4.a(CyBleStackMgr_PSoCIPCHal.o)
                0x100843ec                CyBleHost_IPC_HAL_Init

i.CyBleHost_IPC_HAL_InitWithStaticMem
                0x1008442c        0xc
 i.CyBleHost_IPC_HAL_InitWithStaticMem
                0x1008442c        0xc Generated_Source\PSoC6\pdl\middleware\ble\lib\cy_ble_stack_gcc_host_ipc_cm4.a(CyBleStackMgr_PSoCIPCHal.o)
                0x1008442c                CyBleHost_IPC_HAL_InitWithStaticMem

i.CyBleHost_IPC_HAL_IsQueueEmpty
                0x10084438       0x24
 i.CyBleHost_IPC_HAL_IsQueueEmpty
                0x10084438       0x24 Generated_Source\PSoC6\pdl\middleware\ble\lib\cy_ble_stack_gcc_host_ipc_cm4.a(CyBleStackMgr_PSoCIPCHal.o)
                0x10084438                CyBleHost_IPC_HAL_IsQueueEmpty

i.CyBleHost_IPC_HAL_PipeReleaseCallback
                0x1008445c       0x1c
 i.CyBleHost_IPC_HAL_PipeReleaseCallback
                0x1008445c       0x1c Generated_Source\PSoC6\pdl\middleware\ble\lib\cy_ble_stack_gcc_host_ipc_cm4.a(CyBleStackMgr_PSoCIPCHal.o)

i.CyBleHost_IPC_HAL_ProcessMsgQ
                0x10084478       0x3c
 i.CyBleHost_IPC_HAL_ProcessMsgQ
                0x10084478       0x3c Generated_Source\PSoC6\pdl\middleware\ble\lib\cy_ble_stack_gcc_host_ipc_cm4.a(CyBleStackMgr_PSoCIPCHal.o)
                0x10084478                CyBleHost_IPC_HAL_ProcessMsgQ

i.CyBleHost_IPC_HAL_PushMessage
                0x100844b4       0x48
 i.CyBleHost_IPC_HAL_PushMessage
                0x100844b4       0x48 Generated_Source\PSoC6\pdl\middleware\ble\lib\cy_ble_stack_gcc_host_ipc_cm4.a(CyBleStackMgr_PSoCIPCHal.o)

i.CyBleHost_IPC_HAL_Reset
                0x100844fc       0x30
 i.CyBleHost_IPC_HAL_Reset
                0x100844fc       0x30 Generated_Source\PSoC6\pdl\middleware\ble\lib\cy_ble_stack_gcc_host_ipc_cm4.a(CyBleStackMgr_PSoCIPCHal.o)
                0x100844fc                CyBleHost_IPC_HAL_Reset

i.CyBleHost_IPC_HAL_SendEnqueue
                0x1008452c       0x10
 i.CyBleHost_IPC_HAL_SendEnqueue
                0x1008452c       0x10 Generated_Source\PSoC6\pdl\middleware\ble\lib\cy_ble_stack_gcc_host_ipc_cm4.a(CyBleStackMgr_PSoCIPCHal.o)
                0x1008452c                CyBleHost_IPC_HAL_SendEnqueue

i.CyBle_BluetoothOnCmptCB
                0x1008453c       0x60
 i.CyBle_BluetoothOnCmptCB
                0x1008453c       0x60 Generated_Source\PSoC6\pdl\middleware\ble\lib\cy_ble_stack_gcc_host_ipc_cm4.a(host_main.o)

i.CyBle_HostDisableFeatures
                0x1008459c       0x12
 i.CyBle_HostDisableFeatures
                0x1008459c       0x12 Generated_Source\PSoC6\pdl\middleware\ble\lib\cy_ble_stack_gcc_host_ipc_cm4.a(host_main.o)
                0x1008459c                CyBle_HostDisableFeatures

i.CyBle_HostInit
                0x100845b0       0x68
 i.CyBle_HostInit
                0x100845b0       0x68 Generated_Source\PSoC6\pdl\middleware\ble\lib\cy_ble_stack_gcc_host_ipc_cm4.a(host_main.o)
                0x100845b0                CyBle_HostInit

i.CyBle_HostIsStackFree
                0x10084618       0x16
 i.CyBle_HostIsStackFree
                0x10084618       0x16 Generated_Source\PSoC6\pdl\middleware\ble\lib\cy_ble_stack_gcc_host_ipc_cm4.a(host_main.o)
                0x10084618                CyBle_HostIsStackFree

i.CyBle_HostSetFeatureConfig
                0x10084630       0x80
 i.CyBle_HostSetFeatureConfig
                0x10084630       0x80 Generated_Source\PSoC6\pdl\middleware\ble\lib\cy_ble_stack_gcc_host_ipc_cm4.a(host_main.o)
                0x10084630                CyBle_HostSetFeatureConfig

i.CyBle_HostStackHeapDeInit
                0x100846b0       0x1e
 i.CyBle_HostStackHeapDeInit
                0x100846b0       0x1e Generated_Source\PSoC6\pdl\middleware\ble\lib\cy_ble_stack_gcc_host_ipc_cm4.a(host_main.o)
                0x100846b0                CyBle_HostStackHeapDeInit

i.CyBle_HostStackHeapInit
                0x100846d0       0x4c
 i.CyBle_HostStackHeapInit
                0x100846d0       0x4c Generated_Source\PSoC6\pdl\middleware\ble\lib\cy_ble_stack_gcc_host_ipc_cm4.a(host_main.o)
                0x100846d0                CyBle_HostStackHeapInit

i.CyBle_HostStackInit
                0x1008471c       0x30
 i.CyBle_HostStackInit
                0x1008471c       0x30 Generated_Source\PSoC6\pdl\middleware\ble\lib\cy_ble_stack_gcc_host_ipc_cm4.a(host_main.o)
                0x1008471c                CyBle_HostStackInit

i.CyBle_HostStackOn
                0x1008474c       0x30
 i.CyBle_HostStackOn
                0x1008474c       0x30 Generated_Source\PSoC6\pdl\middleware\ble\lib\cy_ble_stack_gcc_host_ipc_cm4.a(host_main.o)

i.CyBle_HostValidateAppBuffers
                0x1008477c       0x4c
 i.CyBle_HostValidateAppBuffers
                0x1008477c       0x4c Generated_Source\PSoC6\pdl\middleware\ble\lib\cy_ble_stack_gcc_host_ipc_cm4.a(host_main.o)
                0x1008477c                CyBle_HostValidateAppBuffers

i.CyBle_HostValidateInputParams
                0x100847c8       0xc4
 i.CyBle_HostValidateInputParams
                0x100847c8       0xc4 Generated_Source\PSoC6\pdl\middleware\ble\lib\cy_ble_stack_gcc_host_ipc_cm4.a(host_main.o)
                0x100847c8                CyBle_HostValidateInputParams

i.CyBle_SendEvToApp
                0x1008488c       0x14
 i.CyBle_SendEvToApp
                0x1008488c       0x14 Generated_Source\PSoC6\pdl\middleware\ble\lib\cy_ble_stack_gcc_host_ipc_cm4.a(host_main.o)
                0x1008488c                CyBle_SendEvToApp

i.CyBle_ShutdownResetComplete
                0x100848a0       0x78
 i.CyBle_ShutdownResetComplete
                0x100848a0       0x78 Generated_Source\PSoC6\pdl\middleware\ble\lib\cy_ble_stack_gcc_host_ipc_cm4.a(host_main.o)
                0x100848a0                CyBle_ShutdownResetComplete

i.CyBle_StackResetGlobalVariables
                0x10084918       0x14
 i.CyBle_StackResetGlobalVariables
                0x10084918       0x14 Generated_Source\PSoC6\pdl\middleware\ble\lib\cy_ble_stack_gcc_host_ipc_cm4.a(host_main.o)

i.CyBle_StackResetShutdown
                0x1008492c        0xa
 i.CyBle_StackResetShutdown
                0x1008492c        0xa Generated_Source\PSoC6\pdl\middleware\ble\lib\cy_ble_stack_gcc_host_ipc_cm4.a(host_main.o)

i.Cy_BLE_StackShutdown
                0x10084938       0x20
 i.Cy_BLE_StackShutdown
                0x10084938       0x20 Generated_Source\PSoC6\pdl\middleware\ble\lib\cy_ble_stack_gcc_host_ipc_cm4.a(host_main.o)
                0x10084938                Cy_BLE_StackShutdown

i.BT_att_access_mtu
                0x10084958       0x24
 i.BT_att_access_mtu
                0x10084958       0x24 Generated_Source\PSoC6\pdl\middleware\ble\lib\cy_ble_stack_gcc_host_ipc_cm4.a(att_api.o)
                0x10084958                BT_att_access_mtu

i.BT_att_check_connected_state
                0x1008497c       0x38
 i.BT_att_check_connected_state
                0x1008497c       0x38 Generated_Source\PSoC6\pdl\middleware\ble\lib\cy_ble_stack_gcc_host_ipc_cm4.a(att_api.o)
                0x1008497c                BT_att_check_connected_state

i.BT_att_get_att_handle_from_device_id
                0x100849b4       0x34
 i.BT_att_get_att_handle_from_device_id
                0x100849b4       0x34 Generated_Source\PSoC6\pdl\middleware\ble\lib\cy_ble_stack_gcc_host_ipc_cm4.a(att_api.o)
                0x100849b4                BT_att_get_att_handle_from_device_id

i.BT_att_get_stop_long_procedure_state
                0x100849e8       0x10
 i.BT_att_get_stop_long_procedure_state
                0x100849e8       0x10 Generated_Source\PSoC6\pdl\middleware\ble\lib\cy_ble_stack_gcc_host_ipc_cm4.a(att_api.o)
                0x100849e8                BT_att_get_stop_long_procedure_state

i.BT_att_register
                0x100849f8       0x24
 i.BT_att_register
                0x100849f8       0x24 Generated_Source\PSoC6\pdl\middleware\ble\lib\cy_ble_stack_gcc_host_ipc_cm4.a(att_api.o)
                0x100849f8                BT_att_register

i.BT_att_send_pdu
                0x10084a1c      0x5a4
 i.BT_att_send_pdu
                0x10084a1c      0x5a4 Generated_Source\PSoC6\pdl\middleware\ble\lib\cy_ble_stack_gcc_host_ipc_cm4.a(att_api.o)
                0x10084a1c                BT_att_send_pdu

i.BT_att_set_stop_long_procedure
                0x10084fc0       0x20
 i.BT_att_set_stop_long_procedure
                0x10084fc0       0x20 Generated_Source\PSoC6\pdl\middleware\ble\lib\cy_ble_stack_gcc_host_ipc_cm4.a(att_api.o)
                0x10084fc0                BT_att_set_stop_long_procedure

i.att_bt_init   0x10084fe0       0x48
 i.att_bt_init  0x10084fe0       0x48 Generated_Source\PSoC6\pdl\middleware\ble\lib\cy_ble_stack_gcc_host_ipc_cm4.a(att_init.o)
                0x10084fe0                att_bt_init

i.att_bt_shutdown
                0x10085028        0x2
 i.att_bt_shutdown
                0x10085028        0x2 Generated_Source\PSoC6\pdl\middleware\ble\lib\cy_ble_stack_gcc_host_ipc_cm4.a(att_init.o)
                0x10085028                att_bt_shutdown

i.att_get_heap_req
                0x1008502a        0x4
 i.att_get_heap_req
                0x1008502a        0x4 Generated_Source\PSoC6\pdl\middleware\ble\lib\cy_ble_stack_gcc_host_ipc_cm4.a(att_init.o)
                0x1008502a                att_get_heap_req

i.att_heap_deinit
                0x10085030        0xc
 i.att_heap_deinit
                0x10085030        0xc Generated_Source\PSoC6\pdl\middleware\ble\lib\cy_ble_stack_gcc_host_ipc_cm4.a(att_init.o)
                0x10085030                att_heap_deinit

i.att_heap_init
                0x1008503c        0xc
 i.att_heap_init
                0x1008503c        0xc Generated_Source\PSoC6\pdl\middleware\ble\lib\cy_ble_stack_gcc_host_ipc_cm4.a(att_init.o)
                0x1008503c                att_heap_init

i.att_init      0x10085048        0x2
 i.att_init     0x10085048        0x2 Generated_Source\PSoC6\pdl\middleware\ble\lib\cy_ble_stack_gcc_host_ipc_cm4.a(att_init.o)
                0x10085048                att_init

i.att_access_state_handler
                0x1008504c       0x18
 i.att_access_state_handler
                0x1008504c       0x18 Generated_Source\PSoC6\pdl\middleware\ble\lib\cy_ble_stack_gcc_host_ipc_cm4.a(att_internal.o)
                0x1008504c                att_access_state_handler

i.att_fsm_change_state
                0x10085064       0xd8
 i.att_fsm_change_state
                0x10085064       0xd8 Generated_Source\PSoC6\pdl\middleware\ble\lib\cy_ble_stack_gcc_host_ipc_cm4.a(att_internal.o)
                0x10085064                att_fsm_change_state

i.att_fsm_set_state
                0x1008513c       0x48
 i.att_fsm_set_state
                0x1008513c       0x48 Generated_Source\PSoC6\pdl\middleware\ble\lib\cy_ble_stack_gcc_host_ipc_cm4.a(att_internal.o)
                0x1008513c                att_fsm_set_state

i.att_get_fsm_event
                0x10085184       0x1e
 i.att_get_fsm_event
                0x10085184       0x1e Generated_Source\PSoC6\pdl\middleware\ble\lib\cy_ble_stack_gcc_host_ipc_cm4.a(att_internal.o)
                0x10085184                att_get_fsm_event

i.att_l2cap_data_cb
                0x100851a4      0x158
 i.att_l2cap_data_cb
                0x100851a4      0x158 Generated_Source\PSoC6\pdl\middleware\ble\lib\cy_ble_stack_gcc_host_ipc_cm4.a(att_internal.o)
                0x100851a4                att_l2cap_data_cb

i.att_notify_application
                0x100852fc       0x70
 i.att_notify_application
                0x100852fc       0x70 Generated_Source\PSoC6\pdl\middleware\ble\lib\cy_ble_stack_gcc_host_ipc_cm4.a(att_internal.o)
                0x100852fc                att_notify_application

i.att_pack_handle_list
                0x1008536c       0x4c
 i.att_pack_handle_list
                0x1008536c       0x4c Generated_Source\PSoC6\pdl\middleware\ble\lib\cy_ble_stack_gcc_host_ipc_cm4.a(att_internal.o)
                0x1008536c                att_pack_handle_list

i.att_pack_handle_value_pair
                0x100853b8       0x48
 i.att_pack_handle_value_pair
                0x100853b8       0x48 Generated_Source\PSoC6\pdl\middleware\ble\lib\cy_ble_stack_gcc_host_ipc_cm4.a(att_internal.o)
                0x100853b8                att_pack_handle_value_pair

i.att_pack_value
                0x10085400       0x44
 i.att_pack_value
                0x10085400       0x44 Generated_Source\PSoC6\pdl\middleware\ble\lib\cy_ble_stack_gcc_host_ipc_cm4.a(att_internal.o)
                0x10085400                att_pack_value

i.att_timer_cb  0x10085444       0x6c
 i.att_timer_cb
                0x10085444       0x6c Generated_Source\PSoC6\pdl\middleware\ble\lib\cy_ble_stack_gcc_host_ipc_cm4.a(att_internal.o)
                0x10085444                att_timer_cb

i.att_transport_write
                0x100854b0       0x46
 i.att_transport_write
                0x100854b0       0x46 Generated_Source\PSoC6\pdl\middleware\ble\lib\cy_ble_stack_gcc_host_ipc_cm4.a(att_internal.o)
                0x100854b0                att_transport_write

i.BT_bluetooth_get_stack_init_state
                0x100854f8       0x18
 i.BT_bluetooth_get_stack_init_state
                0x100854f8       0x18 Generated_Source\PSoC6\pdl\middleware\ble\lib\cy_ble_stack_gcc_host_ipc_cm4.a(BT_common.o)
                0x100854f8                BT_bluetooth_get_stack_init_state

i.BT_bluetooth_off
                0x10085510       0x40
 i.BT_bluetooth_off
                0x10085510       0x40 Generated_Source\PSoC6\pdl\middleware\ble\lib\cy_ble_stack_gcc_host_ipc_cm4.a(BT_common.o)
                0x10085510                BT_bluetooth_off

i.BT_bluetooth_on
                0x10085550       0x54
 i.BT_bluetooth_on
                0x10085550       0x54 Generated_Source\PSoC6\pdl\middleware\ble\lib\cy_ble_stack_gcc_host_ipc_cm4.a(BT_common.o)
                0x10085550                BT_bluetooth_on

i.BT_common_bluetooth_on_complete
                0x100855a4       0x1c
 i.BT_common_bluetooth_on_complete
                0x100855a4       0x1c Generated_Source\PSoC6\pdl\middleware\ble\lib\cy_ble_stack_gcc_host_ipc_cm4.a(BT_common.o)
                0x100855a4                BT_common_bluetooth_on_complete

i.BT_ethermind_init
                0x100855c0       0x38
 i.BT_ethermind_init
                0x100855c0       0x38 Generated_Source\PSoC6\pdl\middleware\ble\lib\cy_ble_stack_gcc_host_ipc_cm4.a(BT_common.o)
                0x100855c0                BT_ethermind_init

i.CyBle_DeviceQueueHeapDeInit
                0x100855f8       0x10
 i.CyBle_DeviceQueueHeapDeInit
                0x100855f8       0x10 Generated_Source\PSoC6\pdl\middleware\ble\lib\cy_ble_stack_gcc_host_ipc_cm4.a(device_queue.o)
                0x100855f8                CyBle_DeviceQueueHeapDeInit

i.CyBle_DeviceQueueHeapInit
                0x10085608       0x50
 i.CyBle_DeviceQueueHeapInit
                0x10085608       0x50 Generated_Source\PSoC6\pdl\middleware\ble\lib\cy_ble_stack_gcc_host_ipc_cm4.a(device_queue.o)
                0x10085608                CyBle_DeviceQueueHeapInit

i.CyBle_DeviceQueueHeapMemReq
                0x10085658       0x46
 i.CyBle_DeviceQueueHeapMemReq
                0x10085658       0x46 Generated_Source\PSoC6\pdl\middleware\ble\lib\cy_ble_stack_gcc_host_ipc_cm4.a(device_queue.o)
                0x10085658                CyBle_DeviceQueueHeapMemReq

i.device_queue_alloc
                0x100856a0       0xe8
 i.device_queue_alloc
                0x100856a0       0xe8 Generated_Source\PSoC6\pdl\middleware\ble\lib\cy_ble_stack_gcc_host_ipc_cm4.a(device_queue.o)
                0x100856a0                device_queue_alloc

i.device_queue_bt_init
                0x10085788       0x3c
 i.device_queue_bt_init
                0x10085788       0x3c Generated_Source\PSoC6\pdl\middleware\ble\lib\cy_ble_stack_gcc_host_ipc_cm4.a(device_queue.o)
                0x10085788                device_queue_bt_init

i.device_queue_bt_shutdown
                0x100857c4        0x4
 i.device_queue_bt_shutdown
                0x100857c4        0x4 Generated_Source\PSoC6\pdl\middleware\ble\lib\cy_ble_stack_gcc_host_ipc_cm4.a(device_queue.o)
                0x100857c4                device_queue_bt_shutdown

i.device_queue_extension_clear_rpa_addr
                0x100857c8       0x64
 i.device_queue_extension_clear_rpa_addr
                0x100857c8       0x64 Generated_Source\PSoC6\pdl\middleware\ble\lib\cy_ble_stack_gcc_host_ipc_cm4.a(device_queue.o)
                0x100857c8                device_queue_extension_clear_rpa_addr

i.device_queue_extension_find_index
                0x1008582c       0x5c
 i.device_queue_extension_find_index
                0x1008582c       0x5c Generated_Source\PSoC6\pdl\middleware\ble\lib\cy_ble_stack_gcc_host_ipc_cm4.a(device_queue.o)
                0x1008582c                device_queue_extension_find_index

i.device_queue_extension_init
                0x10085888       0x14
 i.device_queue_extension_init
                0x10085888       0x14 Generated_Source\PSoC6\pdl\middleware\ble\lib\cy_ble_stack_gcc_host_ipc_cm4.a(device_queue.o)
                0x10085888                device_queue_extension_init

i.device_queue_extension_set_local_pub_priv_addr
                0x1008589c       0x58
 i.device_queue_extension_set_local_pub_priv_addr
                0x1008589c       0x58 Generated_Source\PSoC6\pdl\middleware\ble\lib\cy_ble_stack_gcc_host_ipc_cm4.a(device_queue.o)
                0x1008589c                device_queue_extension_set_local_pub_priv_addr

i.device_queue_extension_set_rpa_addr
                0x100858f4       0x6c
 i.device_queue_extension_set_rpa_addr
                0x100858f4       0x6c Generated_Source\PSoC6\pdl\middleware\ble\lib\cy_ble_stack_gcc_host_ipc_cm4.a(device_queue.o)
                0x100858f4                device_queue_extension_set_rpa_addr

i.device_queue_free
                0x10085960       0x6c
 i.device_queue_free
                0x10085960       0x6c Generated_Source\PSoC6\pdl\middleware\ble\lib\cy_ble_stack_gcc_host_ipc_cm4.a(device_queue.o)
                0x10085960                device_queue_free

i.device_queue_get_local_addr
                0x100859cc       0x4c
 i.device_queue_get_local_addr
                0x100859cc       0x4c Generated_Source\PSoC6\pdl\middleware\ble\lib\cy_ble_stack_gcc_host_ipc_cm4.a(device_queue.o)
                0x100859cc                device_queue_get_local_addr

i.device_queue_get_local_addr_used_for_conn_setup
                0x10085a18       0xe4
 i.device_queue_get_local_addr_used_for_conn_setup
                0x10085a18       0xe4 Generated_Source\PSoC6\pdl\middleware\ble\lib\cy_ble_stack_gcc_host_ipc_cm4.a(device_queue.o)
                0x10085a18                device_queue_get_local_addr_used_for_conn_setup

i.device_queue_get_remote_addr
                0x10085afc       0x5c
 i.device_queue_get_remote_addr
                0x10085afc       0x5c Generated_Source\PSoC6\pdl\middleware\ble\lib\cy_ble_stack_gcc_host_ipc_cm4.a(device_queue.o)
                0x10085afc                device_queue_get_remote_addr

i.device_queue_get_remote_addr_used_for_conn_setup
                0x10085b58       0x8c
 i.device_queue_get_remote_addr_used_for_conn_setup
                0x10085b58       0x8c Generated_Source\PSoC6\pdl\middleware\ble\lib\cy_ble_stack_gcc_host_ipc_cm4.a(device_queue.o)
                0x10085b58                device_queue_get_remote_addr_used_for_conn_setup

i.device_queue_init
                0x10085be4       0x54
 i.device_queue_init
                0x10085be4       0x54 Generated_Source\PSoC6\pdl\middleware\ble\lib\cy_ble_stack_gcc_host_ipc_cm4.a(device_queue.o)
                0x10085be4                device_queue_init

i.device_queue_search_remote_addr
                0x10085c38       0x9c
 i.device_queue_search_remote_addr
                0x10085c38       0x9c Generated_Source\PSoC6\pdl\middleware\ble\lib\cy_ble_stack_gcc_host_ipc_cm4.a(device_queue.o)
                0x10085c38                device_queue_search_remote_addr

i.device_queue_set_curr_addr_type
                0x10085cd4       0x20
 i.device_queue_set_curr_addr_type
                0x10085cd4       0x20 Generated_Source\PSoC6\pdl\middleware\ble\lib\cy_ble_stack_gcc_host_ipc_cm4.a(device_queue.o)
                0x10085cd4                device_queue_set_curr_addr_type

i.device_queue_set_remote_addr
                0x10085cf4       0x4c
 i.device_queue_set_remote_addr
                0x10085cf4       0x4c Generated_Source\PSoC6\pdl\middleware\ble\lib\cy_ble_stack_gcc_host_ipc_cm4.a(device_queue.o)
                0x10085cf4                device_queue_set_remote_addr

i.CyBle_L2capCB
                0x10085d40       0xa8
 i.CyBle_L2capCB
                0x10085d40       0xa8 Generated_Source\PSoC6\pdl\middleware\ble\lib\cy_ble_stack_gcc_host_ipc_cm4.a(l2cap.o)
                0x10085d40                CyBle_L2capCB

i.CyBle_L2capFreeBuffers
                0x10085de8       0x44
 i.CyBle_L2capFreeBuffers
                0x10085de8       0x44 Generated_Source\PSoC6\pdl\middleware\ble\lib\cy_ble_stack_gcc_host_ipc_cm4.a(l2cap.o)
                0x10085de8                CyBle_L2capFreeBuffers

i.CyBle_L2capHeapDeInit
                0x10085e2c       0x1c
 i.CyBle_L2capHeapDeInit
                0x10085e2c       0x1c Generated_Source\PSoC6\pdl\middleware\ble\lib\cy_ble_stack_gcc_host_ipc_cm4.a(l2cap.o)
                0x10085e2c                CyBle_L2capHeapDeInit

i.CyBle_L2capHeapInit
                0x10085e48       0x6c
 i.CyBle_L2capHeapInit
                0x10085e48       0x6c Generated_Source\PSoC6\pdl\middleware\ble\lib\cy_ble_stack_gcc_host_ipc_cm4.a(l2cap.o)
                0x10085e48                CyBle_L2capHeapInit

i.CyBle_L2capHeapReq
                0x10085eb4       0x14
 i.CyBle_L2capHeapReq
                0x10085eb4       0x14 Generated_Source\PSoC6\pdl\middleware\ble\lib\cy_ble_stack_gcc_host_ipc_cm4.a(l2cap.o)
                0x10085eb4                CyBle_L2capHeapReq

i.CyBle_L2capInit
                0x10085ec8      0x1a8
 i.CyBle_L2capInit
                0x10085ec8      0x1a8 Generated_Source\PSoC6\pdl\middleware\ble\lib\cy_ble_stack_gcc_host_ipc_cm4.a(l2cap.o)
                0x10085ec8                CyBle_L2capInit

i.CyBle_L2capMemsetBuffers
                0x10086070       0x70
 i.CyBle_L2capMemsetBuffers
                0x10086070       0x70 Generated_Source\PSoC6\pdl\middleware\ble\lib\cy_ble_stack_gcc_host_ipc_cm4.a(l2cap.o)
                0x10086070                CyBle_L2capMemsetBuffers

i.CyBle_L2capShutdown
                0x100860e0        0xe
 i.CyBle_L2capShutdown
                0x100860e0        0xe Generated_Source\PSoC6\pdl\middleware\ble\lib\cy_ble_stack_gcc_host_ipc_cm4.a(l2cap.o)
                0x100860e0                CyBle_L2capShutdown

i.CyBle_L2capTxQueueFlowCb
                0x100860ee       0x18
 i.CyBle_L2capTxQueueFlowCb
                0x100860ee       0x18 Generated_Source\PSoC6\pdl\middleware\ble\lib\cy_ble_stack_gcc_host_ipc_cm4.a(l2cap.o)
                0x100860ee                CyBle_L2capTxQueueFlowCb

i.l2cap_disconnect_cid
                0x10086108       0xb4
 i.l2cap_disconnect_cid
                0x10086108       0xb4 Generated_Source\PSoC6\pdl\middleware\ble\lib\cy_ble_stack_gcc_host_ipc_cm4.a(l2cap_disconnect.o)
                0x10086108                l2cap_disconnect_cid

i.l2cap_disconnect_req
                0x100861bc       0xd4
 i.l2cap_disconnect_req
                0x100861bc       0xd4 Generated_Source\PSoC6\pdl\middleware\ble\lib\cy_ble_stack_gcc_host_ipc_cm4.a(l2cap_disconnect.o)
                0x100861bc                l2cap_disconnect_req

i.l2cap_disconnect_rsp
                0x10086290       0x9c
 i.l2cap_disconnect_rsp
                0x10086290       0x9c Generated_Source\PSoC6\pdl\middleware\ble\lib\cy_ble_stack_gcc_host_ipc_cm4.a(l2cap_disconnect.o)
                0x10086290                l2cap_disconnect_rsp

i.l2cap_lp_disconnect_ind
                0x1008632c      0x120
 i.l2cap_lp_disconnect_ind
                0x1008632c      0x120 Generated_Source\PSoC6\pdl\middleware\ble\lib\cy_ble_stack_gcc_host_ipc_cm4.a(l2cap_disconnect.o)
                0x1008632c                l2cap_lp_disconnect_ind

i.l2cap_bt_init
                0x1008644c       0xdc
 i.l2cap_bt_init
                0x1008644c       0xdc Generated_Source\PSoC6\pdl\middleware\ble\lib\cy_ble_stack_gcc_host_ipc_cm4.a(l2cap_init.o)
                0x1008644c                l2cap_bt_init

i.l2cap_bt_shutdown
                0x10086528       0x34
 i.l2cap_bt_shutdown
                0x10086528       0x34 Generated_Source\PSoC6\pdl\middleware\ble\lib\cy_ble_stack_gcc_host_ipc_cm4.a(l2cap_init.o)
                0x10086528                l2cap_bt_shutdown

i.l2cap_init    0x1008655c       0x2c
 i.l2cap_init   0x1008655c       0x2c Generated_Source\PSoC6\pdl\middleware\ble\lib\cy_ble_stack_gcc_host_ipc_cm4.a(l2cap_init.o)
                0x1008655c                l2cap_init

i.l2cap_register_tx_queue_flow_cb
                0x10086588       0x14
 i.l2cap_register_tx_queue_flow_cb
                0x10086588       0x14 Generated_Source\PSoC6\pdl\middleware\ble\lib\cy_ble_stack_gcc_host_ipc_cm4.a(l2cap_init.o)
                0x10086588                l2cap_register_tx_queue_flow_cb

i.l2cap_allocate_buffer_element
                0x1008659c       0x90
 i.l2cap_allocate_buffer_element
                0x1008659c       0x90 Generated_Source\PSoC6\pdl\middleware\ble\lib\cy_ble_stack_gcc_host_ipc_cm4.a(l2cap_utils.o)
                0x1008659c                l2cap_allocate_buffer_element

i.l2cap_buffer_dequeue
                0x1008662c       0xd8
 i.l2cap_buffer_dequeue
                0x1008662c       0xd8 Generated_Source\PSoC6\pdl\middleware\ble\lib\cy_ble_stack_gcc_host_ipc_cm4.a(l2cap_utils.o)
                0x1008662c                l2cap_buffer_dequeue

i.l2cap_buffer_enqueue
                0x10086704       0x5c
 i.l2cap_buffer_enqueue
                0x10086704       0x5c Generated_Source\PSoC6\pdl\middleware\ble\lib\cy_ble_stack_gcc_host_ipc_cm4.a(l2cap_utils.o)
                0x10086704                l2cap_buffer_enqueue

i.l2cap_free_buffer_element
                0x10086760      0x144
 i.l2cap_free_buffer_element
                0x10086760      0x144 Generated_Source\PSoC6\pdl\middleware\ble\lib\cy_ble_stack_gcc_host_ipc_cm4.a(l2cap_utils.o)
                0x10086760                l2cap_free_buffer_element

i.l2cap_get_tx_queue_flow_state
                0x100868a4       0x2c
 i.l2cap_get_tx_queue_flow_state
                0x100868a4       0x2c Generated_Source\PSoC6\pdl\middleware\ble\lib\cy_ble_stack_gcc_host_ipc_cm4.a(l2cap_utils.o)
                0x100868a4                l2cap_get_tx_queue_flow_state

i.l2cap_is_handle_in_sigch_list
                0x100868d0       0x38
 i.l2cap_is_handle_in_sigch_list
                0x100868d0       0x38 Generated_Source\PSoC6\pdl\middleware\ble\lib\cy_ble_stack_gcc_host_ipc_cm4.a(l2cap_utils.o)
                0x100868d0                l2cap_is_handle_in_sigch_list

i.l2cap_is_in_sigch_list
                0x10086908       0x44
 i.l2cap_is_in_sigch_list
                0x10086908       0x44 Generated_Source\PSoC6\pdl\middleware\ble\lib\cy_ble_stack_gcc_host_ipc_cm4.a(l2cap_utils.o)
                0x10086908                l2cap_is_in_sigch_list

i.l2cap_is_queue_free
                0x1008694c       0x3c
 i.l2cap_is_queue_free
                0x1008694c       0x3c Generated_Source\PSoC6\pdl\middleware\ble\lib\cy_ble_stack_gcc_host_ipc_cm4.a(l2cap_utils.o)
                0x1008694c                l2cap_is_queue_free

i.l2cap_tx_queue_flow_control
                0x10086988       0x60
 i.l2cap_tx_queue_flow_control
                0x10086988       0x60 Generated_Source\PSoC6\pdl\middleware\ble\lib\cy_ble_stack_gcc_host_ipc_cm4.a(l2cap_utils.o)
                0x10086988                l2cap_tx_queue_flow_control

i.l2cap_data_transmitter_bh
                0x100869e8       0xdc
 i.l2cap_data_transmitter_bh
                0x100869e8       0xdc Generated_Source\PSoC6\pdl\middleware\ble\lib\cy_ble_stack_gcc_host_ipc_cm4.a(l2cap_lmp.o)
                0x100869e8                l2cap_data_transmitter_bh

i.l2cap_frame_tx_pdu
                0x10086ac4       0x9c
 i.l2cap_frame_tx_pdu
                0x10086ac4       0x9c Generated_Source\PSoC6\pdl\middleware\ble\lib\cy_ble_stack_gcc_host_ipc_cm4.a(l2cap_lmp.o)
                0x10086ac4                l2cap_frame_tx_pdu

i.l2cap_lp_data_write
                0x10086b60      0x138
 i.l2cap_lp_data_write
                0x10086b60      0x138 Generated_Source\PSoC6\pdl\middleware\ble\lib\cy_ble_stack_gcc_host_ipc_cm4.a(l2cap_lmp.o)
                0x10086b60                l2cap_lp_data_write

i.l2cap_lp_le_buffer_size
                0x10086c98       0x88
 i.l2cap_lp_le_buffer_size
                0x10086c98       0x88 Generated_Source\PSoC6\pdl\middleware\ble\lib\cy_ble_stack_gcc_host_ipc_cm4.a(l2cap_lmp.o)
                0x10086c98                l2cap_lp_le_buffer_size

i.l2cap_lp_num_completed_packets
                0x10086d20       0x64
 i.l2cap_lp_num_completed_packets
                0x10086d20       0x64 Generated_Source\PSoC6\pdl\middleware\ble\lib\cy_ble_stack_gcc_host_ipc_cm4.a(l2cap_lmp.o)
                0x10086d20                l2cap_lp_num_completed_packets

i.l2cap_schedule_data_tx
                0x10086d84       0x34
 i.l2cap_schedule_data_tx
                0x10086d84       0x34 Generated_Source\PSoC6\pdl\middleware\ble\lib\cy_ble_stack_gcc_host_ipc_cm4.a(l2cap_lmp.o)
                0x10086d84                l2cap_schedule_data_tx

i.BT_l2cap_register_le_event_cb
                0x10086db8       0x14
 i.BT_l2cap_register_le_event_cb
                0x10086db8       0x14 Generated_Source\PSoC6\pdl\middleware\ble\lib\cy_ble_stack_gcc_host_ipc_cm4.a(l2cap_le.o)
                0x10086db8                BT_l2cap_register_le_event_cb

i.l2cap_fixed_channel_data_write
                0x10086dcc       0x6c
 i.l2cap_fixed_channel_data_write
                0x10086dcc       0x6c Generated_Source\PSoC6\pdl\middleware\ble\lib\cy_ble_stack_gcc_host_ipc_cm4.a(l2cap_fixed_channel.o)
                0x10086dcc                l2cap_fixed_channel_data_write

i.l2cap_register_fixed_channel_cb
                0x10086e38       0x24
 i.l2cap_register_fixed_channel_cb
                0x10086e38       0x24 Generated_Source\PSoC6\pdl\middleware\ble\lib\cy_ble_stack_gcc_host_ipc_cm4.a(l2cap_fixed_channel.o)
                0x10086e38                l2cap_register_fixed_channel_cb

i.l2cap_update_fixed_channel_mtu
                0x10086e5c       0x38
 i.l2cap_update_fixed_channel_mtu
                0x10086e5c       0x38 Generated_Source\PSoC6\pdl\middleware\ble\lib\cy_ble_stack_gcc_host_ipc_cm4.a(l2cap_fixed_channel.o)
                0x10086e5c                l2cap_update_fixed_channel_mtu

i.l2cap_allocate_channel
                0x10086e94       0x40
 i.l2cap_allocate_channel
                0x10086e94       0x40 Generated_Source\PSoC6\pdl\middleware\ble\lib\cy_ble_stack_gcc_host_ipc_cm4.a(l2cap_channels.o)
                0x10086e94                l2cap_allocate_channel

i.l2cap_fixed_mode_rx_data_handler
                0x10086ed4       0x24
 i.l2cap_fixed_mode_rx_data_handler
                0x10086ed4       0x24 Generated_Source\PSoC6\pdl\middleware\ble\lib\cy_ble_stack_gcc_host_ipc_cm4.a(l2cap_channels.o)
                0x10086ed4                l2cap_fixed_mode_rx_data_handler

i.l2cap_free_channel
                0x10086ef8      0x114
 i.l2cap_free_channel
                0x10086ef8      0x114 Generated_Source\PSoC6\pdl\middleware\ble\lib\cy_ble_stack_gcc_host_ipc_cm4.a(l2cap_channels.o)
                0x10086ef8                l2cap_free_channel

i.l2cap_search_local_channel
                0x1008700c       0x50
 i.l2cap_search_local_channel
                0x1008700c       0x50 Generated_Source\PSoC6\pdl\middleware\ble\lib\cy_ble_stack_gcc_host_ipc_cm4.a(l2cap_channels.o)
                0x1008700c                l2cap_search_local_channel

i.l2cap_cbfc_connect_req
                0x1008705c      0x204
 i.l2cap_cbfc_connect_req
                0x1008705c      0x204 Generated_Source\PSoC6\pdl\middleware\ble\lib\cy_ble_stack_gcc_host_ipc_cm4.a(l2cap_credit_mode.o)