Archive member included to satisfy reference by file (symbol)

Generated_Source\PSoC6\pdl\middleware\emWin\libs\GCC\libemWin_nosnts_gcc.a(F13_1.o)
                              .\CortexM4\ARM_GCC_541\Debug\main_cm4.o (GUI_Font13_1)
Generated_Source\PSoC6\pdl\middleware\emWin\libs\GCC\libemWin_nosnts_gcc.a(F13_ASCII.o)
                              Generated_Source\PSoC6\pdl\middleware\emWin\libs\GCC\libemWin_nosnts_gcc.a(F13_1.o) (GUI_Font13ASCII_Prop1)
Generated_Source\PSoC6\pdl\middleware\emWin\libs\GCC\libemWin_nosnts_gcc.a(F16B_1.o)
                              .\CortexM4\ARM_GCC_541\Debug\main_cm4.o (GUI_Font16B_1)
Generated_Source\PSoC6\pdl\middleware\emWin\libs\GCC\libemWin_nosnts_gcc.a(F16B_ASCII.o)
                              Generated_Source\PSoC6\pdl\middleware\emWin\libs\GCC\libemWin_nosnts_gcc.a(F16B_1.o) (GUI_Font16B_ASCII_Prop1)
Generated_Source\PSoC6\pdl\middleware\emWin\libs\GCC\libemWin_nosnts_gcc.a(F6x8.o)
                              .\CortexM4\ARM_GCC_541\Debug\GUIConf.o (GUI_Font6x8)
Generated_Source\PSoC6\pdl\middleware\emWin\libs\GCC\libemWin_nosnts_gcc.a(GUI_2DLib.o)
                              .\CortexM4\ARM_GCC_541\Debug\main_cm4.o (GUI_DrawRectEx)
Generated_Source\PSoC6\pdl\middleware\emWin\libs\GCC\libemWin_nosnts_gcc.a(GUI_Alloc.o)
                              .\CortexM4\ARM_GCC_541\Debug\GUIConf.o (GUI_ALLOC_AssignMemory)
Generated_Source\PSoC6\pdl\middleware\emWin\libs\GCC\libemWin_nosnts_gcc.a(GUI_CharM.o)
                              Generated_Source\PSoC6\pdl\middleware\emWin\libs\GCC\libemWin_nosnts_gcc.a(F6x8.o) (GUIMONO_DispChar)
Generated_Source\PSoC6\pdl\middleware\emWin\libs\GCC\libemWin_nosnts_gcc.a(GUI_CharP.o)
                              Generated_Source\PSoC6\pdl\middleware\emWin\libs\GCC\libemWin_nosnts_gcc.a(F13_1.o) (GUIPROP_DispChar)
Generated_Source\PSoC6\pdl\middleware\emWin\libs\GCC\libemWin_nosnts_gcc.a(GUI_Common.o)
                              Generated_Source\PSoC6\pdl\middleware\emWin\libs\GCC\libemWin_nosnts_gcc.a(GUI_CharP.o) (GUI_GetBkColor)
Generated_Source\PSoC6\pdl\middleware\emWin\libs\GCC\libemWin_nosnts_gcc.a(GUI_Core.o)
                              Generated_Source\PSoC6\pdl\middleware\emWin\libs\GCC\libemWin_nosnts_gcc.a(GUI_Common.o) (GUI__apDevice)
Generated_Source\PSoC6\pdl\middleware\emWin\libs\GCC\libemWin_nosnts_gcc.a(GUI_Device.o)
                              .\CortexM4\ARM_GCC_541\Debug\LCDConf.o (GUI_DEVICE_CreateAndLink)
Generated_Source\PSoC6\pdl\middleware\emWin\libs\GCC\libemWin_nosnts_gcc.a(GUI_DispString.o)
                              Generated_Source\PSoC6\pdl\middleware\emWin\libs\GCC\libemWin_nosnts_gcc.a(GUI_Common.o) (GUI_DispString)
Generated_Source\PSoC6\pdl\middleware\emWin\libs\GCC\libemWin_nosnts_gcc.a(GUI_DispStringInRectEx.o)
                              .\CortexM4\ARM_GCC_541\Debug\main_cm4.o (GUI_DispStringInRectEx)
Generated_Source\PSoC6\pdl\middleware\emWin\libs\GCC\libemWin_nosnts_gcc.a(GUI_DrawLib.o)
                              .\CortexM4\ARM_GCC_541\Debug\main_cm4.o (GUI_DrawPixel)
Generated_Source\PSoC6\pdl\middleware\emWin\libs\GCC\libemWin_nosnts_gcc.a(GUI_DrawLine.o)
                              .\CortexM4\ARM_GCC_541\Debug\main_cm4.o (GUI_DrawLine)
Generated_Source\PSoC6\pdl\middleware\emWin\libs\GCC\libemWin_nosnts_gcc.a(GUI_FillPolygon.o)
                              Generated_Source\PSoC6\pdl\middleware\emWin\libs\GCC\libemWin_nosnts_gcc.a(GUI_DrawLine.o) (GL_FillPolygon)
Generated_Source\PSoC6\pdl\middleware\emWin\libs\GCC\libemWin_nosnts_gcc.a(GUI_OnKey.o)
                              Generated_Source\PSoC6\pdl\middleware\emWin\libs\GCC\libemWin_nosnts_gcc.a(GUI_Common.o) (GUI_GetKey)
Generated_Source\PSoC6\pdl\middleware\emWin\libs\GCC\libemWin_nosnts_gcc.a(GUI_UC.o)
                              Generated_Source\PSoC6\pdl\middleware\emWin\libs\GCC\libemWin_nosnts_gcc.a(GUI_DispString.o) (GUI_UC__GetCharCodeInc)
Generated_Source\PSoC6\pdl\middleware\emWin\libs\GCC\libemWin_nosnts_gcc.a(GUI_UC_EncodeNone.o)
                              Generated_Source\PSoC6\pdl\middleware\emWin\libs\GCC\libemWin_nosnts_gcc.a(GUI_Core.o) (GUI_UC_None)
Generated_Source\PSoC6\pdl\middleware\emWin\libs\GCC\libemWin_nosnts_gcc.a(GUI_WaitEvent.o)
                              Generated_Source\PSoC6\pdl\middleware\emWin\libs\GCC\libemWin_nosnts_gcc.a(GUI_OnKey.o) (GUI_SignalEvent)
Generated_Source\PSoC6\pdl\middleware\emWin\libs\GCC\libemWin_nosnts_gcc.a(GUICC_1.o)
                              .\CortexM4\ARM_GCC_541\Debug\LCDConf.o (LCD_API_ColorConv_1)
Generated_Source\PSoC6\pdl\middleware\emWin\libs\GCC\libemWin_nosnts_gcc.a(GUIDRV_BitPlains.o)
                              .\CortexM4\ARM_GCC_541\Debug\LCDConf.o (GUIDRV_BitPlains_Config)
Generated_Source\PSoC6\pdl\middleware\emWin\libs\GCC\libemWin_nosnts_gcc.a(LCD.o)
                              Generated_Source\PSoC6\pdl\middleware\emWin\libs\GCC\libemWin_nosnts_gcc.a(GUI_CharM.o) (LCD_SetDrawMode)
[...]
Memory Configuration

Name             Origin             Length             Attributes
ram              0x08024000         0x00023800         xrw
flash            0x10080000         0x00080000         xr
em_eeprom        0x14000000         0x00008000         xr
sflash_user_data 0x16000800         0x00000800         xr
sflash_nar       0x16001a00         0x00000200         xr
sflash_public_key 0x16005a00         0x00000c00         xr
sflash_toc_2     0x16007c00         0x00000200         xr
sflash_rtoc_2    0x16007e00         0x00000200         xr
xip              0x18000000         0x08000000         xr
efuse            0x90700000         0x00100000         r
*default*        0x00000000         0xffffffff

Linker script and memory map

LOAD d:/psoc creator/4.4/psoc creator/import/gnu/arm/5.4.1/bin/../lib/gcc/arm-none-eabi/5.4.1/armv7e-m/softfp/crti.o
LOAD d:/psoc creator/4.4/psoc creator/import/gnu/arm/5.4.1/bin/../lib/gcc/arm-none-eabi/5.4.1/armv7e-m/softfp/crtbegin.o
LOAD d:/psoc creator/4.4/psoc creator/import/gnu/arm/5.4.1/bin/../lib/gcc/arm-none-eabi/5.4.1/../../../../arm-none-eabi/lib/armv7e-m/softfp/crt0.o
START GROUP
LOAD Generated_Source\PSoC6\pdl\middleware\emWin\libs\GCC\libemWin_nosnts_gcc.a
LOAD .\CortexM4\ARM_GCC_541\Debug\startup_psoc6_01_cm4.o
LOAD .\CortexM4\ARM_GCC_541\Debug\main_cm4.o
LOAD .\CortexM4\ARM_GCC_541\Debug\system_psoc6_cm4.o
LOAD .\CortexM4\ARM_GCC_541\Debug\pervasive_eink_hardware_driver.o
LOAD .\CortexM4\ARM_GCC_541\Debug\cy_eink_library.o
LOAD .\CortexM4\ARM_GCC_541\Debug\cy_eink_psoc_interface.o
LOAD .\CortexM4\ARM_GCC_541\Debug\Cypress Logo Full Color_PNG_1bpp.o
LOAD .\CortexM4\ARM_GCC_541\Debug\GUIConf.o
LOAD .\CortexM4\ARM_GCC_541\Debug\GUI_X.o
LOAD .\CortexM4\ARM_GCC_541\Debug\LCDConf.o
LOAD .\CortexM4\ARM_GCC_541\Debug\cyfitter_sysint_cfg.o
LOAD .\CortexM4\ARM_GCC_541\Debug\cymetadata.o
LOAD .\CortexM4\ARM_GCC_541\Debug\CY_EINK_SPIM.o
LOAD .\CortexM4\ARM_GCC_541\Debug\CY_EINK_Timer.o
LOAD .\CortexM4\ARM_GCC_541\Debug\Status_SW2.o
LOAD .\CortexM4\ARM_GCC_541\Debug\cy_efuse.o
LOAD .\CortexM4\ARM_GCC_541\Debug\cy_flash.o
LOAD .\CortexM4\ARM_GCC_541\Debug\cy_gpio.o
LOAD .\CortexM4\ARM_GCC_541\Debug\cy_ipc_drv.o
LOAD .\CortexM4\ARM_GCC_541\Debug\cy_ipc_sema.o
LOAD .\CortexM4\ARM_GCC_541\Debug\cy_ipc_pipe.o
LOAD .\CortexM4\ARM_GCC_541\Debug\cy_lvd.o
LOAD .\CortexM4\ARM_GCC_541\Debug\cy_profile.o
LOAD .\CortexM4\ARM_GCC_541\Debug\cy_prot.o
LOAD .\CortexM4\ARM_GCC_541\Debug\cy_scb_common.o
LOAD .\CortexM4\ARM_GCC_541\Debug\cy_scb_i2c.o
LOAD .\CortexM4\ARM_GCC_541\Debug\cy_scb_ezi2c.o
LOAD .\CortexM4\ARM_GCC_541\Debug\cy_scb_spi.o
LOAD .\CortexM4\ARM_GCC_541\Debug\cy_scb_uart.o
LOAD .\CortexM4\ARM_GCC_541\Debug\cy_sysanalog.o
LOAD .\CortexM4\ARM_GCC_541\Debug\cy_sysclk.o
LOAD .\CortexM4\ARM_GCC_541\Debug\cy_sysint.o
LOAD .\CortexM4\ARM_GCC_541\Debug\cy_syslib.o
LOAD .\CortexM4\ARM_GCC_541\Debug\cy_syslib_gcc.o
LOAD .\CortexM4\ARM_GCC_541\Debug\cy_syspm.o
LOAD .\CortexM4\ARM_GCC_541\Debug\cy_systick.o
LOAD .\CortexM4\ARM_GCC_541\Debug\cy_tcpwm_counter.o
LOAD .\CortexM4\ARM_GCC_541\Debug\cy_tcpwm_pwm.o
LOAD .\CortexM4\ARM_GCC_541\Debug\cy_tcpwm_quaddec.o
LOAD .\CortexM4\ARM_GCC_541\Debug\cy_trigmux.o
LOAD .\CortexM4\ARM_GCC_541\Debug\cy_wdt.o
LOAD .\CortexM4\ARM_GCC_541\Debug\cy_device.o
LOAD .\CortexM4\ARM_GCC_541\Debug\cy_ble_clk.o
LOAD .\CortexM4\ARM_GCC_541\Debug\PWM_1.o
END GROUP
START GROUP
LOAD d:/psoc creator/4.4/psoc creator/import/gnu/arm/5.4.1/bin/../lib/gcc/arm-none-eabi/5.4.1/armv7e-m/softfp\libgcc.a
LOAD d:/psoc creator/4.4/psoc creator/import/gnu/arm/5.4.1/bin/../lib/gcc/arm-none-eabi/5.4.1/../../../../arm-none-eabi/lib/armv7e-m/softfp\libg_nano.a
LOAD d:/psoc creator/4.4/psoc creator/import/gnu/arm/5.4.1/bin/../lib/gcc/arm-none-eabi/5.4.1/../../../../arm-none-eabi/lib/armv7e-m/softfp\libc_nano.a
END GROUP
START GROUP
LOAD d:/psoc creator/4.4/psoc creator/import/gnu/arm/5.4.1/bin/../lib/gcc/arm-none-eabi/5.4.1/armv7e-m/softfp\libgcc.a
LOAD d:/psoc creator/4.4/psoc creator/import/gnu/arm/5.4.1/bin/../lib/gcc/arm-none-eabi/5.4.1/../../../../arm-none-eabi/lib/armv7e-m/softfp\libc_nano.a
END GROUP
LOAD d:/psoc creator/4.4/psoc creator/import/gnu/arm/5.4.1/bin/../lib/gcc/arm-none-eabi/5.4.1/armv7e-m/softfp/crtend.o
LOAD d:/psoc creator/4.4/psoc creator/import/gnu/arm/5.4.1/bin/../lib/gcc/arm-none-eabi/5.4.1/armv7e-m/softfp/crtn.o
START GROUP
LOAD d:/psoc creator/4.4/psoc creator/import/gnu/arm/5.4.1/bin/../lib/gcc/arm-none-eabi/5.4.1/armv7e-m/softfp\libgcc.a
LOAD d:/psoc creator/4.4/psoc creator/import/gnu/arm/5.4.1/bin/../lib/gcc/arm-none-eabi/5.4.1/../../../../arm-none-eabi/lib/armv7e-m/softfp\libc.a
LOAD d:/psoc creator/4.4/psoc creator/import/gnu/arm/5.4.1/bin/../lib/gcc/arm-none-eabi/5.4.1/../../../../arm-none-eabi/lib/armv7e-m/softfp\libnosys.a
END GROUP
START GROUP
LOAD d:/psoc creator/4.4/psoc creator/import/gnu/arm/5.4.1/bin/../lib/gcc/arm-none-eabi/5.4.1/armv7e-m/softfp\libgcc.a
LOAD d:/psoc creator/4.4/psoc creator/import/gnu/arm/5.4.1/bin/../lib/gcc/arm-none-eabi/5.4.1/../../../../arm-none-eabi/lib/armv7e-m/softfp\libc.a
LOAD d:/psoc creator/4.4/psoc creator/import/gnu/arm/5.4.1/bin/../lib/gcc/arm-none-eabi/5.4.1/../../../../arm-none-eabi/lib/armv7e-m/softfp\libm.a
LOAD d:/psoc creator/4.4/psoc creator/import/gnu/arm/5.4.1/bin/../lib/gcc/arm-none-eabi/5.4.1/../../../../arm-none-eabi/lib/armv7e-m/softfp\libnosys.a
END GROUP

.text           0x10080000     0xe214
                0x10080000                . = ALIGN (0x4)
                0x10080000                __Vectors = .
 *(.vectors)
 .vectors       0x10080000      0x28c .\CortexM4\ARM_GCC_541\Debug\startup_psoc6_01_cm4.o
                0x1008028c                . = ALIGN (0x4)
                0x1008028c                __Vectors_End = .
                0x0000028c                __Vectors_Size = (__Vectors_End - __Vectors)
                0x1008028c                __end__ = .
                0x1008028c                . = ALIGN (0x4)
 *(.text*)
 .text          0x1008028c       0x5c d:/psoc creator/4.4/psoc creator/import/gnu/arm/5.4.1/bin/../lib/gcc/arm-none-eabi/5.4.1/armv7e-m/softfp/crtbegin.o
 .text          0x100802e8       0x84 .\CortexM4\ARM_GCC_541\Debug\startup_psoc6_01_cm4.o
                0x100802e8                Cy_OnResetUser
                0x100802ea                Reset_Handler
                0x1008034c                cpuss_interrupts_ipc_6_IRQHandler
                0x1008034c                DebugMon_Handler
                0x1008034c                tcpwm_1_interrupts_11_IRQHandler
                0x1008034c                cpuss_interrupts_ipc_0_IRQHandler
                0x1008034c                tcpwm_1_interrupts_15_IRQHandler
                0x1008034c                ioss_interrupts_gpio_13_IRQHandler
                0x1008034c                tcpwm_1_interrupts_13_IRQHandler
                0x1008034c                cpuss_interrupts_dw1_8_IRQHandler
                0x1008034c                tcpwm_0_interrupts_0_IRQHandler
                0x1008034c                SysTick_Handler
                0x1008034c                cpuss_interrupt_fm_IRQHandler
                0x1008034c                cpuss_interrupts_ipc_7_IRQHandler
                0x1008034c                tcpwm_1_interrupts_14_IRQHandler
                0x1008034c                cpuss_interrupts_dw0_5_IRQHandler
                0x1008034c                tcpwm_1_interrupts_9_IRQHandler
                0x1008034c                cpuss_interrupts_cm0_cti_1_IRQHandler
                0x1008034c                tcpwm_1_interrupts_22_IRQHandler
                0x1008034c                cpuss_interrupts_dw0_4_IRQHandler
                0x1008034c                PendSV_Handler
                0x1008034c                NMI_Handler
                0x1008034c                cpuss_interrupts_dw1_12_IRQHandler
                0x1008034c                tcpwm_1_interrupts_12_IRQHandler
                0x1008034c                smif_interrupt_IRQHandler
                0x1008034c                tcpwm_1_interrupts_2_IRQHandler
                0x1008034c                cpuss_interrupts_ipc_13_IRQHandler
                0x1008034c                udb_interrupts_11_IRQHandler
                0x1008034c                tcpwm_1_interrupts_18_IRQHandler
                0x1008034c                cpuss_interrupts_dw0_11_IRQHandler
                0x1008034c                tcpwm_0_interrupts_2_IRQHandler
                0x1008034c                cpuss_interrupts_dw0_13_IRQHandler
                0x1008034c                udb_interrupts_2_IRQHandler
                0x1008034c                cpuss_interrupts_dw1_7_IRQHandler
                0x1008034c                ioss_interrupts_gpio_1_IRQHandler
                0x1008034c                ioss_interrupts_gpio_7_IRQHandler
                0x1008034c                scb_5_interrupt_IRQHandler
                0x1008034c                udb_interrupts_6_IRQHandler
                0x1008034c                cpuss_interrupts_fault_1_IRQHandler
                0x1008034c                cpuss_interrupts_ipc_4_IRQHandler
                0x1008034c                cpuss_interrupts_ipc_5_IRQHandler
                0x1008034c                cpuss_interrupts_dw1_10_IRQHandler
                0x1008034c                udb_interrupts_0_IRQHandler
                0x1008034c                tcpwm_1_interrupts_6_IRQHandler
                0x1008034c                scb_4_interrupt_IRQHandler
                0x1008034c                pass_interrupt_dacs_IRQHandler
                0x1008034c                ioss_interrupts_gpio_2_IRQHandler
                0x1008034c                cpuss_interrupts_dw1_9_IRQHandler
                0x1008034c                cpuss_interrupts_dw1_13_IRQHandler
                0x1008034c                scb_2_interrupt_IRQHandler
                0x1008034c                cpuss_interrupts_cm0_cti_0_IRQHandler
                0x1008034c                udb_interrupts_5_IRQHandler
                0x1008034c                srss_interrupt_IRQHandler
                0x1008034c                udb_interrupts_12_IRQHandler
                0x1008034c                scb_0_interrupt_IRQHandler
                0x1008034c                csd_interrupt_IRQHandler
                0x1008034c                udb_interrupts_1_IRQHandler
                0x1008034c                profile_interrupt_IRQHandler
                0x1008034c                tcpwm_1_interrupts_1_IRQHandler
                0x1008034c                cpuss_interrupts_ipc_12_IRQHandler
                0x1008034c                tcpwm_1_interrupts_3_IRQHandler
                0x1008034c                tcpwm_0_interrupts_7_IRQHandler
                0x1008034c                cpuss_interrupts_dw1_1_IRQHandler
                0x1008034c                cpuss_interrupts_dw1_0_IRQHandler
                0x1008034c                cpuss_interrupts_dw0_9_IRQHandler
                0x1008034c                lpcomp_interrupt_IRQHandler
                0x1008034c                tcpwm_1_interrupts_23_IRQHandler
                0x1008034c                udb_interrupts_4_IRQHandler
                0x1008034c                tcpwm_1_interrupts_20_IRQHandler
                0x1008034c                ioss_interrupt_gpio_IRQHandler
                0x1008034c                tcpwm_0_interrupts_1_IRQHandler
                0x1008034c                ioss_interrupts_gpio_8_IRQHandler
                0x1008034c                tcpwm_0_interrupts_6_IRQHandler
                0x1008034c                scb_7_interrupt_IRQHandler
                0x1008034c                tcpwm_1_interrupts_7_IRQHandler
                0x1008034c                cpuss_interrupts_ipc_11_IRQHandler
                0x1008034c                udb_interrupts_13_IRQHandler
                0x1008034c                cpuss_interrupts_dw0_15_IRQHandler
                0x1008034c                udb_interrupts_7_IRQHandler
                0x1008034c                cpuss_interrupts_dw1_6_IRQHandler
                0x1008034c                cpuss_interrupt_crypto_IRQHandler
                0x1008034c                scb_1_interrupt_IRQHandler
                0x1008034c                Default_Handler
                0x1008034c                usb_interrupt_hi_IRQHandler
                0x1008034c                tcpwm_1_interrupts_0_IRQHandler
                0x1008034c                udb_interrupts_9_IRQHandler
                0x1008034c                audioss_interrupt_pdm_IRQHandler
                0x1008034c                srss_interrupt_mcwdt_0_IRQHandler
                0x1008034c                scb_3_interrupt_IRQHandler
                0x1008034c                pass_interrupt_ctbs_IRQHandler
                0x1008034c                udb_interrupts_8_IRQHandler
                0x1008034c                ioss_interrupts_gpio_3_IRQHandler
                0x1008034c                scb_6_interrupt_IRQHandler
                0x1008034c                cpuss_interrupts_cm4_cti_0_IRQHandler
                0x1008034c                cpuss_interrupts_dw1_3_IRQHandler
                0x1008034c                pass_interrupt_sar_IRQHandler
                0x1008034c                ioss_interrupts_gpio_0_IRQHandler
                0x1008034c                ioss_interrupts_gpio_14_IRQHandler
                0x1008034c                tcpwm_0_interrupts_4_IRQHandler
                0x1008034c                udb_interrupts_3_IRQHandler
                0x1008034c                tcpwm_0_interrupts_5_IRQHandler
                0x1008034c                cpuss_interrupts_ipc_15_IRQHandler
                0x1008034c                cpuss_interrupts_cm4_cti_1_IRQHandler
                0x1008034c                scb_8_interrupt_IRQHandler
                0x1008034c                srss_interrupt_mcwdt_1_IRQHandler
                0x1008034c                cpuss_interrupts_dw1_2_IRQHandler
                0x1008034c                SVC_Handler
                0x1008034c                cpuss_interrupts_dw1_5_IRQHandler
                0x1008034c                cpuss_interrupts_ipc_1_IRQHandler
                0x1008034c                cpuss_interrupts_dw0_0_IRQHandler
                0x1008034c                ioss_interrupts_gpio_12_IRQHandler
                0x1008034c                cpuss_interrupts_ipc_3_IRQHandler
                0x1008034c                tcpwm_1_interrupts_17_IRQHandler
                0x1008034c                srss_interrupt_backup_IRQHandler
                0x1008034c                bless_interrupt_IRQHandler
                0x1008034c                cpuss_interrupts_ipc_10_IRQHandler
                0x1008034c                cpuss_interrupts_ipc_9_IRQHandler
                0x1008034c                cpuss_interrupts_dw0_14_IRQHandler
                0x1008034c                tcpwm_1_interrupts_4_IRQHandler
                0x1008034c                tcpwm_0_interrupts_3_IRQHandler
                0x1008034c                cpuss_interrupts_dw1_15_IRQHandler
                0x1008034c                ioss_interrupts_gpio_10_IRQHandler
                0x1008034c                udb_interrupts_10_IRQHandler
                0x1008034c                cpuss_interrupts_dw0_8_IRQHandler
                0x1008034c                ioss_interrupts_gpio_11_IRQHandler
                0x1008034c                cpuss_interrupts_ipc_14_IRQHandler
                0x1008034c                ioss_interrupts_gpio_5_IRQHandler
                0x1008034c                ioss_interrupts_gpio_4_IRQHandler
                0x1008034c                tcpwm_1_interrupts_8_IRQHandler
                0x1008034c                cpuss_interrupts_dw1_14_IRQHandler
                0x1008034c                usb_interrupt_med_IRQHandler
                0x1008034c                cpuss_interrupts_dw0_2_IRQHandler
                0x1008034c                tcpwm_1_interrupts_10_IRQHandler
                0x1008034c                cpuss_interrupts_fault_0_IRQHandler
                0x1008034c                cpuss_interrupts_dw0_12_IRQHandler
                0x1008034c                ioss_interrupts_gpio_6_IRQHandler
                0x1008034c                tcpwm_1_interrupts_21_IRQHandler
                0x1008034c                tcpwm_1_interrupts_16_IRQHandler
                0x1008034c                cpuss_interrupts_dw1_4_IRQHandler
                0x1008034c                udb_interrupts_15_IRQHandler
                0x1008034c                cpuss_interrupts_dw1_11_IRQHandler
                0x1008034c                cpuss_interrupts_dw0_6_IRQHandler
                0x1008034c                ioss_interrupt_vdd_IRQHandler
                0x1008034c                cpuss_interrupts_dw0_7_IRQHandler
                0x1008034c                audioss_interrupt_i2s_IRQHandler
                0x1008034c                tcpwm_1_interrupts_5_IRQHandler
                0x1008034c                cpuss_interrupts_ipc_2_IRQHandler
                0x1008034c                cpuss_interrupts_dw0_10_IRQHandler
                0x1008034c                tcpwm_1_interrupts_19_IRQHandler
                0x1008034c                cpuss_interrupts_dw0_1_IRQHandler
                0x1008034c                ioss_interrupts_gpio_9_IRQHandler
                0x1008034c                usb_interrupt_lo_IRQHandler
                0x1008034c                cpuss_interrupts_ipc_8_IRQHandler
                0x1008034c                udb_interrupts_14_IRQHandler
                0x1008034c                cpuss_interrupts_dw0_3_IRQHandler
                0x10080350                UsageFault_Handler
                0x10080350                HardFault_Handler
                0x10080350                MemManage_Handler
                0x10080350                BusFault_Handler
 .text.normal_pdf
                0x1008036c       0x78 .\CortexM4\ARM_GCC_541\Debug\main_cm4.o
                0x1008036c                normal_pdf
 .text.UpdateDisplay
                0x100803e4       0x2c .\CortexM4\ARM_GCC_541\Debug\main_cm4.o
                0x100803e4                UpdateDisplay
 .text.ShowPhoto
                0x10080410       0xb0 .\CortexM4\ARM_GCC_541\Debug\main_cm4.o
                0x10080410                ShowPhoto
 .text.ShowGauss
                0x100804c0      0x1dc .\CortexM4\ARM_GCC_541\Debug\main_cm4.o
                0x100804c0                ShowGauss
 .text.ShowStartupScreen
                0x1008069c       0x98 .\CortexM4\ARM_GCC_541\Debug\main_cm4.o
                0x1008069c                ShowStartupScreen
 .text.WaitforSwitchPressAndRelease
                0x10080734       0x14 .\CortexM4\ARM_GCC_541\Debug\main_cm4.o
                0x10080734                WaitforSwitchPressAndRelease
 .text.main     0x10080748       0x50 .\CortexM4\ARM_GCC_541\Debug\main_cm4.o
                0x10080748                main
 .text.Cy_SysIpcPipeIsrCm4
                0x10080798        0xc .\CortexM4\ARM_GCC_541\Debug\system_psoc6_cm4.o
                0x10080798                Cy_SysIpcPipeIsrCm4
 .text.Cy_SystemInit
                0x100807a4        0x4 .\CortexM4\ARM_GCC_541\Debug\system_psoc6_cm4.o
                0x100807a4                Cy_SystemInit
 .text.SystemCoreClockUpdate
                0x100807a8      0x190 .\CortexM4\ARM_GCC_541\Debug\system_psoc6_cm4.o
                0x100807a8                SystemCoreClockUpdate
 .text.SystemInit
                0x10080938       0x48 .\CortexM4\ARM_GCC_541\Debug\system_psoc6_cm4.o
                0x10080938                SystemInit
 .text.Cy_SystemInitFpuEnable
                0x10080980       0x28 .\CortexM4\ARM_GCC_541\Debug\system_psoc6_cm4.o
                0x10080980                Cy_SystemInitFpuEnable
 .text.Pv_EINK_SendData
                0x100809a8       0x38 .\CortexM4\ARM_GCC_541\Debug\pervasive_eink_hardware_driver.o
                0x100809a8                Pv_EINK_SendData
 .text.Pv_EINK_SendByte
                0x100809e0       0x18 .\CortexM4\ARM_GCC_541\Debug\pervasive_eink_hardware_driver.o
                0x100809e0                Pv_EINK_SendByte
 .text.Pv_EINK_ReadByte
                0x100809f8       0x30 .\CortexM4\ARM_GCC_541\Debug\pervasive_eink_hardware_driver.o
                0x100809f8                Pv_EINK_ReadByte
 .text.Pv_EINK_Init
                0x10080a28       0x34 .\CortexM4\ARM_GCC_541\Debug\pervasive_eink_hardware_driver.o
                0x10080a28                Pv_EINK_Init
 .text.Pv_EINK_InitDriver
                0x10080a5c      0x118 .\CortexM4\ARM_GCC_541\Debug\pervasive_eink_hardware_driver.o
                0x10080a5c                Pv_EINK_InitDriver
 .text.Pv_EINK_SetTempFactor
                0x10080b74       0x58 .\CortexM4\ARM_GCC_541\Debug\pervasive_eink_hardware_driver.o
                0x10080b74                Pv_EINK_SetTempFactor
 .text.Pv_EINK_FullStageHandler
                0x10080bcc      0x424 .\CortexM4\ARM_GCC_541\Debug\pervasive_eink_hardware_driver.o
                0x10080bcc                Pv_EINK_FullStageHandler
 .text.Pv_EINK_PartialStageHandler
                0x10080ff0      0x228 .\CortexM4\ARM_GCC_541\Debug\pervasive_eink_hardware_driver.o
                0x10080ff0                Pv_EINK_PartialStageHandler
 .text.Pv_EINK_NothingFrame
                0x10081218       0x5c .\CortexM4\ARM_GCC_541\Debug\pervasive_eink_hardware_driver.o
                0x10081218                Pv_EINK_NothingFrame
 .text.Pv_EINK_DummyLine
                0x10081274       0x34 .\CortexM4\ARM_GCC_541\Debug\pervasive_eink_hardware_driver.o
                0x10081274                Pv_EINK_DummyLine
 .text.Pv_EINK_HardwarePowerOn
                0x100812a8       0x44 .\CortexM4\ARM_GCC_541\Debug\pervasive_eink_hardware_driver.o
                0x100812a8                Pv_EINK_HardwarePowerOn
 .text.Pv_EINK_HardwarePowerOff
                0x100812ec       0xa8 .\CortexM4\ARM_GCC_541\Debug\pervasive_eink_hardware_driver.o
                0x100812ec                Pv_EINK_HardwarePowerOff
 .text.Cy_EINK_Start
                0x10081394       0x10 .\CortexM4\ARM_GCC_541\Debug\cy_eink_library.o
                0x10081394                Cy_EINK_Start
 .text.Cy_EINK_Power
                0x100813a4       0x18 .\CortexM4\ARM_GCC_541\Debug\cy_eink_library.o
                0x100813a4                Cy_EINK_Power
 .text.Cy_EINK_ShowFrame
                0x100813bc       0x54 .\CortexM4\ARM_GCC_541\Debug\cy_eink_library.o
                0x100813bc                Cy_EINK_ShowFrame
 .text.Cy_EINK_TimerInit
                0x10081410       0x14 .\CortexM4\ARM_GCC_541\Debug\cy_eink_psoc_interface.o
                0x10081410                Cy_EINK_TimerInit
 .text.Cy_EINK_GetTimeTick
                0x10081424        0xc .\CortexM4\ARM_GCC_541\Debug\cy_eink_psoc_interface.o
                0x10081424                Cy_EINK_GetTimeTick
 .text.Cy_EINK_TimerStop
                0x10081430        0xc .\CortexM4\ARM_GCC_541\Debug\cy_eink_psoc_interface.o
                0x10081430                Cy_EINK_TimerStop
 .text.Cy_EINK_InitSPI
                0x1008143c       0x30 .\CortexM4\ARM_GCC_541\Debug\cy_eink_psoc_interface.o
                0x1008143c                Cy_EINK_InitSPI
 .text.Cy_EINK_AttachSPI
                0x1008146c       0x1c .\CortexM4\ARM_GCC_541\Debug\cy_eink_psoc_interface.o
                0x1008146c                Cy_EINK_AttachSPI
 .text.Cy_EINK_DetachSPI
                0x10081488       0x14 .\CortexM4\ARM_GCC_541\Debug\cy_eink_psoc_interface.o
                0x10081488                Cy_EINK_DetachSPI
 .text.Cy_EINK_WriteSPI
                0x1008149c       0x60 .\CortexM4\ARM_GCC_541\Debug\cy_eink_psoc_interface.o
                0x1008149c                Cy_EINK_WriteSPI
 .text.Cy_EINK_ReadSPI
                0x100814fc       0x68 .\CortexM4\ARM_GCC_541\Debug\cy_eink_psoc_interface.o
                0x100814fc                Cy_EINK_ReadSPI
 .text.Cy_EINK_WriteSPIBuffer
                0x10081564       0x84 .\CortexM4\ARM_GCC_541\Debug\cy_eink_psoc_interface.o
                0x10081564                Cy_EINK_WriteSPIBuffer
 .text.Cy_EINK_IsBusy
                0x100815e8       0x18 .\CortexM4\ARM_GCC_541\Debug\cy_eink_psoc_interface.o
                0x100815e8                Cy_EINK_IsBusy
 .text.GUI_X_Config
                0x10081600       0x1c .\CortexM4\ARM_GCC_541\Debug\GUIConf.o
                0x10081600                GUI_X_Config
 .text.GUI_X_Systick_Intr
                0x1008161c       0x10 .\CortexM4\ARM_GCC_541\Debug\GUI_X.o
                0x1008161c                GUI_X_Systick_Intr
 .text.GUI_X_Systick_Init
                0x1008162c       0x40 .\CortexM4\ARM_GCC_541\Debug\GUI_X.o
                0x1008162c                GUI_X_Systick_Init
 .text.GUI_X_Init
                0x1008166c        0x8 .\CortexM4\ARM_GCC_541\Debug\GUI_X.o
                0x1008166c                GUI_X_Init
 .text.LCD_X_Config
                0x10081674       0x70 .\CortexM4\ARM_GCC_541\Debug\LCDConf.o
                0x10081674                LCD_X_Config
 .text.LCD_X_DisplayDriver
                0x100816e4       0x10 .\CortexM4\ARM_GCC_541\Debug\LCDConf.o
                0x100816e4                LCD_X_DisplayDriver
 .text.LCD_GetDisplayBuffer
                0x100816f4        0x8 .\CortexM4\ARM_GCC_541\Debug\LCDConf.o
                0x100816f4                LCD_GetDisplayBuffer
 .text.CY_EINK_Timer_Start
                0x100816fc       0x30 .\CortexM4\ARM_GCC_541\Debug\CY_EINK_Timer.o
                0x100816fc                CY_EINK_Timer_Start
 .text.Status_SW2_Read
                0x1008172c        0xc .\CortexM4\ARM_GCC_541\Debug\Status_SW2.o
                0x1008172c                Status_SW2_Read
 .text.Cy_Flash_ProcessOpcode
                0x10081738       0xac .\CortexM4\ARM_GCC_541\Debug\cy_flash.o
 .text.Cy_Flash_OperationStatus
                0x100817e4       0x5c .\CortexM4\ARM_GCC_541\Debug\cy_flash.o
 .text.Cy_Flash_InitExt
                0x10081840       0x80 .\CortexM4\ARM_GCC_541\Debug\cy_flash.o
                0x10081840                Cy_Flash_InitExt
 .text.Cy_Flash_Init
                0x100818c0       0x10 .\CortexM4\ARM_GCC_541\Debug\cy_flash.o
                0x100818c0                Cy_Flash_Init
 .text.Cy_IPC_Drv_LockRelease
                0x100818d0       0x3c .\CortexM4\ARM_GCC_541\Debug\cy_ipc_drv.o
                0x100818d0                Cy_IPC_Drv_LockRelease
 .text.Cy_IPC_Drv_SendMsgWord
                0x1008190c       0x3c .\CortexM4\ARM_GCC_541\Debug\cy_ipc_drv.o
                0x1008190c                Cy_IPC_Drv_SendMsgWord
 .text.Cy_IPC_Drv_ReadMsgWord
                0x10081948       0x38 .\CortexM4\ARM_GCC_541\Debug\cy_ipc_drv.o
                0x10081948                Cy_IPC_Drv_ReadMsgWord
 .text.Cy_IPC_Sema_InitExt
                0x10081980       0xac .\CortexM4\ARM_GCC_541\Debug\cy_ipc_sema.o
                0x10081980                Cy_IPC_Sema_InitExt
 .text.Cy_IPC_Sema_Init
                0x10081a2c       0x64 .\CortexM4\ARM_GCC_541\Debug\cy_ipc_sema.o
                0x10081a2c                Cy_IPC_Sema_Init
 .text.Cy_IPC_Sema_Clear
                0x10081a90       0x88 .\CortexM4\ARM_GCC_541\Debug\cy_ipc_sema.o
                0x10081a90                Cy_IPC_Sema_Clear
 .text.Cy_IPC_Sema_Status
                0x10081b18       0x40 .\CortexM4\ARM_GCC_541\Debug\cy_ipc_sema.o
                0x10081b18                Cy_IPC_Sema_Status
 .text.Cy_IPC_Pipe_Config
                0x10081b58       0x10 .\CortexM4\ARM_GCC_541\Debug\cy_ipc_pipe.o
                0x10081b58                Cy_IPC_Pipe_Config
 .text.Cy_IPC_Pipe_EndpointInit
                0x10081b68       0xd0 .\CortexM4\ARM_GCC_541\Debug\cy_ipc_pipe.o
                0x10081b68                Cy_IPC_Pipe_EndpointInit
 .text.Cy_IPC_Pipe_Init
                0x10081c38       0xb4 .\CortexM4\ARM_GCC_541\Debug\cy_ipc_pipe.o
                0x10081c38                Cy_IPC_Pipe_Init
 .text.Cy_IPC_Pipe_SendMessage
                0x10081cec       0xa4 .\CortexM4\ARM_GCC_541\Debug\cy_ipc_pipe.o
                0x10081cec                Cy_IPC_Pipe_SendMessage
 .text.Cy_IPC_Pipe_RegisterCallback
                0x10081d90       0x50 .\CortexM4\ARM_GCC_541\Debug\cy_ipc_pipe.o
                0x10081d90                Cy_IPC_Pipe_RegisterCallback
 .text.Cy_IPC_Pipe_ExecCallback
                0x10081de0       0xbc .\CortexM4\ARM_GCC_541\Debug\cy_ipc_pipe.o
                0x10081de0                Cy_IPC_Pipe_ExecCallback
 .text.Cy_IPC_Pipe_ExecuteCallback
                0x10081e9c       0x2c .\CortexM4\ARM_GCC_541\Debug\cy_ipc_pipe.o
                0x10081e9c                Cy_IPC_Pipe_ExecuteCallback
 .text.Cy_SCB_Write
                0x10081ec8       0x28 .\CortexM4\ARM_GCC_541\Debug\cy_scb_common.o
                0x10081ec8                Cy_SCB_Write
 .text.Cy_SCB_WriteArrayNoCheck
                0x10081ef0       0x38 .\CortexM4\ARM_GCC_541\Debug\cy_scb_common.o
                0x10081ef0                Cy_SCB_WriteArrayNoCheck
 .text.Cy_SCB_WriteArray
                0x10081f28       0x2c .\CortexM4\ARM_GCC_541\Debug\cy_scb_common.o
                0x10081f28                Cy_SCB_WriteArray
 .text.Cy_SCB_WriteArrayBlocking
                0x10081f54       0x30 .\CortexM4\ARM_GCC_541\Debug\cy_scb_common.o
                0x10081f54                Cy_SCB_WriteArrayBlocking
 .text.Cy_SCB_SPI_Init
                0x10081f84      0x268 .\CortexM4\ARM_GCC_541\Debug\cy_scb_spi.o
                0x10081f84                Cy_SCB_SPI_Init
 .text.Cy_SCB_SPI_Disable
                0x100821ec       0x24 .\CortexM4\ARM_GCC_541\Debug\cy_scb_spi.o
                0x100821ec                Cy_SCB_SPI_Disable
 .text.Cy_SysInt_SetVector
                0x10082210       0x48 .\CortexM4\ARM_GCC_541\Debug\cy_sysint.o
                0x10082210                Cy_SysInt_SetVector
 .text.Cy_SysInt_Init
                0x10082258       0x74 .\CortexM4\ARM_GCC_541\Debug\cy_sysint.o
                0x10082258                Cy_SysInt_Init
 .text.Cy_SysLib_Delay
                0x100822cc       0x30 .\CortexM4\ARM_GCC_541\Debug\cy_syslib.o
                0x100822cc                Cy_SysLib_Delay
 .text.Cy_SysLib_Halt
                0x100822fc        0x4 .\CortexM4\ARM_GCC_541\Debug\cy_syslib.o
                0x100822fc                Cy_SysLib_Halt
 .text.Cy_SysLib_AssertFailed
                0x10082300       0x1c .\CortexM4\ARM_GCC_541\Debug\cy_syslib.o
                0x10082300                Cy_SysLib_AssertFailed
 .text.Cy_SysLib_ProcessingFault
                0x1008231c        0x4 .\CortexM4\ARM_GCC_541\Debug\cy_syslib.o
                0x1008231c                Cy_SysLib_ProcessingFault
 .text.Cy_SysLib_FaultHandler
                0x10082320       0xa4 .\CortexM4\ARM_GCC_541\Debug\cy_syslib.o
                0x10082320                Cy_SysLib_FaultHandler
 *fill*         0x100823c4        0x4 
 .text          0x100823c8       0x20 .\CortexM4\ARM_GCC_541\Debug\cy_syslib_gcc.o
                0x100823c8                Cy_SysLib_DelayCycles
                0x100823da                Cy_SysLib_EnterCriticalSection
                0x100823e2                Cy_SysLib_ExitCriticalSection
 .text.Cy_SysTick_ServiceCallbacks
                0x100823e8       0x2c .\CortexM4\ARM_GCC_541\Debug\cy_systick.o
 .text.Cy_SysTick_Enable
                0x10082414       0x18 .\CortexM4\ARM_GCC_541\Debug\cy_systick.o
                0x10082414                Cy_SysTick_Enable
 .text.Cy_SysTick_SetClockSource
                0x1008242c       0x38 .\CortexM4\ARM_GCC_541\Debug\cy_systick.o
                0x1008242c                Cy_SysTick_SetClockSource
 .text.Cy_SysTick_Init
                0x10082464       0x44 .\CortexM4\ARM_GCC_541\Debug\cy_systick.o
                0x10082464                Cy_SysTick_Init
 .text.Cy_SysTick_SetCallback
                0x100824a8       0x1c .\CortexM4\ARM_GCC_541\Debug\cy_systick.o
                0x100824a8                Cy_SysTick_SetCallback
 .text.Cy_SysTick_GetCallback
                0x100824c4       0x14 .\CortexM4\ARM_GCC_541\Debug\cy_systick.o
                0x100824c4                Cy_SysTick_GetCallback
 .text.Cy_TCPWM_Counter_Init
                0x100824d8      0x110 .\CortexM4\ARM_GCC_541\Debug\cy_tcpwm_counter.o
                0x100824d8                Cy_TCPWM_Counter_Init
 .text.Cy_PDL_Init
                0x100825e8        0xc .\CortexM4\ARM_GCC_541\Debug\cy_device.o
                0x100825e8                Cy_PDL_Init
 .text.GUI_DrawRect
                0x100825f4       0x74 Generated_Source\PSoC6\pdl\middleware\emWin\libs\GCC\libemWin_nosnts_gcc.a(GUI_2DLib.o)
                0x100825f4                GUI_DrawRect
 .text.GUI_DrawRectEx
                0x10082668       0x18 Generated_Source\PSoC6\pdl\middleware\emWin\libs\GCC\libemWin_nosnts_gcc.a(GUI_2DLib.o)
                0x10082668                GUI_DrawRectEx
 .text._PushFreeBlock
                0x10082680       0x20 Generated_Source\PSoC6\pdl\middleware\emWin\libs\GCC\libemWin_nosnts_gcc.a(GUI_Alloc.o)
 .text._RemoveFreeBlock
                0x100826a0       0x44 Generated_Source\PSoC6\pdl\middleware\emWin\libs\GCC\libemWin_nosnts_gcc.a(GUI_Alloc.o)
 .text._AddFreeMemory
                0x100826e4       0xa8 Generated_Source\PSoC6\pdl\middleware\emWin\libs\GCC\libemWin_nosnts_gcc.a(GUI_Alloc.o)
 .text._RemoveHoles
                0x1008278c       0x94 Generated_Source\PSoC6\pdl\middleware\emWin\libs\GCC\libemWin_nosnts_gcc.a(GUI_Alloc.o)
 .text.GUI_ALLOC_FreeFixedBlock
                0x10082820       0x18 Generated_Source\PSoC6\pdl\middleware\emWin\libs\GCC\libemWin_nosnts_gcc.a(GUI_Alloc.o)
                0x10082820                GUI_ALLOC_FreeFixedBlock
 .text.GUI_ALLOC_h2p
                0x10082838       0x14 Generated_Source\PSoC6\pdl\middleware\emWin\libs\GCC\libemWin_nosnts_gcc.a(GUI_Alloc.o)
                0x10082838                GUI_ALLOC_h2p
 .text.GUI_ALLOC_LockH
                0x1008284c       0x20 Generated_Source\PSoC6\pdl\middleware\emWin\libs\GCC\libemWin_nosnts_gcc.a(GUI_Alloc.o)
                0x1008284c                GUI_ALLOC_LockH
 .text.GUI_ALLOC_UnlockH
                0x1008286c       0x30 Generated_Source\PSoC6\pdl\middleware\emWin\libs\GCC\libemWin_nosnts_gcc.a(GUI_Alloc.o)
                0x1008286c                GUI_ALLOC_UnlockH
 .text.GUI_ALLOC_AssignMemory
                0x1008289c       0x10 Generated_Source\PSoC6\pdl\middleware\emWin\libs\GCC\libemWin_nosnts_gcc.a(GUI_Alloc.o)
                0x1008289c                GUI_ALLOC_AssignMemory
 .text.GUI_ALLOC_Free
                0x100828ac       0x24 Generated_Source\PSoC6\pdl\middleware\emWin\libs\GCC\libemWin_nosnts_gcc.a(GUI_Alloc.o)
                0x100828ac                GUI_ALLOC_Free
 .text._EnlargeBlocks
                0x100828d0       0x98 Generated_Source\PSoC6\pdl\middleware\emWin\libs\GCC\libemWin_nosnts_gcc.a(GUI_Alloc.o)
 .text._InitOnce
                0x10082968       0x6c Generated_Source\PSoC6\pdl\middleware\emWin\libs\GCC\libemWin_nosnts_gcc.a(GUI_Alloc.o)
 .text.GUI_ALLOC_GetFixedBlock
                0x100829d4       0xb8 Generated_Source\PSoC6\pdl\middleware\emWin\libs\GCC\libemWin_nosnts_gcc.a(GUI_Alloc.o)
                0x100829d4                GUI_ALLOC_GetFixedBlock
 .text._Alloc   0x10082a8c      0x100 Generated_Source\PSoC6\pdl\middleware\emWin\libs\GCC\libemWin_nosnts_gcc.a(GUI_Alloc.o)
 .text.GUI_ALLOC_AllocNoInit
                0x10082b8c       0x12 Generated_Source\PSoC6\pdl\middleware\emWin\libs\GCC\libemWin_nosnts_gcc.a(GUI_Alloc.o)
                0x10082b8c                GUI_ALLOC_AllocNoInit
 *fill*         0x10082b9e        0x2 
 .text.GUI_ALLOC_AllocZero
                0x10082ba0       0x2c Generated_Source\PSoC6\pdl\middleware\emWin\libs\GCC\libemWin_nosnts_gcc.a(GUI_Alloc.o)
                0x10082ba0                GUI_ALLOC_AllocZero
 .text.GUIMONO_DispChar
                0x10082bcc      0x14c Generated_Source\PSoC6\pdl\middleware\emWin\libs\GCC\libemWin_nosnts_gcc.a(GUI_CharM.o)
                0x10082bcc                GUIMONO_DispChar
 .text.GUIMONO_GetCharDistX
                0x10082d18       0x18 Generated_Source\PSoC6\pdl\middleware\emWin\libs\GCC\libemWin_nosnts_gcc.a(GUI_CharM.o)
                0x10082d18                GUIMONO_GetCharDistX
 .text.GUIMONO_GetFontInfo
                0x10082d30        0x6 Generated_Source\PSoC6\pdl\middleware\emWin\libs\GCC\libemWin_nosnts_gcc.a(GUI_CharM.o)
                0x10082d30                GUIMONO_GetFontInfo
 .text.GUIMONO_IsInFont
                0x10082d36       0x36 Generated_Source\PSoC6\pdl\middleware\emWin\libs\GCC\libemWin_nosnts_gcc.a(GUI_CharM.o)
                0x10082d36                GUIMONO_IsInFont
 .text.GUIPROP__FindChar
                0x10082d6c       0x16 Generated_Source\PSoC6\pdl\middleware\emWin\libs\GCC\libemWin_nosnts_gcc.a(GUI_CharP.o)
                0x10082d6c                GUIPROP__FindChar
 *fill*         0x10082d82        0x2 
 .text.GUIPROP_DispChar
                0x10082d84       0xd4 Generated_Source\PSoC6\pdl\middleware\emWin\libs\GCC\libemWin_nosnts_gcc.a(GUI_CharP.o)
                0x10082d84                GUIPROP_DispChar
 .text.GUIPROP_GetCharDistX
                0x10082e58       0x38 Generated_Source\PSoC6\pdl\middleware\emWin\libs\GCC\libemWin_nosnts_gcc.a(GUI_CharP.o)
                0x10082e58                GUIPROP_GetCharDistX
 .text.GUIPROP_GetFontInfo
                0x10082e90        0x6 Generated_Source\PSoC6\pdl\middleware\emWin\libs\GCC\libemWin_nosnts_gcc.a(GUI_CharP.o)
                0x10082e90                GUIPROP_GetFontInfo
 .text.GUIPROP_IsInFont
                0x10082e96       0x10 Generated_Source\PSoC6\pdl\middleware\emWin\libs\GCC\libemWin_nosnts_gcc.a(GUI_CharP.o)
                0x10082e96                GUIPROP_IsInFont
 .text.GUI_CalcColorDist
                0x10082ea6       0x54 Generated_Source\PSoC6\pdl\middleware\emWin\libs\GCC\libemWin_nosnts_gcc.a(GUI_Common.o)
                0x10082ea6                GUI_CalcColorDist
 .text.GUI_GetClientRect
                0x10082efa        0xc Generated_Source\PSoC6\pdl\middleware\emWin\libs\GCC\libemWin_nosnts_gcc.a(GUI_Common.o)
                0x10082efa                GUI_GetClientRect
 .text.GUI_GetBkColor
                0x10082f06        0xc Generated_Source\PSoC6\pdl\middleware\emWin\libs\GCC\libemWin_nosnts_gcc.a(GUI_Common.o)
                0x10082f06                GUI_GetBkColor
 .text.GUI_GetColor
                0x10082f12        0xc Generated_Source\PSoC6\pdl\middleware\emWin\libs\GCC\libemWin_nosnts_gcc.a(GUI_Common.o)
                0x10082f12                GUI_GetColor
 .text.GUI_MergeRect
                0x10082f1e       0x62 Generated_Source\PSoC6\pdl\middleware\emWin\libs\GCC\libemWin_nosnts_gcc.a(GUI_Common.o)
                0x10082f1e                GUI_MergeRect
 .text.GUI_MoveRect
                0x10082f80       0x22 Generated_Source\PSoC6\pdl\middleware\emWin\libs\GCC\libemWin_nosnts_gcc.a(GUI_Common.o)
                0x10082f80                GUI_MoveRect
 *fill*         0x10082fa2        0x2 
 .text.GUI_GotoXY
                0x10082fa4       0x10 Generated_Source\PSoC6\pdl\middleware\emWin\libs\GCC\libemWin_nosnts_gcc.a(GUI_Common.o)
                0x10082fa4                GUI_GotoXY
 .text.GUI_SetPenSize
                0x10082fb4       0x10 Generated_Source\PSoC6\pdl\middleware\emWin\libs\GCC\libemWin_nosnts_gcc.a(GUI_Common.o)
                0x10082fb4                GUI_SetPenSize
 .text.GUI_RectsIntersect
                0x10082fc4       0x3c Generated_Source\PSoC6\pdl\middleware\emWin\libs\GCC\libemWin_nosnts_gcc.a(GUI_Common.o)
                0x10082fc4                GUI_RectsIntersect
 .text.GUI_SelectLCD
                0x10083000       0x10 Generated_Source\PSoC6\pdl\middleware\emWin\libs\GCC\libemWin_nosnts_gcc.a(GUI_Common.o)
                0x10083000                GUI_SelectLCD
 .text.GUI_SetBkColor
                0x10083010        0x8 Generated_Source\PSoC6\pdl\middleware\emWin\libs\GCC\libemWin_nosnts_gcc.a(GUI_Common.o)
                0x10083010                GUI_SetBkColor
 .text.GUI_SetColor
                0x10083018        0x8 Generated_Source\PSoC6\pdl\middleware\emWin\libs\GCC\libemWin_nosnts_gcc.a(GUI_Common.o)
                0x10083018                GUI_SetColor
 .text.GUI_SetFont
                0x10083020       0x14 Generated_Source\PSoC6\pdl\middleware\emWin\libs\GCC\libemWin_nosnts_gcc.a(GUI_Common.o)
                0x10083020                GUI_SetFont
 .text.GUI_SetOrg
                0x10083034       0x34 Generated_Source\PSoC6\pdl\middleware\emWin\libs\GCC\libemWin_nosnts_gcc.a(GUI_Common.o)
                0x10083034                GUI_SetOrg
 .text.GUI_SetTextAlign
                0x10083068       0x14 Generated_Source\PSoC6\pdl\middleware\emWin\libs\GCC\libemWin_nosnts_gcc.a(GUI_Common.o)
                0x10083068                GUI_SetTextAlign
 .text.GUI_SetTextMode
                0x1008307c       0x14 Generated_Source\PSoC6\pdl\middleware\emWin\libs\GCC\libemWin_nosnts_gcc.a(GUI_Common.o)
                0x1008307c                GUI_SetTextMode
 .text._OnExit  0x10083090       0x44 Generated_Source\PSoC6\pdl\middleware\emWin\libs\GCC\libemWin_nosnts_gcc.a(GUI_Core.o)
 .text.GUI_SetDefaultFont
                0x100830d4        0xc Generated_Source\PSoC6\pdl\middleware\emWin\libs\GCC\libemWin_nosnts_gcc.a(GUI_Core.o)
                0x100830d4                GUI_SetDefaultFont
 .text.GUI_ClearRect
                0x100830e0       0x5c Generated_Source\PSoC6\pdl\middleware\emWin\libs\GCC\libemWin_nosnts_gcc.a(GUI_Core.o)
                0x100830e0                GUI_ClearRect
 .text.GUI_Clear
                0x1008313c       0x20 Generated_Source\PSoC6\pdl\middleware\emWin\libs\GCC\libemWin_nosnts_gcc.a(GUI_Core.o)
                0x1008313c                GUI_Clear
 .text.GUI__RegisterExit
                0x1008315c       0x10 Generated_Source\PSoC6\pdl\middleware\emWin\libs\GCC\libemWin_nosnts_gcc.a(GUI_Core.o)
                0x1008315c                GUI__RegisterExit
 .text.GUI__Config
                0x1008316c       0x30 Generated_Source\PSoC6\pdl\middleware\emWin\libs\GCC\libemWin_nosnts_gcc.a(GUI_Core.o)
                0x1008316c                GUI__Config
 .text.GUI_Init
                0x1008319c       0xf8 Generated_Source\PSoC6\pdl\middleware\emWin\libs\GCC\libemWin_nosnts_gcc.a(GUI_Core.o)
                0x1008319c                GUI_Init
 .text.GUI_DEVICE__GetpDriver
                0x10083294       0x24 Generated_Source\PSoC6\pdl\middleware\emWin\libs\GCC\libemWin_nosnts_gcc.a(GUI_Device.o)
                0x10083294                GUI_DEVICE__GetpDriver
 .text.GUI_DEVICE_Delete
                0x100832b8        0x8 Generated_Source\PSoC6\pdl\middleware\emWin\libs\GCC\libemWin_nosnts_gcc.a(GUI_Device.o)
                0x100832b8                GUI_DEVICE_Delete
 .text.GUI_DEVICE_Create
                0x100832c0       0x50 Generated_Source\PSoC6\pdl\middleware\emWin\libs\GCC\libemWin_nosnts_gcc.a(GUI_Device.o)
                0x100832c0                GUI_DEVICE_Create
 .text.GUI_DEVICE_Unlink
                0x10083310       0x38 Generated_Source\PSoC6\pdl\middleware\emWin\libs\GCC\libemWin_nosnts_gcc.a(GUI_Device.o)
                0x10083310                GUI_DEVICE_Unlink
 .text.GUI_DEVICE_Link
                0x10083348       0x8c Generated_Source\PSoC6\pdl\middleware\emWin\libs\GCC\libemWin_nosnts_gcc.a(GUI_Device.o)
                0x10083348                GUI_DEVICE_Link
 .text.GUI_DEVICE_CreateAndLink
                0x100833d4       0x2c Generated_Source\PSoC6\pdl\middleware\emWin\libs\GCC\libemWin_nosnts_gcc.a(GUI_Device.o)
                0x100833d4                GUI_DEVICE_CreateAndLink
 .text.GUI_DispString
                0x10083400      0x110 Generated_Source\PSoC6\pdl\middleware\emWin\libs\GCC\libemWin_nosnts_gcc.a(GUI_DispString.o)
                0x10083400                GUI_DispString
 .text.GUI_DispStringAt
                0x10083510       0x14 Generated_Source\PSoC6\pdl\middleware\emWin\libs\GCC\libemWin_nosnts_gcc.a(GUI_DispString.o)
                0x10083510                GUI_DispStringAt
 .text.GUI__DispStringInRect
                0x10083524      0x210 Generated_Source\PSoC6\pdl\middleware\emWin\libs\GCC\libemWin_nosnts_gcc.a(GUI_DispString.o)
                0x10083524                GUI__DispStringInRect
 .text.GUI_DispStringInRectMax
                0x10083734       0x44 Generated_Source\PSoC6\pdl\middleware\emWin\libs\GCC\libemWin_nosnts_gcc.a(GUI_DispString.o)
                0x10083734                GUI_DispStringInRectMax
 .text.GUI_DispStringInRectEx
                0x10083778       0xa8 Generated_Source\PSoC6\pdl\middleware\emWin\libs\GCC\libemWin_nosnts_gcc.a(GUI_DispStringInRectEx.o)
                0x10083778                GUI_DispStringInRectEx
 .text.GUI_DrawPixel
                0x10083820       0x40 Generated_Source\PSoC6\pdl\middleware\emWin\libs\GCC\libemWin_nosnts_gcc.a(GUI_DrawLib.o)
                0x10083820                GUI_DrawPixel
 .text.GL_DrawPoint
                0x10083860       0x28 Generated_Source\PSoC6\pdl\middleware\emWin\libs\GCC\libemWin_nosnts_gcc.a(GUI_DrawLib.o)
                0x10083860                GL_DrawPoint
 .text._SetLineColor
                0x10083888       0x8c Generated_Source\PSoC6\pdl\middleware\emWin\libs\GCC\libemWin_nosnts_gcc.a(GUI_DrawLine.o)
 .text.GUI_sin  0x10083914       0x5c Generated_Source\PSoC6\pdl\middleware\emWin\libs\GCC\libemWin_nosnts_gcc.a(GUI_DrawLine.o)
                0x10083914                GUI_sin
 .text.GUI_cos  0x10083970        0xe Generated_Source\PSoC6\pdl\middleware\emWin\libs\GCC\libemWin_nosnts_gcc.a(GUI_DrawLine.o)
                0x10083970                GUI_cos
 *fill*         0x1008397e        0x2 
 .text.GL_DrawLine1Ex
                0x10083980      0x1a8 Generated_Source\PSoC6\pdl\middleware\emWin\libs\GCC\libemWin_nosnts_gcc.a(GUI_DrawLine.o)
                0x10083980                GL_DrawLine1Ex
 .text.GL_DrawLineEx
                0x10083b28      0x19c Generated_Source\PSoC6\pdl\middleware\emWin\libs\GCC\libemWin_nosnts_gcc.a(GUI_DrawLine.o)
                0x10083b28                GL_DrawLineEx
 .text.GL_DrawLine
                0x10083cc4       0x10 Generated_Source\PSoC6\pdl\middleware\emWin\libs\GCC\libemWin_nosnts_gcc.a(GUI_DrawLine.o)
                0x10083cc4                GL_DrawLine
 .text.GUI_DrawLine
                0x10083cd4       0x38 Generated_Source\PSoC6\pdl\middleware\emWin\libs\GCC\libemWin_nosnts_gcc.a(GUI_DrawLine.o)
                0x10083cd4                GUI_DrawLine
 .text._Add     0x10083d0c       0x4c Generated_Source\PSoC6\pdl\middleware\emWin\libs\GCC\libemWin_nosnts_gcc.a(GUI_FillPolygon.o)
 .text.GL_FillPolygon
                0x10083d58      0x1d4 Generated_Source\PSoC6\pdl\middleware\emWin\libs\GCC\libemWin_nosnts_gcc.a(GUI_FillPolygon.o)
                0x10083d58                GL_FillPolygon
 .text.GUI_StoreKey
                0x10083f2c       0x18 Generated_Source\PSoC6\pdl\middleware\emWin\libs\GCC\libemWin_nosnts_gcc.a(GUI_OnKey.o)
                0x10083f2c                GUI_StoreKey
 .text.GUI_UC__GetCharCodeInc
                0x10083f44       0x28 Generated_Source\PSoC6\pdl\middleware\emWin\libs\GCC\libemWin_nosnts_gcc.a(GUI_UC.o)
                0x10083f44                GUI_UC__GetCharCodeInc
 .text.GUI_UC__NumChars2NumBytes
                0x10083f6c       0x28 Generated_Source\PSoC6\pdl\middleware\emWin\libs\GCC\libemWin_nosnts_gcc.a(GUI_UC.o)
                0x10083f6c                GUI_UC__NumChars2NumBytes
 .text._GetCharCode
                0x10083f94        0x4 Generated_Source\PSoC6\pdl\middleware\emWin\libs\GCC\libemWin_nosnts_gcc.a(GUI_UC_EncodeNone.o)
 .text._GetCharSize
                0x10083f98        0x4 Generated_Source\PSoC6\pdl\middleware\emWin\libs\GCC\libemWin_nosnts_gcc.a(GUI_UC_EncodeNone.o)
 .text._CalcSizeOfChar
                0x10083f9c        0x4 Generated_Source\PSoC6\pdl\middleware\emWin\libs\GCC\libemWin_nosnts_gcc.a(GUI_UC_EncodeNone.o)
 .text._Encode  0x10083fa0        0x6 Generated_Source\PSoC6\pdl\middleware\emWin\libs\GCC\libemWin_nosnts_gcc.a(GUI_UC_EncodeNone.o)
 *fill*         0x10083fa6        0x2 
 .text.GUI_SignalEvent
                0x10083fa8       0x14 Generated_Source\PSoC6\pdl\middleware\emWin\libs\GCC\libemWin_nosnts_gcc.a(GUI_WaitEvent.o)
                0x10083fa8                GUI_SignalEvent
 .text.LCD_Color2Index_1
                0x10083fbc       0x28 Generated_Source\PSoC6\pdl\middleware\emWin\libs\GCC\libemWin_nosnts_gcc.a(GUICC_1.o)
 .text._Index2Color_1
                0x10083fe4        0xc Generated_Source\PSoC6\pdl\middleware\emWin\libs\GCC\libemWin_nosnts_gcc.a(GUICC_1.o)
 .text._GetIndexMask_1
                0x10083ff0        0x4 Generated_Source\PSoC6\pdl\middleware\emWin\libs\GCC\libemWin_nosnts_gcc.a(GUICC_1.o)
 .text._SetPixelIndex
                0x10083ff4       0x80 Generated_Source\PSoC6\pdl\middleware\emWin\libs\GCC\libemWin_nosnts_gcc.a(GUIDRV_BitPlains.o)
 .text._GetPixelIndex
                0x10084074       0x5c Generated_Source\PSoC6\pdl\middleware\emWin\libs\GCC\libemWin_nosnts_gcc.a(GUIDRV_BitPlains.o)
 .text._XorPixel
                0x100840d0       0x24 Generated_Source\PSoC6\pdl\middleware\emWin\libs\GCC\libemWin_nosnts_gcc.a(GUIDRV_BitPlains.o)
 .text._DrawHLine
                0x100840f4      0x2b0 Generated_Source\PSoC6\pdl\middleware\emWin\libs\GCC\libemWin_nosnts_gcc.a(GUIDRV_BitPlains.o)
 .text._FillRect
                0x100843a4       0x22 Generated_Source\PSoC6\pdl\middleware\emWin\libs\GCC\libemWin_nosnts_gcc.a(GUIDRV_BitPlains.o)
 .text._GetRect
                0x100843c6       0x16 Generated_Source\PSoC6\pdl\middleware\emWin\libs\GCC\libemWin_nosnts_gcc.a(GUIDRV_BitPlains.o)
 .text._GetDevProp
                0x100843dc       0x46 Generated_Source\PSoC6\pdl\middleware\emWin\libs\GCC\libemWin_nosnts_gcc.a(GUIDRV_BitPlains.o)
 *fill*         0x10084422        0x2 
 .text._GetDevFunc
                0x10084424       0x14 Generated_Source\PSoC6\pdl\middleware\emWin\libs\GCC\libemWin_nosnts_gcc.a(GUIDRV_BitPlains.o)
 .text._GetDevData
                0x10084438       0x38 Generated_Source\PSoC6\pdl\middleware\emWin\libs\GCC\libemWin_nosnts_gcc.a(GUIDRV_BitPlains.o)
 .text._Off     0x10084470        0xe Generated_Source\PSoC6\pdl\middleware\emWin\libs\GCC\libemWin_nosnts_gcc.a(GUIDRV_BitPlains.o)
 .text._On      0x1008447e        0xe Generated_Source\PSoC6\pdl\middleware\emWin\libs\GCC\libemWin_nosnts_gcc.a(GUIDRV_BitPlains.o)
 .text._SetOrg  0x1008448c       0x22 Generated_Source\PSoC6\pdl\middleware\emWin\libs\GCC\libemWin_nosnts_gcc.a(GUIDRV_BitPlains.o)
 *fill*         0x100844ae        0x2 
 .text._DrawVLine
                0x100844b0       0x48 Generated_Source\PSoC6\pdl\middleware\emWin\libs\GCC\libemWin_nosnts_gcc.a(GUIDRV_BitPlains.o)
 .text._DrawBitmap
                0x100844f8      0x8d8 Generated_Source\PSoC6\pdl\middleware\emWin\libs\GCC\libemWin_nosnts_gcc.a(GUIDRV_BitPlains.o)
 .text._InitOnce.isra.2
                0x10084dd0       0x2c Generated_Source\PSoC6\pdl\middleware\emWin\libs\GCC\libemWin_nosnts_gcc.a(GUIDRV_BitPlains.o)
 .text._Init    0x10084dfc       0x1a Generated_Source\PSoC6\pdl\middleware\emWin\libs\GCC\libemWin_nosnts_gcc.a(GUIDRV_BitPlains.o)
 .text._SetSize
                0x10084e16       0x3c Generated_Source\PSoC6\pdl\middleware\emWin\libs\GCC\libemWin_nosnts_gcc.a(GUIDRV_BitPlains.o)
 .text._SetVSize
                0x10084e52       0x1c Generated_Source\PSoC6\pdl\middleware\emWin\libs\GCC\libemWin_nosnts_gcc.a(GUIDRV_BitPlains.o)
 .text._SetVRAMAddr
                0x10084e6e       0x40 Generated_Source\PSoC6\pdl\middleware\emWin\libs\GCC\libemWin_nosnts_gcc.a(GUIDRV_BitPlains.o)
 .text.GUIDRV_BitPlains_Config
                0x10084eae       0x18 Generated_Source\PSoC6\pdl\middleware\emWin\libs\GCC\libemWin_nosnts_gcc.a(GUIDRV_BitPlains.o)
                0x10084eae                GUIDRV_BitPlains_Config
 *fill*         0x10084ec6        0x2 
 .text._SetDrawMode
                0x10084ec8       0x28 Generated_Source\PSoC6\pdl\middleware\emWin\libs\GCC\libemWin_nosnts_gcc.a(LCD.o)
 .text.LCD_SetDrawMode
                0x10084ef0       0x10 Generated_Source\PSoC6\pdl\middleware\emWin\libs\GCC\libemWin_nosnts_gcc.a(LCD.o)
                0x10084ef0                LCD_SetDrawMode
 .text.LCD_DrawPixel
                0x10084f00       0x5c Generated_Source\PSoC6\pdl\middleware\emWin\libs\GCC\libemWin_nosnts_gcc.a(LCD.o)
                0x10084f00                LCD_DrawPixel
 .text.LCD_DrawHLine
                0x10084f5c       0x4c Generated_Source\PSoC6\pdl\middleware\emWin\libs\GCC\libemWin_nosnts_gcc.a(LCD.o)
                0x10084f5c                LCD_DrawHLine
 .text.LCD_DrawVLine
                0x10084fa8       0x4c Generated_Source\PSoC6\pdl\middleware\emWin\libs\GCC\libemWin_nosnts_gcc.a(LCD.o)
                0x10084fa8                LCD_DrawVLine
 .text.LCD_FillRect
                0x10084ff4       0x54 Generated_Source\PSoC6\pdl\middleware\emWin\libs\GCC\libemWin_nosnts_gcc.a(LCD.o)
                0x10084ff4                LCD_FillRect
 .text.LCD__DrawBitmap_1bpp
                0x10085048      0x1cc Generated_Source\PSoC6\pdl\middleware\emWin\libs\GCC\libemWin_nosnts_gcc.a(LCD.o)
                0x10085048                LCD__DrawBitmap_1bpp
 .text.LCD_DrawBitmap
                0x10085214      0x20c Generated_Source\PSoC6\pdl\middleware\emWin\libs\GCC\libemWin_nosnts_gcc.a(LCD.o)
                0x10085214                LCD_DrawBitmap
 .text.LCD_SetClipRectMax
                0x10085420       0x20 Generated_Source\PSoC6\pdl\middleware\emWin\libs\GCC\libemWin_nosnts_gcc.a(LCD.o)
                0x10085420                LCD_SetClipRectMax
 .text.LCD_Init
                0x10085440       0x94 Generated_Source\PSoC6\pdl\middleware\emWin\libs\GCC\libemWin_nosnts_gcc.a(LCD.o)
                0x10085440                LCD_Init
 .text.LCD_Color2Index
                0x100854d4       0x20 Generated_Source\PSoC6\pdl\middleware\emWin\libs\GCC\libemWin_nosnts_gcc.a(LCD.o)
                0x100854d4                LCD_Color2Index
 .text.LCD_Index2Color
                0x100854f4       0x20 Generated_Source\PSoC6\pdl\middleware\emWin\libs\GCC\libemWin_nosnts_gcc.a(LCD.o)
                0x100854f4                LCD_Index2Color
 .text.LCD_SetColorIndex
                0x10085514       0x18 Generated_Source\PSoC6\pdl\middleware\emWin\libs\GCC\libemWin_nosnts_gcc.a(LCD.o)
                0x10085514                LCD_SetColorIndex
 .text._SetColor
                0x1008552c       0x1c Generated_Source\PSoC6\pdl\middleware\emWin\libs\GCC\libemWin_nosnts_gcc.a(LCD.o)
 .text.LCD_SetBkColorIndex
                0x10085548       0x18 Generated_Source\PSoC6\pdl\middleware\emWin\libs\GCC\libemWin_nosnts_gcc.a(LCD.o)
                0x10085548                LCD_SetBkColorIndex
 .text._SetBkColor
                0x10085560       0x1c Generated_Source\PSoC6\pdl\middleware\emWin\libs\GCC\libemWin_nosnts_gcc.a(LCD.o)
 .text.LCD_SetBkColor
                0x1008557c       0x10 Generated_Source\PSoC6\pdl\middleware\emWin\libs\GCC\libemWin_nosnts_gcc.a(LCD.o)
                0x1008557c                LCD_SetBkColor
 .text.LCD_SetColor
                0x1008558c       0x10 Generated_Source\PSoC6\pdl\middleware\emWin\libs\GCC\libemWin_nosnts_gcc.a(LCD.o)
                0x1008558c                LCD_SetColor
 .text._OnExit  0x1008559c       0x1c Generated_Source\PSoC6\pdl\middleware\emWin\libs\GCC\libemWin_nosnts_gcc.a(LCD_Color.o)
 .text.LCD_InitColors
                0x100855b8       0x40 Generated_Source\PSoC6\pdl\middleware\emWin\libs\GCC\libemWin_nosnts_gcc.a(LCD_Color.o)
                0x100855b8                LCD_InitColors
 .text.LCD_GetpPalConvTableUncached
                0x100855f8       0x68 Generated_Source\PSoC6\pdl\middleware\emWin\libs\GCC\libemWin_nosnts_gcc.a(LCD_Color.o)
                0x100855f8                LCD_GetpPalConvTableUncached
 .text.LCD_GetpPalConvTableBM
                0x10085660        0x8 Generated_Source\PSoC6\pdl\middleware\emWin\libs\GCC\libemWin_nosnts_gcc.a(LCD_Color.o)
                0x10085660                LCD_GetpPalConvTableBM
 .text.LCD_InitLUT
                0x10085668       0x7c Generated_Source\PSoC6\pdl\middleware\emWin\libs\GCC\libemWin_nosnts_gcc.a(LCD_Color.o)
                0x10085668                LCD_InitLUT
 .text.LCD_GetBkColorIndex
                0x100856e4       0x10 Generated_Source\PSoC6\pdl\middleware\emWin\libs\GCC\libemWin_nosnts_gcc.a(LCD_GetColorIndex.o)
                0x100856e4                LCD_GetBkColorIndex
 .text.LCD_GetColorIndex
                0x100856f4       0x10 Generated_Source\PSoC6\pdl\middleware\emWin\libs\GCC\libemWin_nosnts_gcc.a(LCD_GetColorIndex.o)
                0x100856f4                LCD_GetColorIndex
 .text._GetDevProp.part.0
                0x10085704       0x16 Generated_Source\PSoC6\pdl\middleware\emWin\libs\GCC\libemWin_nosnts_gcc.a(LCD_GetEx.o)
 .text._GetDevProp
                0x1008571a       0x12 Generated_Source\PSoC6\pdl\middleware\emWin\libs\GCC\libemWin_nosnts_gcc.a(LCD_GetEx.o)
 .text._GetMaxValue
                0x1008572c       0x12 Generated_Source\PSoC6\pdl\middleware\emWin\libs\GCC\libemWin_nosnts_gcc.a(LCD_GetEx.o)
 .text.LCD_GetXSizeEx
                0x1008573e        0xa Generated_Source\PSoC6\pdl\middleware\emWin\libs\GCC\libemWin_nosnts_gcc.a(LCD_GetEx.o)
                0x1008573e                LCD_GetXSizeEx
 .text.LCD_GetYSizeEx
                0x10085748        0xa Generated_Source\PSoC6\pdl\middleware\emWin\libs\GCC\libemWin_nosnts_gcc.a(LCD_GetEx.o)
                0x10085748                LCD_GetYSizeEx
 .text.LCD_GetBitsPerPixelEx
                0x10085752        0xa Generated_Source\PSoC6\pdl\middleware\emWin\libs\GCC\libemWin_nosnts_gcc.a(LCD_GetEx.o)
                0x10085752                LCD_GetBitsPerPixelEx
 .text.LCD_GetNumColorsEx
                0x1008575c        0xa Generated_Source\PSoC6\pdl\middleware\emWin\libs\GCC\libemWin_nosnts_gcc.a(LCD_GetEx.o)
                0x1008575c                LCD_GetNumColorsEx
 .text.LCD_GetSwapXYEx
                0x10085766        0xa Generated_Source\PSoC6\pdl\middleware\emWin\libs\GCC\libemWin_nosnts_gcc.a(LCD_GetEx.o)
                0x10085766                LCD_GetSwapXYEx
 .text.LCD_GetXSize
                0x10085770       0x14 Generated_Source\PSoC6\pdl\middleware\emWin\libs\GCC\libemWin_nosnts_gcc.a(LCD_GetEx.o)
                0x10085770                LCD_GetXSize
 .text.LCD_GetYSize
                0x10085784       0x14 Generated_Source\PSoC6\pdl\middleware\emWin\libs\GCC\libemWin_nosnts_gcc.a(LCD_GetEx.o)
                0x10085784                LCD_GetYSize
 .text.LCD_GetNumColors
                0x10085798       0x14 Generated_Source\PSoC6\pdl\middleware\emWin\libs\GCC\libemWin_nosnts_gcc.a(LCD_GetEx.o)
                0x10085798                LCD_GetNumColors
 .text.LCD_GetSwapXY
                0x100857ac       0x14 Generated_Source\PSoC6\pdl\middleware\emWin\libs\GCC\libemWin_nosnts_gcc.a(LCD_GetEx.o)
                0x100857ac                LCD_GetSwapXY
 .text.GUI_GetBitsPerPixelEx
                0x100857c0       0x18 Generated_Source\PSoC6\pdl\middleware\emWin\libs\GCC\libemWin_nosnts_gcc.a(LCD_GetEx.o)
                0x100857c0                GUI_GetBitsPerPixelEx
 .text.LCD_GetPaletteEx
                0x100857d8       0x14 Generated_Source\PSoC6\pdl\middleware\emWin\libs\GCC\libemWin_nosnts_gcc.a(LCD_GetEx.o)
                0x100857d8                LCD_GetPaletteEx
 .text.LCD_GetPalette
                0x100857ec       0x14 Generated_Source\PSoC6\pdl\middleware\emWin\libs\GCC\libemWin_nosnts_gcc.a(LCD_GetEx.o)
                0x100857ec                LCD_GetPalette
 .text.GUI_GetpfIndex2ColorEx
                0x10085800       0x10 Generated_Source\PSoC6\pdl\middleware\emWin\libs\GCC\libemWin_nosnts_gcc.a(LCD_GetEx.o)
                0x10085800                GUI_GetpfIndex2ColorEx
 .text.GUI_GetpfColor2IndexEx
                0x10085810       0x10 Generated_Source\PSoC6\pdl\middleware\emWin\libs\GCC\libemWin_nosnts_gcc.a(LCD_GetEx.o)
                0x10085810                GUI_GetpfColor2IndexEx
 .text.LCD_GetXSizeMax
                0x10085820        0xa Generated_Source\PSoC6\pdl\middleware\emWin\libs\GCC\libemWin_nosnts_gcc.a(LCD_GetEx.o)
                0x10085820                LCD_GetXSizeMax
 .text.LCD_GetYSizeMax
                0x1008582a        0xa Generated_Source\PSoC6\pdl\middleware\emWin\libs\GCC\libemWin_nosnts_gcc.a(LCD_GetEx.o)
                0x1008582a                LCD_GetYSizeMax
 .text.LCD_SetDisplaySize
                0x10085834        0xc Generated_Source\PSoC6\pdl\middleware\emWin\libs\GCC\libemWin_nosnts_gcc.a(LCD_GetEx.o)
                0x10085834                LCD_SetDisplaySize
 .text.LCD_GetXSizeDisplay
                0x10085840        0xc Generated_Source\PSoC6\pdl\middleware\emWin\libs\GCC\libemWin_nosnts_gcc.a(LCD_GetEx.o)
                0x10085840                LCD_GetXSizeDisplay
 .text.LCD_GetYSizeDisplay
                0x1008584c        0xc Generated_Source\PSoC6\pdl\middleware\emWin\libs\GCC\libemWin_nosnts_gcc.a(LCD_GetEx.o)
                0x1008584c                LCD_GetYSizeDisplay
 .text.LCD__GetBPP
                0x10085858       0x72 Generated_Source\PSoC6\pdl\middleware\emWin\libs\GCC\libemWin_nosnts_gcc.a(LCD_GetEx.o)
                0x10085858                LCD__GetBPP
 .text.LCD__GetBPPDevice
                0x100858ca       0x2a Generated_Source\PSoC6\pdl\middleware\emWin\libs\GCC\libemWin_nosnts_gcc.a(LCD_GetEx.o)
                0x100858ca                LCD__GetBPPDevice
 .text.LCD_GetNumLayers
                0x100858f4        0xe Generated_Source\PSoC6\pdl\middleware\emWin\libs\GCC\libemWin_nosnts_gcc.a(LCD_GetNumDisplays.o)
                0x100858f4                LCD_GetNumLayers
 *fill*         0x10085902        0x2 
 .text.LCD_GetPixelIndex
                0x10085904       0x60 Generated_Source\PSoC6\pdl\middleware\emWin\libs\GCC\libemWin_nosnts_gcc.a(LCD_GetP.o)
                0x10085904                LCD_GetPixelIndex
 .text._Rect2TextRect
                0x10085964       0x1a Generated_Source\PSoC6\pdl\middleware\emWin\libs\GCC\libemWin_nosnts_gcc.a(LCD_RotateCCW.o)
 *fill*         0x1008597e        0x2 
 .text._TransformPoint
                0x10085980       0x74 Generated_Source\PSoC6\pdl\middleware\emWin\libs\GCC\libemWin_nosnts_gcc.a(LCD_RotateCCW.o)
 .text._TransformRect
                0x100859f4       0x3e Generated_Source\PSoC6\pdl\middleware\emWin\libs\GCC\libemWin_nosnts_gcc.a(LCD_RotateCCW.o)
 *fill*         0x10085a32        0x2 
 .text._DrawBitmapCCW
                0x10085a34      0x430 Generated_Source\PSoC6\pdl\middleware\emWin\libs\GCC\libemWin_nosnts_gcc.a(LCD_RotateCCW.o)
 .text.LCD_SelectLCD
                0x10085e64       0x44 Generated_Source\PSoC6\pdl\middleware\emWin\libs\GCC\libemWin_nosnts_gcc.a(LCD_SelectLCD.o)
                0x10085e64                LCD_SelectLCD
 .text.LCD_SetLUTEntryEx
                0x10085ea8       0x2e Generated_Source\PSoC6\pdl\middleware\emWin\libs\GCC\libemWin_nosnts_gcc.a(LCD_Set.o)
                0x10085ea8                LCD_SetLUTEntryEx
 .text.LCD_SetSizeEx
                0x10085ed6       0x2e Generated_Source\PSoC6\pdl\middleware\emWin\libs\GCC\libemWin_nosnts_gcc.a(LCD_Set.o)
                0x10085ed6                LCD_SetSizeEx
 .text.LCD_SetVRAMAddrEx
                0x10085f04       0x2a Generated_Source\PSoC6\pdl\middleware\emWin\libs\GCC\libemWin_nosnts_gcc.a(LCD_Set.o)
                0x10085f04                LCD_SetVRAMAddrEx
 .text.LCD_SetVSizeEx
                0x10085f2e       0x2e Generated_Source\PSoC6\pdl\middleware\emWin\libs\GCC\libemWin_nosnts_gcc.a(LCD_Set.o)
                0x10085f2e                LCD_SetVSizeEx
 .text.LCD_UpdateColorIndices
                0x10085f5c       0x24 Generated_Source\PSoC6\pdl\middleware\emWin\libs\GCC\libemWin_nosnts_gcc.a(LCD_UpdateColorIndices.o)
                0x10085f5c                LCD_UpdateColorIndices
 .text._OnExit  0x10085f80       0x88 Generated_Source\PSoC6\pdl\middleware\emWin\libs\GCC\libemWin_nosnts_gcc.a(WM.o)
 .text._Findy1  0x10086008       0xb4 Generated_Source\PSoC6\pdl\middleware\emWin\libs\GCC\libemWin_nosnts_gcc.a(WM.o)
 .text._Findx0  0x100860bc       0x8a Generated_Source\PSoC6\pdl\middleware\emWin\libs\GCC\libemWin_nosnts_gcc.a(WM.o)
 .text._Findx1  0x10086146       0x7c Generated_Source\PSoC6\pdl\middleware\emWin\libs\GCC\libemWin_nosnts_gcc.a(WM.o)
 *fill*         0x100861c2        0x2 
 .text.WM__ClipAtParentBorders
                0x100861c4       0x54 Generated_Source\PSoC6\pdl\middleware\emWin\libs\GCC\libemWin_nosnts_gcc.a(WM.o)
                0x100861c4                WM__ClipAtParentBorders
 .text.WM__InsertWindowIntoList
                0x10086218       0xaa Generated_Source\PSoC6\pdl\middleware\emWin\libs\GCC\libemWin_nosnts_gcc.a(WM.o)
                0x10086218                WM__InsertWindowIntoList
 .text.WM__Client2Screen
                0x100862c2       0x14 Generated_Source\PSoC6\pdl\middleware\emWin\libs\GCC\libemWin_nosnts_gcc.a(WM.o)
                0x100862c2                WM__Client2Screen
 *fill*         0x100862d6        0x2 
 .text._SetClipRectUserIntersect
                0x100862d8       0x50 Generated_Source\PSoC6\pdl\middleware\emWin\libs\GCC\libemWin_nosnts_gcc.a(WM.o)
 .text.WM__ActivateClipRect
                0x10086328       0x50 Generated_Source\PSoC6\pdl\middleware\emWin\libs\GCC\libemWin_nosnts_gcc.a(WM.o)
                0x10086328                WM__ActivateClipRect
 .text.WM__InvalidateDrawAndDescs
                0x10086378       0x54 Generated_Source\PSoC6\pdl\middleware\emWin\libs\GCC\libemWin_nosnts_gcc.a(WM.o)
                0x10086378                WM__InvalidateDrawAndDescs
 .text.WM__RectIsNZ
                0x100863cc       0x22 Generated_Source\PSoC6\pdl\middleware\emWin\libs\GCC\libemWin_nosnts_gcc.a(WM.o)
                0x100863cc                WM__RectIsNZ
 *fill*         0x100863ee        0x2 
 .text._Invalidate1Abs
                0x100863f0       0x88 Generated_Source\PSoC6\pdl\middleware\emWin\libs\GCC\libemWin_nosnts_gcc.a(WM.o)
 .text.WM__Invalidate1Abs
                0x10086478        0xa Generated_Source\PSoC6\pdl\middleware\emWin\libs\GCC\libemWin_nosnts_gcc.a(WM.o)
                0x10086478                WM__Invalidate1Abs
 .text.WM_InvalidateWindowAndDescsEx
                0x10086482       0x60 Generated_Source\PSoC6\pdl\middleware\emWin\libs\GCC\libemWin_nosnts_gcc.a(WM.o)
                0x10086482                WM_InvalidateWindowAndDescsEx
 *fill*         0x100864e2        0x2 
 .text.WM__InvalidateRect
                0x100864e4       0x80 Generated_Source\PSoC6\pdl\middleware\emWin\libs\GCC\libemWin_nosnts_gcc.a(WM.o)
                0x100864e4                WM__InvalidateRect
 .text.WM__InvalidateRectEx
                0x10086564        0xa Generated_Source\PSoC6\pdl\middleware\emWin\libs\GCC\libemWin_nosnts_gcc.a(WM.o)
                0x10086564                WM__InvalidateRectEx
 .text.WM__SendMsgNoData
                0x1008656e       0x10 Generated_Source\PSoC6\pdl\middleware\emWin\libs\GCC\libemWin_nosnts_gcc.a(WM.o)
                0x1008656e                WM__SendMsgNoData
 .text.WM__GetClientRectWin
                0x1008657e       0x18 Generated_Source\PSoC6\pdl\middleware\emWin\libs\GCC\libemWin_nosnts_gcc.a(WM.o)
                0x1008657e                WM__GetClientRectWin
 *fill*         0x10086596        0x2 
 .text.WM_InvalidateRect
                0x10086598       0x80 Generated_Source\PSoC6\pdl\middleware\emWin\libs\GCC\libemWin_nosnts_gcc.a(WM.o)
                0x10086598                WM_InvalidateRect
 .text.WM_InvalidateWindow
                0x10086618        0xa Generated_Source\PSoC6\pdl\middleware\emWin\libs\GCC\libemWin_nosnts_gcc.a(WM.o)
                0x10086618                WM_InvalidateWindow
 *fill*         0x10086622        0x2 
 .text.WM_SelectWindow
                0x10086624       0x38 Generated_Source\PSoC6\pdl\middleware\emWin\libs\GCC\libemWin_nosnts_gcc.a(WM.o)
                0x10086624                WM_SelectWindow
 .text.WM_CreateWindowAsChild
                0x1008665c      0x144 Generated_Source\PSoC6\pdl\middleware\emWin\libs\GCC\libemWin_nosnts_gcc.a(WM.o)
                0x1008665c                WM_CreateWindowAsChild
 .text.WM_CreateWindow
                0x100867a0       0x1a Generated_Source\PSoC6\pdl\middleware\emWin\libs\GCC\libemWin_nosnts_gcc.a(WM.o)
                0x100867a0                WM_CreateWindow
 *fill*         0x100867ba        0x2 
 .text.WM__GetNextIVR
                0x100867bc      0x160 Generated_Source\PSoC6\pdl\middleware\emWin\libs\GCC\libemWin_nosnts_gcc.a(WM.o)
                0x100867bc                WM__GetNextIVR
 .text.WM__InitIVRSearch
                0x1008691c      0x100 Generated_Source\PSoC6\pdl\middleware\emWin\libs\GCC\libemWin_nosnts_gcc.a(WM.o)
                0x1008691c                WM__InitIVRSearch
 .text.WM_Activate
                0x10086a1c       0x10 Generated_Source\PSoC6\pdl\middleware\emWin\libs\GCC\libemWin_nosnts_gcc.a(WM.o)
                0x10086a1c                WM_Activate
 .text.WM_DefaultProc
                0x10086a2c       0x48 Generated_Source\PSoC6\pdl\middleware\emWin\libs\GCC\libemWin_nosnts_gcc.a(WM.o)
                0x10086a2c                WM_DefaultProc
 .text._cbBackWin
                0x10086a74       0x44 Generated_Source\PSoC6\pdl\middleware\emWin\libs\GCC\libemWin_nosnts_gcc.a(WM.o)
 .text.WM_Init  0x10086ab8       0xa4 Generated_Source\PSoC6\pdl\middleware\emWin\libs\GCC\libemWin_nosnts_gcc.a(WM.o)
                0x10086ab8                WM_Init
 .text.WM__GetFirstSibling
                0x10086b5c       0x16 Generated_Source\PSoC6\pdl\middleware\emWin\libs\GCC\libemWin_nosnts_gcc.a(WM__Private.o)
                0x10086b5c                WM__GetFirstSibling
 .text.WM__GetPrevSibling
                0x10086b72       0x28 Generated_Source\PSoC6\pdl\middleware\emWin\libs\GCC\libemWin_nosnts_gcc.a(WM__Private.o)
                0x10086b72                WM__GetPrevSibling
 *fill*         0x10086b9a        0x2 
 .text.WM__SendMessage
                0x10086b9c       0x38 Generated_Source\PSoC6\pdl\middleware\emWin\libs\GCC\libemWin_nosnts_gcc.a(WM__Private.o)
                0x10086b9c                WM__SendMessage
 .text.WM__AddCriticalHandle
                0x10086bd4       0x10 Generated_Source\PSoC6\pdl\middleware\emWin\libs\GCC\libemWin_nosnts_gcc.a(WM__Private.o)
                0x10086bd4                WM__AddCriticalHandle
 .text.WM__GetClientRectEx
                0x10086be4       0x20 Generated_Source\PSoC6\pdl\middleware\emWin\libs\GCC\libemWin_nosnts_gcc.a(WM__Private.o)
                0x10086be4                WM__GetClientRectEx
 .text.WM_GetClientRect
                0x10086c04       0x20 Generated_Source\PSoC6\pdl\middleware\emWin\libs\GCC\libemWin_nosnts_gcc.a(WM_Lib.o)
                0x10086c04                WM_GetClientRect
 .text.WM_GetDesktopWindow
                0x10086c24        0xc Generated_Source\PSoC6\pdl\middleware\emWin\libs\GCC\libemWin_nosnts_gcc.a(WM_Lib.o)
                0x10086c24                WM_GetDesktopWindow
 .text.WM_GetFirstChild
                0x10086c30        0xe Generated_Source\PSoC6\pdl\middleware\emWin\libs\GCC\libemWin_nosnts_gcc.a(WM_Lib.o)
                0x10086c30                WM_GetFirstChild
 .text.WM_GetParent
                0x10086c3e        0xe Generated_Source\PSoC6\pdl\middleware\emWin\libs\GCC\libemWin_nosnts_gcc.a(WM_Lib.o)
                0x10086c3e                WM_GetParent
 .text.WM_BringToBottom
                0x10086c4c       0x80 Generated_Source\PSoC6\pdl\middleware\emWin\libs\GCC\libemWin_nosnts_gcc.a(WM_Lib.o)
                0x10086c4c                WM_BringToBottom
 .text.WM_GetWindowRect
                0x10086ccc       0x2c Generated_Source\PSoC6\pdl\middleware\emWin\libs\GCC\libemWin_nosnts_gcc.a(WM_Lib.o)
                0x10086ccc                WM_GetWindowRect
 .text.WM_SendToParent
                0x10086cf8       0x1a Generated_Source\PSoC6\pdl\middleware\emWin\libs\GCC\libemWin_nosnts_gcc.a(WM_Lib.o)
                0x10086cf8                WM_SendToParent
 *fill*         0x10086d12        0x2 
 .text.WM_SetUserClipRect
                0x10086d14       0x18 Generated_Source\PSoC6\pdl\middleware\emWin\libs\GCC\libemWin_nosnts_gcc.a(WM_Lib.o)
                0x10086d14                WM_SetUserClipRect
 .text.GUI__ManageCacheEx
                0x10086d2c       0xe0 Generated_Source\PSoC6\pdl\middleware\emWin\libs\GCC\libemWin_nosnts_gcc.a(GUI__ManageCache.o)
                0x10086d2c                GUI__ManageCacheEx
 .text.GUI__ManageCache
                0x10086e0c       0x14 Generated_Source\PSoC6\pdl\middleware\emWin\libs\GCC\libemWin_nosnts_gcc.a(GUI__ManageCache.o)
                0x10086e0c                GUI__ManageCache
 .text.GUI__HandleEOLine
                0x10086e20       0x22 Generated_Source\PSoC6\pdl\middleware\emWin\libs\GCC\libemWin_nosnts_gcc.a(GUI__Private.o)
                0x10086e20                GUI__HandleEOLine
 .text.GUI__IntersectRect
                0x10086e42       0x3c Generated_Source\PSoC6\pdl\middleware\emWin\libs\GCC\libemWin_nosnts_gcc.a(GUI__Private.o)
                0x10086e42                GUI__IntersectRect
 .text.GUI__IntersectRects
                0x10086e7e       0x68 Generated_Source\PSoC6\pdl\middleware\emWin\libs\GCC\libemWin_nosnts_gcc.a(GUI__Private.o)
                0x10086e7e                GUI__IntersectRects
 *fill*         0x10086ee6        0x2 
 .text.GUI_GetYAdjust
                0x10086ee8       0x2c Generated_Source\PSoC6\pdl\middleware\emWin\libs\GCC\libemWin_nosnts_gcc.a(GUI_Char.o)
                0x10086ee8                GUI_GetYAdjust
 .text.GUI_GetFontDistY
                0x10086f14       0x10 Generated_Source\PSoC6\pdl\middleware\emWin\libs\GCC\libemWin_nosnts_gcc.a(GUI_Char.o)
                0x10086f14                GUI_GetFontDistY
 .text.GUI_GetCharDistX
                0x10086f24       0x14 Generated_Source\PSoC6\pdl\middleware\emWin\libs\GCC\libemWin_nosnts_gcc.a(GUI_Char.o)
                0x10086f24                GUI_GetCharDistX
 .text.GUI_GetCharDistXEx
                0x10086f38       0x14 Generated_Source\PSoC6\pdl\middleware\emWin\libs\GCC\libemWin_nosnts_gcc.a(GUI_Char.o)
                0x10086f38                GUI_GetCharDistXEx
 .text._Log2VisBuffered
                0x10086f4c        0x2 Generated_Source\PSoC6\pdl\middleware\emWin\libs\GCC\libemWin_nosnts_gcc.a(GUI_CharLine.o)
 *fill*         0x10086f4e        0x2 
 .text._DispLine
                0x10086f50       0x9c Generated_Source\PSoC6\pdl\middleware\emWin\libs\GCC\libemWin_nosnts_gcc.a(GUI_CharLine.o)
 .text.GUI__GetLineNumChars
                0x10086fec       0x3c Generated_Source\PSoC6\pdl\middleware\emWin\libs\GCC\libemWin_nosnts_gcc.a(GUI_CharLine.o)
                0x10086fec                GUI__GetLineNumChars
 .text.GUI__GetOverlap
                0x10087028       0x18 Generated_Source\PSoC6\pdl\middleware\emWin\libs\GCC\libemWin_nosnts_gcc.a(GUI_CharLine.o)
                0x10087028                GUI__GetOverlap
 .text.GUI__GetLineDistX
                0x10087040       0x5c Generated_Source\PSoC6\pdl\middleware\emWin\libs\GCC\libemWin_nosnts_gcc.a(GUI_CharLine.o)
                0x10087040                GUI__GetLineDistX
 .text.GUI__DispLine
                0x1008709c       0x9c Generated_Source\PSoC6\pdl\middleware\emWin\libs\GCC\libemWin_nosnts_gcc.a(GUI_CharLine.o)
                0x1008709c                GUI__DispLine
 .text.GL_FillCircle
                0x10087138       0xcc Generated_Source\PSoC6\pdl\middleware\emWin\libs\GCC\libemWin_nosnts_gcc.a(GUI_Circ.o)
                0x10087138                GL_FillCircle
 .text.GUI_SelectLayer
                0x10087204       0x28 Generated_Source\PSoC6\pdl\middleware\emWin\libs\GCC\libemWin_nosnts_gcc.a(GUI_SelectLayer.o)
                0x10087204                GUI_SelectLayer
 .text._GetIndexMask_0
                0x1008722c       0x44 Generated_Source\PSoC6\pdl\middleware\emWin\libs\GCC\libemWin_nosnts_gcc.a(GUICC_0.o)
 .text._Index2Color_0
                0x10087270       0x20 Generated_Source\PSoC6\pdl\middleware\emWin\libs\GCC\libemWin_nosnts_gcc.a(GUICC_0.o)
 .text._Color2Index_0
                0x10087290       0x50 Generated_Source\PSoC6\pdl\middleware\emWin\libs\GCC\libemWin_nosnts_gcc.a(GUICC_0.o)
 .text.GUI_MEMDEV_GetBitsPerPixel
                0x100872e0       0x26 Generated_Source\PSoC6\pdl\middleware\emWin\libs\GCC\libemWin_nosnts_gcc.a(GUIDEV.o)
                0x100872e0                GUI_MEMDEV_GetBitsPerPixel
 *fill*         0x10087306        0x2 
 .text.GUI_MEMDEV_Delete
                0x10087308       0x40 Generated_Source\PSoC6\pdl\middleware\emWin\libs\GCC\libemWin_nosnts_gcc.a(GUIDEV.o)
                0x10087308                GUI_MEMDEV_Delete
 .text._GetDevData
                0x10087348       0x10 Generated_Source\PSoC6\pdl\middleware\emWin\libs\GCC\libemWin_nosnts_gcc.a(GUIDEV_1.o)
 .text._GetDevFunc
                0x10087358       0x10 Generated_Source\PSoC6\pdl\middleware\emWin\libs\GCC\libemWin_nosnts_gcc.a(GUIDEV_1.o)
 .text._SetOrg  0x10087368        0xc Generated_Source\PSoC6\pdl\middleware\emWin\libs\GCC\libemWin_nosnts_gcc.a(GUIDEV_1.o)
 .text._GetDevProp
                0x10087374        0xc Generated_Source\PSoC6\pdl\middleware\emWin\libs\GCC\libemWin_nosnts_gcc.a(GUIDEV_1.o)
 .text._GetRect
                0x10087380       0x30 Generated_Source\PSoC6\pdl\middleware\emWin\libs\GCC\libemWin_nosnts_gcc.a(GUIDEV_1.o)
 .text._XY2PTR_BITOFFSET
                0x100873b0       0x44 Generated_Source\PSoC6\pdl\middleware\emWin\libs\GCC\libemWin_nosnts_gcc.a(GUIDEV_1.o)
 .text._GetPixelIndex
                0x100873f4       0x18 Generated_Source\PSoC6\pdl\middleware\emWin\libs\GCC\libemWin_nosnts_gcc.a(GUIDEV_1.o)
 .text._XorPixel
                0x1008740c       0x58 Generated_Source\PSoC6\pdl\middleware\emWin\libs\GCC\libemWin_nosnts_gcc.a(GUIDEV_1.o)
 .text._SetPixelIndex
                0x10087464       0x60 Generated_Source\PSoC6\pdl\middleware\emWin\libs\GCC\libemWin_nosnts_gcc.a(GUIDEV_1.o)
 .text._DrawVLine
                0x100874c4       0xb8 Generated_Source\PSoC6\pdl\middleware\emWin\libs\GCC\libemWin_nosnts_gcc.a(GUIDEV_1.o)
 .text._FillRect
                0x1008757c      0x158 Generated_Source\PSoC6\pdl\middleware\emWin\libs\GCC\libemWin_nosnts_gcc.a(GUIDEV_1.o)
 .text._DrawHLine
                0x100876d4        0xa Generated_Source\PSoC6\pdl\middleware\emWin\libs\GCC\libemWin_nosnts_gcc.a(GUIDEV_1.o)
 *fill*         0x100876de        0x2 
 .text._DrawBitmap
                0x100876e0      0x614 Generated_Source\PSoC6\pdl\middleware\emWin\libs\GCC\libemWin_nosnts_gcc.a(GUIDEV_1.o)
 .text._GetDevData
                0x10087cf4       0x10 Generated_Source\PSoC6\pdl\middleware\emWin\libs\GCC\libemWin_nosnts_gcc.a(GUIDEV_8.o)
 .text._GetDevFunc
                0x10087d04       0x10 Generated_Source\PSoC6\pdl\middleware\emWin\libs\GCC\libemWin_nosnts_gcc.a(GUIDEV_8.o)
 .text._SetOrg  0x10087d14       0x10 Generated_Source\PSoC6\pdl\middleware\emWin\libs\GCC\libemWin_nosnts_gcc.a(GUIDEV_8.o)
 .text._GetRect
                0x10087d24       0x30 Generated_Source\PSoC6\pdl\middleware\emWin\libs\GCC\libemWin_nosnts_gcc.a(GUIDEV_8.o)
 .text._XY2PTR  0x10087d54       0x38 Generated_Source\PSoC6\pdl\middleware\emWin\libs\GCC\libemWin_nosnts_gcc.a(GUIDEV_8.o)
 .text._GetPixelIndex
                0x10087d8c        0xe Generated_Source\PSoC6\pdl\middleware\emWin\libs\GCC\libemWin_nosnts_gcc.a(GUIDEV_8.o)
 *fill*         0x10087d9a        0x2 
 .text._XorPixel
                0x10087d9c       0x54 Generated_Source\PSoC6\pdl\middleware\emWin\libs\GCC\libemWin_nosnts_gcc.a(GUIDEV_8.o)
 .text._SetPixelIndex
                0x10087df0       0x48 Generated_Source\PSoC6\pdl\middleware\emWin\libs\GCC\libemWin_nosnts_gcc.a(GUIDEV_8.o)
 .text._DrawVLine
                0x10087e38       0xbc Generated_Source\PSoC6\pdl\middleware\emWin\libs\GCC\libemWin_nosnts_gcc.a(GUIDEV_8.o)
 .text._FillRect
                0x10087ef4       0xb0 Generated_Source\PSoC6\pdl\middleware\emWin\libs\GCC\libemWin_nosnts_gcc.a(GUIDEV_8.o)
 .text._DrawHLine
                0x10087fa4        0xa Generated_Source\PSoC6\pdl\middleware\emWin\libs\GCC\libemWin_nosnts_gcc.a(GUIDEV_8.o)
 *fill*         0x10087fae        0x2 
 .text._DrawBitmap
                0x10087fb0      0x688 Generated_Source\PSoC6\pdl\middleware\emWin\libs\GCC\libemWin_nosnts_gcc.a(GUIDEV_8.o)
 .text._GetDevProp
                0x10088638       0x1e Generated_Source\PSoC6\pdl\middleware\emWin\libs\GCC\libemWin_nosnts_gcc.a(GUIDEV_8.o)
 .text.GUI_USAGE_DecUseCnt
                0x10088656       0x24 Generated_Source\PSoC6\pdl\middleware\emWin\libs\GCC\libemWin_nosnts_gcc.a(GUIDEV_Usage.o)
                0x10088656                GUI_USAGE_DecUseCnt
 .text.GUI_USAGE_AddRect
                0x1008867a       0x26 Generated_Source\PSoC6\pdl\middleware\emWin\libs\GCC\libemWin_nosnts_gcc.a(GUIDEV_Usage.o)
                0x1008867a                GUI_USAGE_AddRect
 .text._Convert16
                0x100886a0       0x34 Generated_Source\PSoC6\pdl\middleware\emWin\libs\GCC\libemWin_nosnts_gcc.a(GUIDEV_WriteToActiveOpaque.o)
 .text._Convert8
                0x100886d4       0x34 Generated_Source\PSoC6\pdl\middleware\emWin\libs\GCC\libemWin_nosnts_gcc.a(GUIDEV_WriteToActiveOpaque.o)
 .text.GUI_MEMDEV__WriteToActiveOpaque
                0x10088708      0x714 Generated_Source\PSoC6\pdl\middleware\emWin\libs\GCC\libemWin_nosnts_gcc.a(GUIDEV_WriteToActiveOpaque.o)
                0x10088708                GUI_MEMDEV__WriteToActiveOpaque
 .text.LCD_SetPixelAA4_NoTrans
                0x10088e1c       0xa0 Generated_Source\PSoC6\pdl\middleware\emWin\libs\GCC\libemWin_nosnts_gcc.a(LCD_AA.o)
                0x10088e1c                LCD_SetPixelAA4_NoTrans
 .text.LCD_AA_MixColors16
                0x10088ebc       0x40 Generated_Source\PSoC6\pdl\middleware\emWin\libs\GCC\libemWin_nosnts_gcc.a(LCD_AA.o)
                0x10088ebc                LCD_AA_MixColors16
 .text.LCD_SetPixelAA4_Trans
                0x10088efc       0x88 Generated_Source\PSoC6\pdl\middleware\emWin\libs\GCC\libemWin_nosnts_gcc.a(LCD_AA.o)
                0x10088efc                LCD_SetPixelAA4_Trans
 .text.LCD_AA_MixColors256
                0x10088f84       0x18 Generated_Source\PSoC6\pdl\middleware\emWin\libs\GCC\libemWin_nosnts_gcc.a(LCD_AA.o)
                0x10088f84                LCD_AA_MixColors256
 .text.LCD_SetPixelAA8_Trans
                0x10088f9c       0x84 Generated_Source\PSoC6\pdl\middleware\emWin\libs\GCC\libemWin_nosnts_gcc.a(LCD_AA.o)
                0x10088f9c                LCD_SetPixelAA8_Trans
 .text.LCD_SetPixelAA8_NoTrans
                0x10089020       0x98 Generated_Source\PSoC6\pdl\middleware\emWin\libs\GCC\libemWin_nosnts_gcc.a(LCD_AA.o)
                0x10089020                LCD_SetPixelAA8_NoTrans
 .text.LCD__GetPfSetPixel
                0x100890b8       0x44 Generated_Source\PSoC6\pdl\middleware\emWin\libs\GCC\libemWin_nosnts_gcc.a(LCD_AA.o)
                0x100890b8                LCD__GetPfSetPixel
 .text.LCD_GetPixelColor
                0x100890fc        0xc Generated_Source\PSoC6\pdl\middleware\emWin\libs\GCC\libemWin_nosnts_gcc.a(LCD_GetPixelColor.o)
                0x100890fc                LCD_GetPixelColor
 .text.LCD_SetClipRectEx
                0x10089108       0x30 Generated_Source\PSoC6\pdl\middleware\emWin\libs\GCC\libemWin_nosnts_gcc.a(LCD_SetClipRectEx.o)
                0x10089108                LCD_SetClipRectEx
 .text.GUI__MixColorsBulk
                0x10089138       0x90 Generated_Source\PSoC6\pdl\middleware\emWin\libs\GCC\libemWin_nosnts_gcc.a(GUI__Alpha.o)
                0x10089138                GUI__MixColorsBulk
 .text.GUI__MixColors
                0x100891c8       0x60 Generated_Source\PSoC6\pdl\middleware\emWin\libs\GCC\libemWin_nosnts_gcc.a(GUI__Alpha.o)
                0x100891c8                GUI__MixColors
 .text.GUI__CompactPixelIndices
                0x10089228      0x14a Generated_Source\PSoC6\pdl\middleware\emWin\libs\GCC\libemWin_nosnts_gcc.a(GUI__CompactPixelIndices.o)
                0x10089228                GUI__CompactPixelIndices
 .text.GUI_MEMDEV_GetDataPtr
                0x10089372       0x1c Generated_Source\PSoC6\pdl\middleware\emWin\libs\GCC\libemWin_nosnts_gcc.a(GUIDEV_GetDataPtr.o)
                0x10089372                GUI_MEMDEV_GetDataPtr
 *fill*         0x1008938e        0x2 
 .text          0x10089390       0x14 d:/psoc creator/4.4/psoc creator/import/gnu/arm/5.4.1/bin/../lib/gcc/arm-none-eabi/5.4.1/armv7e-m/softfp\libgcc.a(_thumb1_case_uqi.o)
                0x10089390                __gnu_thumb1_case_uqi
 .text          0x100893a4       0x14 d:/psoc creator/4.4/psoc creator/import/gnu/arm/5.4.1/bin/../lib/gcc/arm-none-eabi/5.4.1/armv7e-m/softfp\libgcc.a(_thumb1_case_uhi.o)
                0x100893a4                __gnu_thumb1_case_uhi
 .text          0x100893b8       0x24 d:/psoc creator/4.4/psoc creator/import/gnu/arm/5.4.1/bin/../lib/gcc/arm-none-eabi/5.4.1/armv7e-m/softfp\libgcc.a(_udivsi3.o)
                0x100893b8                __aeabi_uidiv
                0x100893b8                __udivsi3
                0x100893cc                __aeabi_uidivmod
 .text          0x100893dc       0x2c d:/psoc creator/4.4/psoc creator/import/gnu/arm/5.4.1/bin/../lib/gcc/arm-none-eabi/5.4.1/armv7e-m/softfp\libgcc.a(_divsi3.o)
                0x100893dc                __divsi3
                0x100893dc                __aeabi_idiv
                0x100893f8                __aeabi_idivmod
 .text          0x10089408        0x4 d:/psoc creator/4.4/psoc creator/import/gnu/arm/5.4.1/bin/../lib/gcc/arm-none-eabi/5.4.1/armv7e-m/softfp\libgcc.a(_dvmd_tls.o)
                0x10089408                __aeabi_idiv0
                0x10089408                __aeabi_ldiv0
 .text          0x1008940c      0x370 d:/psoc creator/4.4/psoc creator/import/gnu/arm/5.4.1/bin/../lib/gcc/arm-none-eabi/5.4.1/armv7e-m/softfp\libgcc.a(_arm_addsubdf3.o)
                0x1008940c                __aeabi_drsub
                0x10089414                __aeabi_dsub
                0x10089414                __subdf3
                0x10089418                __aeabi_dadd
                0x10089418                __adddf3
                0x10089690                __floatunsidf
                0x10089690                __aeabi_ui2d
                0x100896b0                __floatsidf
                0x100896b0                __aeabi_i2d
                0x100896d4                __aeabi_f2d
                0x100896d4                __extendsfdf2
                0x10089710                __floatundidf
                0x10089710                __aeabi_ul2d
                0x10089720                __floatdidf
                0x10089720                __aeabi_l2d
 .text          0x1008977c      0x424 d:/psoc creator/4.4/psoc creator/import/gnu/arm/5.4.1/bin/../lib/gcc/arm-none-eabi/5.4.1/armv7e-m/softfp\libgcc.a(_arm_muldivdf3.o)
                0x1008977c                __aeabi_dmul
                0x1008977c                __muldf3
                0x100899d0                __divdf3
                0x100899d0                __aeabi_ddiv
 .text          0x10089ba0       0xa0 d:/psoc creator/4.4/psoc creator/import/gnu/arm/5.4.1/bin/../lib/gcc/arm-none-eabi/5.4.1/armv7e-m/softfp\libgcc.a(_arm_truncdfsf2.o)
                0x10089ba0                __truncdfsf2
                0x10089ba0                __aeabi_d2f
 .text.memcpy   0x10089c40       0x16 d:/psoc creator/4.4/psoc creator/import/gnu/arm/5.4.1/bin/../lib/gcc/arm-none-eabi/5.4.1/../../../../arm-none-eabi/lib/armv7e-m/softfp\libg_nano.a(lib_a-memcpy-stub.o)
                0x10089c40                memcpy
 .text.memmove  0x10089c56       0x36 d:/psoc creator/4.4/psoc creator/import/gnu/arm/5.4.1/bin/../lib/gcc/arm-none-eabi/5.4.1/../../../../arm-none-eabi/lib/armv7e-m/softfp\libg_nano.a(lib_a-memmove.o)
                0x10089c56                memmove
 .text.memset   0x10089c8c       0x10 d:/psoc creator/4.4/psoc creator/import/gnu/arm/5.4.1/bin/../lib/gcc/arm-none-eabi/5.4.1/../../../../arm-none-eabi/lib/armv7e-m/softfp\libg_nano.a(lib_a-memset.o)
                0x10089c8c                memset
 .text          0x10089c9c       0x10 d:/psoc creator/4.4/psoc creator/import/gnu/arm/5.4.1/bin/../lib/gcc/arm-none-eabi/5.4.1/../../../../arm-none-eabi/lib/armv7e-m/softfp\libg_nano.a(lib_a-strlen.o)
                0x10089c9c                strlen
 .text.strncpy  0x10089cac       0x26 d:/psoc creator/4.4/psoc creator/import/gnu/arm/5.4.1/bin/../lib/gcc/arm-none-eabi/5.4.1/../../../../arm-none-eabi/lib/armv7e-m/softfp\libg_nano.a(lib_a-strncpy.o)
                0x10089cac                strncpy
 *fill*         0x10089cd2        0x2 
 .text.expf     0x10089cd4       0xfc d:/psoc creator/4.4/psoc creator/import/gnu/arm/5.4.1/bin/../lib/gcc/arm-none-eabi/5.4.1/../../../../arm-none-eabi/lib/armv7e-m/softfp\libm.a(lib_a-wf_exp.o)
                0x10089cd4                expf
 .text.powf     0x10089dd0      0x31c d:/psoc creator/4.4/psoc creator/import/gnu/arm/5.4.1/bin/../lib/gcc/arm-none-eabi/5.4.1/../../../../arm-none-eabi/lib/armv7e-m/softfp\libm.a(lib_a-wf_pow.o)
                0x10089dd0                powf
 .text.__ieee754_expf
                0x1008a0ec      0x1c0 d:/psoc creator/4.4/psoc creator/import/gnu/arm/5.4.1/bin/../lib/gcc/arm-none-eabi/5.4.1/../../../../arm-none-eabi/lib/armv7e-m/softfp\libm.a(lib_a-ef_exp.o)
                0x1008a0ec                __ieee754_expf
 .text.__ieee754_powf
                0x1008a2ac      0x5fc d:/psoc creator/4.4/psoc creator/import/gnu/arm/5.4.1/bin/../lib/gcc/arm-none-eabi/5.4.1/../../../../arm-none-eabi/lib/armv7e-m/softfp\libm.a(lib_a-ef_pow.o)
                0x1008a2ac                __ieee754_powf
 .text.__ieee754_sqrtf
                0x1008a8a8       0xac d:/psoc creator/4.4/psoc creator/import/gnu/arm/5.4.1/bin/../lib/gcc/arm-none-eabi/5.4.1/../../../../arm-none-eabi/lib/armv7e-m/softfp\libm.a(lib_a-ef_sqrt.o)
                0x1008a8a8                __ieee754_sqrtf
 .text.matherr  0x1008a954        0x4 d:/psoc creator/4.4/psoc creator/import/gnu/arm/5.4.1/bin/../lib/gcc/arm-none-eabi/5.4.1/../../../../arm-none-eabi/lib/armv7e-m/softfp\libm.a(lib_a-s_matherr.o)
                0x1008a954                matherr
 .text.rint     0x1008a958      0x118 d:/psoc creator/4.4/psoc creator/import/gnu/arm/5.4.1/bin/../lib/gcc/arm-none-eabi/5.4.1/../../../../arm-none-eabi/lib/armv7e-m/softfp\libm.a(lib_a-s_rint.o)
                0x1008a958                rint
 .text.fabsf    0x1008aa70        0x8 d:/psoc creator/4.4/psoc creator/import/gnu/arm/5.4.1/bin/../lib/gcc/arm-none-eabi/5.4.1/../../../../arm-none-eabi/lib/armv7e-m/softfp\libm.a(lib_a-sf_fabs.o)
                0x1008aa70                fabsf
 .text.finitef  0x1008aa78       0x10 d:/psoc creator/4.4/psoc creator/import/gnu/arm/5.4.1/bin/../lib/gcc/arm-none-eabi/5.4.1/../../../../arm-none-eabi/lib/armv7e-m/softfp\libm.a(lib_a-sf_finite.o)
                0x1008aa78                finitef
 .text.nanf     0x1008aa88        0x8 d:/psoc creator/4.4/psoc creator/import/gnu/arm/5.4.1/bin/../lib/gcc/arm-none-eabi/5.4.1/../../../../arm-none-eabi/lib/armv7e-m/softfp\libm.a(lib_a-sf_nan.o)
                0x1008aa88                nanf
 .text.scalbnf  0x1008aa90      0x100 d:/psoc creator/4.4/psoc creator/import/gnu/arm/5.4.1/bin/../lib/gcc/arm-none-eabi/5.4.1/../../../../arm-none-eabi/lib/armv7e-m/softfp\libm.a(lib_a-sf_scalbn.o)
                0x1008aa90                scalbnf
 .text.copysignf
                0x1008ab90        0xc d:/psoc creator/4.4/psoc creator/import/gnu/arm/5.4.1/bin/../lib/gcc/arm-none-eabi/5.4.1/../../../../arm-none-eabi/lib/armv7e-m/softfp\libm.a(lib_a-sf_copysign.o)
                0x1008ab90                copysignf
 .text          0x1008ab9c      0x110 d:/psoc creator/4.4/psoc creator/import/gnu/arm/5.4.1/bin/../lib/gcc/arm-none-eabi/5.4.1/armv7e-m/softfp\libgcc.a(_arm_cmpdf2.o)
                0x1008ab9c                __gtdf2
                0x1008ab9c                __gedf2
                0x1008aba4                __ltdf2
                0x1008aba4                __ledf2
                0x1008abac                __nedf2
                0x1008abac                __eqdf2
                0x1008abac                __cmpdf2
                0x1008ac28                __aeabi_cdrcmple
                0x1008ac38                __aeabi_cdcmpeq
                0x1008ac38                __aeabi_cdcmple
                0x1008ac48                __aeabi_dcmpeq
                0x1008ac5c                __aeabi_dcmplt
                0x1008ac70                __aeabi_dcmple
                0x1008ac84                __aeabi_dcmpge
                0x1008ac98                __aeabi_dcmpgt
 .text.__errno  0x1008acac        0xc d:/psoc creator/4.4/psoc creator/import/gnu/arm/5.4.1/bin/../lib/gcc/arm-none-eabi/5.4.1/../../../../arm-none-eabi/lib/armv7e-m/softfp\libc.a(lib_a-errno.o)
                0x1008acac                __errno
 *(.init)
 .init          0x1008acb8        0x4 d:/psoc creator/4.4/psoc creator/import/gnu/arm/5.4.1/bin/../lib/gcc/arm-none-eabi/5.4.1/armv7e-m/softfp/crti.o
                0x1008acb8                _init
 .init          0x1008acbc        0x8 d:/psoc creator/4.4/psoc creator/import/gnu/arm/5.4.1/bin/../lib/gcc/arm-none-eabi/5.4.1/armv7e-m/softfp/crtn.o
 *(.fini)
 .fini          0x1008acc4        0x4 d:/psoc creator/4.4/psoc creator/import/gnu/arm/5.4.1/bin/../lib/gcc/arm-none-eabi/5.4.1/armv7e-m/softfp/crti.o
                0x1008acc4                _fini
 .fini          0x1008acc8        0x8 d:/psoc creator/4.4/psoc creator/import/gnu/arm/5.4.1/bin/../lib/gcc/arm-none-eabi/5.4.1/armv7e-m/softfp/crtn.o
 *crtbegin.o(.ctors)
 *crtbegin?.o(.ctors)
 *(EXCLUDE_FILE(*crtend.o *crtend?.o) .ctors)
 *(SORT(.ctors.*))
 *(.ctors)
 *crtbegin.o(.dtors)
 *crtbegin?.o(.dtors)
 *(EXCLUDE_FILE(*crtend.o *crtend?.o) .dtors)
 *(SORT(.dtors.*))
 *(.dtors)
 *(.rodata .rodata.* .constdata .constdata.* .conststring .conststring.*)
 .rodata        0x1008acd0        0x8 .\CortexM4\ARM_GCC_541\Debug\main_cm4.o
 .rodata.str1.4
                0x1008acd8       0x91 .\CortexM4\ARM_GCC_541\Debug\main_cm4.o
 *fill*         0x1008ad69        0x3 
 .rodata        0x1008ad6c       0x34 .\CortexM4\ARM_GCC_541\Debug\system_psoc6_cm4.o
 .rodata        0x1008ada0        0xc .\CortexM4\ARM_GCC_541\Debug\pervasive_eink_hardware_driver.o